epoll server listening on port 8080 with backlog 4096 (server_fd=3, epoll_fd=4)
New client connected with client_fd = 5
Client disconnected (client_fd = 5)
New client connected with client_fd = 5
New client connected with client_fd = 6
New client connected with client_fd = 7
New client connected with client_fd = 8
New client connected with client_fd = 9
New client connected with client_fd = 10
New client connected with client_fd = 11
New client connected with client_fd = 12
New client connected with client_fd = 13
New client connected with client_fd = 14
New client connected with client_fd = 15
New client connected with client_fd = 16
New client connected with client_fd = 17
New client connected with client_fd = 18
New client connected with client_fd = 19
New client connected with client_fd = 20
New client connected with client_fd = 21
New client connected with client_fd = 22
New client connected with client_fd = 23
New client connected with client_fd = 24
New client connected with client_fd = 25
New client connected with client_fd = 26
New client connected with client_fd = 27
New client connected with client_fd = 28
New client connected with client_fd = 29
New client connected with client_fd = 30
New client connected with client_fd = 31
New client connected with client_fd = 32
New client connected with client_fd = 33
New client connected with client_fd = 34
New client connected with client_fd = 35
New client connected with client_fd = 36
New client connected with client_fd = 37
New client connected with client_fd = 38
New client connected with client_fd = 39
New client connected with client_fd = 40
New client connected with client_fd = 41
New client connected with client_fd = 42
New client connected with client_fd = 43
New client connected with client_fd = 44
New client connected with client_fd = 45
New client connected with client_fd = 46
New client connected with client_fd = 47
New client connected with client_fd = 48
New client connected with client_fd = 49
New client connected with client_fd = 50
New client connected with client_fd = 51
New client connected with client_fd = 52
New client connected with client_fd = 53
New client connected with client_fd = 54
New client connected with client_fd = 55
New client connected with client_fd = 56
New client connected with client_fd = 57
New client connected with client_fd = 58
New client connected with client_fd = 59
New client connected with client_fd = 60
New client connected with client_fd = 61
New client connected with client_fd = 62
New client connected with client_fd = 63
New client connected with client_fd = 64
New client connected with client_fd = 65
New client connected with client_fd = 66
New client connected with client_fd = 67
New client connected with client_fd = 68
New client connected with client_fd = 69
New client connected with client_fd = 70
New client connected with client_fd = 71
New client connected with client_fd = 72
New client connected with client_fd = 73
New client connected with client_fd = 74
New client connected with client_fd = 75
New client connected with client_fd = 76
New client connected with client_fd = 77
New client connected with client_fd = 78
New client connected with client_fd = 79
New client connected with client_fd = 80
New client connected with client_fd = 81
New client connected with client_fd = 82
New client connected with client_fd = 83
New client connected with client_fd = 84
New client connected with client_fd = 85
New client connected with client_fd = 86
New client connected with client_fd = 87
New client connected with client_fd = 88
New client connected with client_fd = 89
New client connected with client_fd = 90
New client connected with client_fd = 91
New client connected with client_fd = 92
New client connected with client_fd = 93
New client connected with client_fd = 94
New client connected with client_fd = 95
New client connected with client_fd = 96
New client connected with client_fd = 97
New client connected with client_fd = 98
New client connected with client_fd = 99
New client connected with client_fd = 100
New client connected with client_fd = 101
New client connected with client_fd = 102
New client connected with client_fd = 103
New client connected with client_fd = 104
New client connected with client_fd = 105
New client connected with client_fd = 106
New client connected with client_fd = 107
New client connected with client_fd = 108
New client connected with client_fd = 109
New client connected with client_fd = 110
New client connected with client_fd = 111
New client connected with client_fd = 112
New client connected with client_fd = 113
New client connected with client_fd = 114
New client connected with client_fd = 115
New client connected with client_fd = 116
New client connected with client_fd = 117
New client connected with client_fd = 118
New client connected with client_fd = 119
New client connected with client_fd = 120
New client connected with client_fd = 121
New client connected with client_fd = 122
New client connected with client_fd = 123
New client connected with client_fd = 124
New client connected with client_fd = 125
New client connected with client_fd = 126
New client connected with client_fd = 127
New client connected with client_fd = 128
New client connected with client_fd = 129
New client connected with client_fd = 130
New client connected with client_fd = 131
New client connected with client_fd = 132
New client connected with client_fd = 133
New client connected with client_fd = 134
New client connected with client_fd = 135
New client connected with client_fd = 136
New client connected with client_fd = 137
New client connected with client_fd = 138
New client connected with client_fd = 139
New client connected with client_fd = 140
New client connected with client_fd = 141
New client connected with client_fd = 142
New client connected with client_fd = 143
New client connected with client_fd = 144
New client connected with client_fd = 145
New client connected with client_fd = 146
New client connected with client_fd = 147
New client connected with client_fd = 148
New client connected with client_fd = 149
New client connected with client_fd = 150
New client connected with client_fd = 151
New client connected with client_fd = 152
New client connected with client_fd = 153
New client connected with client_fd = 154
New client connected with client_fd = 155
New client connected with client_fd = 156
New client connected with client_fd = 157
New client connected with client_fd = 158
New client connected with client_fd = 159
New client connected with client_fd = 160
New client connected with client_fd = 161
New client connected with client_fd = 162
New client connected with client_fd = 163
New client connected with client_fd = 164
New client connected with client_fd = 165
New client connected with client_fd = 166
New client connected with client_fd = 167
New client connected with client_fd = 168
New client connected with client_fd = 169
New client connected with client_fd = 170
New client connected with client_fd = 171
New client connected with client_fd = 172
New client connected with client_fd = 173
New client connected with client_fd = 174
New client connected with client_fd = 175
New client connected with client_fd = 176
New client connected with client_fd = 177
New client connected with client_fd = 178
New client connected with client_fd = 179
New client connected with client_fd = 180
New client connected with client_fd = 181
New client connected with client_fd = 182
New client connected with client_fd = 183
New client connected with client_fd = 184
New client connected with client_fd = 185
New client connected with client_fd = 186
New client connected with client_fd = 187
New client connected with client_fd = 188
New client connected with client_fd = 189
New client connected with client_fd = 190
New client connected with client_fd = 191
New client connected with client_fd = 192
New client connected with client_fd = 193
New client connected with client_fd = 194
New client connected with client_fd = 195
New client connected with client_fd = 196
New client connected with client_fd = 197
New client connected with client_fd = 198
New client connected with client_fd = 199
New client connected with client_fd = 200
New client connected with client_fd = 201
New client connected with client_fd = 202
New client connected with client_fd = 203
New client connected with client_fd = 204
New client connected with client_fd = 205
New client connected with client_fd = 206
New client connected with client_fd = 207
New client connected with client_fd = 208
New client connected with client_fd = 209
New client connected with client_fd = 210
New client connected with client_fd = 211
New client connected with client_fd = 212
New client connected with client_fd = 213
New client connected with client_fd = 214
New client connected with client_fd = 215
New client connected with client_fd = 216
New client connected with client_fd = 217
New client connected with client_fd = 218
New client connected with client_fd = 219
New client connected with client_fd = 220
New client connected with client_fd = 221
New client connected with client_fd = 222
New client connected with client_fd = 223
New client connected with client_fd = 224
New client connected with client_fd = 225
New client connected with client_fd = 226
New client connected with client_fd = 227
New client connected with client_fd = 228
New client connected with client_fd = 229
New client connected with client_fd = 230
New client connected with client_fd = 231
New client connected with client_fd = 232
New client connected with client_fd = 233
New client connected with client_fd = 234
New client connected with client_fd = 235
New client connected with client_fd = 236
New client connected with client_fd = 237
New client connected with client_fd = 238
New client connected with client_fd = 239
New client connected with client_fd = 240
New client connected with client_fd = 241
New client connected with client_fd = 242
New client connected with client_fd = 243
New client connected with client_fd = 244
New client connected with client_fd = 245
New client connected with client_fd = 246
New client connected with client_fd = 247
New client connected with client_fd = 248
New client connected with client_fd = 249
New client connected with client_fd = 250
New client connected with client_fd = 251
New client connected with client_fd = 252
New client connected with client_fd = 253
New client connected with client_fd = 254
New client connected with client_fd = 255
New client connected with client_fd = 256
New client connected with client_fd = 257
New client connected with client_fd = 258
New client connected with client_fd = 259
New client connected with client_fd = 260
New client connected with client_fd = 261
New client connected with client_fd = 262
New client connected with client_fd = 263
New client connected with client_fd = 264
New client connected with client_fd = 265
New client connected with client_fd = 266
New client connected with client_fd = 267
New client connected with client_fd = 268
New client connected with client_fd = 269
New client connected with client_fd = 270
New client connected with client_fd = 271
New client connected with client_fd = 272
New client connected with client_fd = 273
New client connected with client_fd = 274
New client connected with client_fd = 275
New client connected with client_fd = 276
New client connected with client_fd = 277
New client connected with client_fd = 278
New client connected with client_fd = 279
New client connected with client_fd = 280
New client connected with client_fd = 281
New client connected with client_fd = 282
New client connected with client_fd = 283
New client connected with client_fd = 284
New client connected with client_fd = 285
New client connected with client_fd = 286
New client connected with client_fd = 287
New client connected with client_fd = 288
New client connected with client_fd = 289
New client connected with client_fd = 290
New client connected with client_fd = 291
New client connected with client_fd = 292
New client connected with client_fd = 293
New client connected with client_fd = 294
New client connected with client_fd = 295
New client connected with client_fd = 296
New client connected with client_fd = 297
New client connected with client_fd = 298
New client connected with client_fd = 299
New client connected with client_fd = 300
New client connected with client_fd = 301
New client connected with client_fd = 302
New client connected with client_fd = 303
New client connected with client_fd = 304
New client connected with client_fd = 305
New client connected with client_fd = 306
New client connected with client_fd = 307
New client connected with client_fd = 308
New client connected with client_fd = 309
New client connected with client_fd = 310
New client connected with client_fd = 311
New client connected with client_fd = 312
New client connected with client_fd = 313
New client connected with client_fd = 314
New client connected with client_fd = 315
New client connected with client_fd = 316
New client connected with client_fd = 317
New client connected with client_fd = 318
New client connected with client_fd = 319
New client connected with client_fd = 320
New client connected with client_fd = 321
New client connected with client_fd = 322
New client connected with client_fd = 323
New client connected with client_fd = 324
New client connected with client_fd = 325
New client connected with client_fd = 326
New client connected with client_fd = 327
New client connected with client_fd = 328
New client connected with client_fd = 329
New client connected with client_fd = 330
New client connected with client_fd = 331
New client connected with client_fd = 332
New client connected with client_fd = 333
New client connected with client_fd = 334
New client connected with client_fd = 335
New client connected with client_fd = 336
New client connected with client_fd = 337
New client connected with client_fd = 338
New client connected with client_fd = 339
New client connected with client_fd = 340
New client connected with client_fd = 341
New client connected with client_fd = 342
New client connected with client_fd = 343
New client connected with client_fd = 344
New client connected with client_fd = 345
New client connected with client_fd = 346
New client connected with client_fd = 347
New client connected with client_fd = 348
New client connected with client_fd = 349
New client connected with client_fd = 350
New client connected with client_fd = 351
New client connected with client_fd = 352
New client connected with client_fd = 353
New client connected with client_fd = 354
New client connected with client_fd = 355
New client connected with client_fd = 356
New client connected with client_fd = 357
New client connected with client_fd = 358
New client connected with client_fd = 359
New client connected with client_fd = 360
New client connected with client_fd = 361
New client connected with client_fd = 362
New client connected with client_fd = 363
New client connected with client_fd = 364
New client connected with client_fd = 365
New client connected with client_fd = 366
New client connected with client_fd = 367
New client connected with client_fd = 368
New client connected with client_fd = 369
New client connected with client_fd = 370
New client connected with client_fd = 371
New client connected with client_fd = 372
New client connected with client_fd = 373
New client connected with client_fd = 374
New client connected with client_fd = 375
New client connected with client_fd = 376
New client connected with client_fd = 377
New client connected with client_fd = 378
New client connected with client_fd = 379
New client connected with client_fd = 380
New client connected with client_fd = 381
New client connected with client_fd = 382
New client connected with client_fd = 383
New client connected with client_fd = 384
New client connected with client_fd = 385
New client connected with client_fd = 386
New client connected with client_fd = 387
New client connected with client_fd = 388
New client connected with client_fd = 389
New client connected with client_fd = 390
New client connected with client_fd = 391
New client connected with client_fd = 392
New client connected with client_fd = 393
New client connected with client_fd = 394
New client connected with client_fd = 395
New client connected with client_fd = 396
New client connected with client_fd = 397
New client connected with client_fd = 398
New client connected with client_fd = 399
New client connected with client_fd = 400
New client connected with client_fd = 401
New client connected with client_fd = 402
New client connected with client_fd = 403
New client connected with client_fd = 404
New client connected with client_fd = 405
New client connected with client_fd = 406
New client connected with client_fd = 407
New client connected with client_fd = 408
New client connected with client_fd = 409
New client connected with client_fd = 410
New client connected with client_fd = 411
New client connected with client_fd = 412
New client connected with client_fd = 413
New client connected with client_fd = 414
New client connected with client_fd = 415
New client connected with client_fd = 416
New client connected with client_fd = 417
New client connected with client_fd = 418
New client connected with client_fd = 419
New client connected with client_fd = 420
New client connected with client_fd = 421
New client connected with client_fd = 422
New client connected with client_fd = 423
New client connected with client_fd = 424
New client connected with client_fd = 425
New client connected with client_fd = 426
New client connected with client_fd = 427
New client connected with client_fd = 428
New client connected with client_fd = 429
New client connected with client_fd = 430
New client connected with client_fd = 431
New client connected with client_fd = 432
New client connected with client_fd = 433
New client connected with client_fd = 434
New client connected with client_fd = 435
New client connected with client_fd = 436
New client connected with client_fd = 437
New client connected with client_fd = 438
New client connected with client_fd = 439
New client connected with client_fd = 440
New client connected with client_fd = 441
New client connected with client_fd = 442
New client connected with client_fd = 443
New client connected with client_fd = 444
New client connected with client_fd = 445
New client connected with client_fd = 446
New client connected with client_fd = 447
New client connected with client_fd = 448
New client connected with client_fd = 449
New client connected with client_fd = 450
New client connected with client_fd = 451
New client connected with client_fd = 452
New client connected with client_fd = 453
New client connected with client_fd = 454
New client connected with client_fd = 455
New client connected with client_fd = 456
New client connected with client_fd = 457
New client connected with client_fd = 458
New client connected with client_fd = 459
New client connected with client_fd = 460
New client connected with client_fd = 461
New client connected with client_fd = 462
New client connected with client_fd = 463
New client connected with client_fd = 464
New client connected with client_fd = 465
New client connected with client_fd = 466
New client connected with client_fd = 467
New client connected with client_fd = 468
New client connected with client_fd = 469
New client connected with client_fd = 470
New client connected with client_fd = 471
New client connected with client_fd = 472
New client connected with client_fd = 473
New client connected with client_fd = 474
New client connected with client_fd = 475
New client connected with client_fd = 476
New client connected with client_fd = 477
New client connected with client_fd = 478
New client connected with client_fd = 479
New client connected with client_fd = 480
New client connected with client_fd = 481
New client connected with client_fd = 482
New client connected with client_fd = 483
New client connected with client_fd = 484
New client connected with client_fd = 485
New client connected with client_fd = 486
New client connected with client_fd = 487
New client connected with client_fd = 488
New client connected with client_fd = 489
New client connected with client_fd = 490
New client csend failed: Connection reset by peer
send failed: Connection reset by peer
send failed: Connection reset by peer
send failed: Connection reset by peer
send failed: Connection reset by peer
send failed: Connection reset by peer
send failed: Connection reset by peer
send failed: Connection reset by peer
send failed: Connection reset by peer
send failed: Connection reset by peer
send failed: Connection reset by peer
send failed: Connection reset by peer
send failed: Connection reset by peer
send failed: Connection reset by peer
send failed: Connection reset by peer
send failed: Connection reset by peer
send failed: Connection reset by peer
send failed: Connection reset by peer
send failed: Connection reset by peer
send failed: Connection reset by peer
send failed: Connection reset by peer
send failed: Connection reset by peer
send failed: Connection reset by peer
send failed: Connection reset by peer
send failed: Connection reset by peer
send failed: Connection reset by peer
send failed: Connection reset by peer
send failed: Connection reset by peer
send failed: Connection reset by peer
send failed: Connection reset by peer
send failed: Connection reset by peer
send failed: Connection reset by peer
send failed: Connection reset by peer
send failed: Connection reset by peer
send failed: Connection reset by peer
send failed: Connection reset by peer
send failed: Connection reset by peer
send failed: Connection reset by peer
send failed: Connection reset by peer
send failed: Connection reset by peer
send failed: Connection reset by peer
send failed: Connection reset by peer
send failed: Connection reset by peer
send failed: Connection reset by peer
send failed: Connection reset by peer
send failed: Connection reset by peer
send failed: Connection reset by peer
send failed: Connection reset by peer
send failed: Connection reset by peer
send failed: Connection reset by peer
send failed: Connection reset by peer
send failed: Connection reset by peer
send failed: Connection reset by peer
send failed: Connection reset by peer
send failed: Connection reset by peer
send failed: Connection reset by peer
send failed: Connection reset by peer
send failed: Connection reset by peer
send failed: Connection reset by peer
send failed: Connection reset by peer
send failed: Connection reset by peer
send failed: Connection reset by peer
send failed: Connection reset by peer
send failed: Connection reset by peer
send failed: Connection reset by peer
send failed: Connection reset by peer
send failed: Connection reset by peer
