% time     seconds  usecs/call     calls    errors syscall
------ ----------- ----------- --------- --------- ----------------
 53.75    0.931948          26     35202           sendto
 40.82    0.707675          20     35203           recvfrom
  1.65    0.028600           2     10052           fcntl
  1.51    0.026257           5      5028         3 accept
  1.34    0.023292        2117        11           ppoll
  0.72    0.012528           2      5026           setsockopt
  0.11    0.001964          28        69           write
  0.05    0.000808           5       160           brk
  0.04    0.000666           4       157           madvise
  0.00    0.000000           0         1         1 faccessat
  0.00    0.000000           0         2           openat
  0.00    0.000000           0         3           close
  0.00    0.000000           0         1           read
  0.00    0.000000           0         3           fstat
  0.00    0.000000           0         1           set_tid_address
  0.00    0.000000           0         1           set_robust_list
  0.00    0.000000           0         1           rt_sigaction
  0.00    0.000000           0         1           socket
  0.00    0.000000           0         1           bind
  0.00    0.000000           0         1           listen
  0.00    0.000000           0         3           munmap
  0.00    0.000000           0         1           execve
  0.00    0.000000           0         8           mmap
  0.00    0.000000           0         4           mprotect
  0.00    0.000000           0         1           prlimit64
  0.00    0.000000           0         1           getrandom
  0.00    0.000000           0         1           rseq
------ ----------- ----------- --------- --------- ----------------
100.00    1.733738          19     90943         4 total
