Linux 7.0.0-31-generic (ubuntu-vm) 	09/10/2026 	_aarch64_	(4 CPU)

07:10:13 PM   UID       PID    %usr %system  %guest   %wait    %CPU   CPU  Command
07:10:14 PM  1000     13228    0.00    0.99    0.00    0.00    0.99     1  server_iouring

07:10:13 PM   UID       PID   cswch/s nvcswch/s  Command
07:10:14 PM  1000     13228    267.33      2.97  server_iouring

07:10:14 PM   UID       PID    %usr %system  %guest   %wait    %CPU   CPU  Command
07:10:15 PM  1000     13228    0.00    0.00    0.00    0.00    0.00     1  server_iouring

07:10:14 PM   UID       PID   cswch/s nvcswch/s  Command
07:10:15 PM  1000     13228      0.00      0.00  server_iouring

07:10:15 PM   UID       PID    %usr %system  %guest   %wait    %CPU   CPU  Command
07:10:16 PM  1000     13228    0.00    0.00    0.00    0.00    0.00     1  server_iouring

07:10:15 PM   UID       PID   cswch/s nvcswch/s  Command
07:10:16 PM  1000     13228      0.00      0.00  server_iouring

07:10:16 PM   UID       PID    %usr %system  %guest   %wait    %CPU   CPU  Command
07:10:17 PM  1000     13228    0.00    0.00    0.00    0.00    0.00     1  server_iouring

07:10:16 PM   UID       PID   cswch/s nvcswch/s  Command
07:10:17 PM  1000     13228      0.00      0.00  server_iouring

07:10:17 PM   UID       PID    %usr %system  %guest   %wait    %CPU   CPU  Command
07:10:18 PM  1000     13228    0.00    0.00    0.00    0.00    0.00     1  server_iouring

07:10:17 PM   UID       PID   cswch/s nvcswch/s  Command
07:10:18 PM  1000     13228      0.00      0.00  server_iouring

07:10:18 PM   UID       PID    %usr %system  %guest   %wait    %CPU   CPU  Command
07:10:19 PM  1000     13228    0.00    0.00    0.00    0.00    0.00     1  server_iouring

07:10:18 PM   UID       PID   cswch/s nvcswch/s  Command
07:10:19 PM  1000     13228      0.00      0.00  server_iouring

07:10:19 PM   UID       PID    %usr %system  %guest   %wait    %CPU   CPU  Command
07:10:20 PM  1000     13228    0.00    0.00    0.00    0.00    0.00     1  server_iouring

07:10:19 PM   UID       PID   cswch/s nvcswch/s  Command
07:10:20 PM  1000     13228      0.00      0.00  server_iouring

07:10:20 PM   UID       PID    %usr %system  %guest   %wait    %CPU   CPU  Command
07:10:21 PM  1000     13228    0.00    0.00    0.00    0.00    0.00     1  server_iouring

07:10:20 PM   UID       PID   cswch/s nvcswch/s  Command
07:10:21 PM  1000     13228      0.00      0.00  server_iouring

07:10:21 PM   UID       PID    %usr %system  %guest   %wait    %CPU   CPU  Command
07:10:22 PM  1000     13228    0.00    0.00    0.00    0.00    0.00     1  server_iouring

07:10:21 PM   UID       PID   cswch/s nvcswch/s  Command
07:10:22 PM  1000     13228      0.00      0.00  server_iouring

07:10:22 PM   UID       PID    %usr %system  %guest   %wait    %CPU   CPU  Command
07:10:23 PM  1000     13228    0.00    0.00    0.00    0.00    0.00     1  server_iouring

07:10:22 PM   UID       PID   cswch/s nvcswch/s  Command
07:10:23 PM  1000     13228      0.00      0.00  server_iouring


Average:      UID       PID    %usr %system  %guest   %wait    %CPU   CPU  Command
Average:     1000     13228    0.00    0.10    0.00    0.00    0.10     -  server_iouring

Average:      UID       PID   cswch/s nvcswch/s  Command
Average:     1000     13228     26.97      0.30  server_iouring
