Linux 7.0.0-31-generic (ubuntu-vm) 	09/10/2026 	_aarch64_	(4 CPU)

07:06:13 PM   UID       PID    %usr %system  %guest   %wait    %CPU   CPU  Command
07:06:14 PM  1000     12545    0.00    1.00    0.00    0.00    1.00     1  server_epoll

07:06:13 PM   UID       PID   cswch/s nvcswch/s  Command
07:06:14 PM  1000     12545    198.00      2.00  server_epoll

07:06:14 PM   UID       PID    %usr %system  %guest   %wait    %CPU   CPU  Command
07:06:15 PM  1000     12545    0.00    0.00    0.00    0.00    0.00     1  server_epoll

07:06:14 PM   UID       PID   cswch/s nvcswch/s  Command
07:06:15 PM  1000     12545      0.00      0.00  server_epoll

07:06:15 PM   UID       PID    %usr %system  %guest   %wait    %CPU   CPU  Command
07:06:16 PM  1000     12545    0.00    0.00    0.00    0.00    0.00     1  server_epoll

07:06:15 PM   UID       PID   cswch/s nvcswch/s  Command
07:06:16 PM  1000     12545      0.00      0.00  server_epoll

07:06:16 PM   UID       PID    %usr %system  %guest   %wait    %CPU   CPU  Command
07:06:17 PM  1000     12545    0.00    0.00    0.00    0.00    0.00     1  server_epoll

07:06:16 PM   UID       PID   cswch/s nvcswch/s  Command
07:06:17 PM  1000     12545      0.00      0.00  server_epoll

07:06:17 PM   UID       PID    %usr %system  %guest   %wait    %CPU   CPU  Command
07:06:18 PM  1000     12545    0.00    0.00    0.00    0.00    0.00     1  server_epoll

07:06:17 PM   UID       PID   cswch/s nvcswch/s  Command
07:06:18 PM  1000     12545      0.00      0.00  server_epoll

07:06:18 PM   UID       PID    %usr %system  %guest   %wait    %CPU   CPU  Command
07:06:19 PM  1000     12545    0.00    0.00    0.00    0.00    0.00     1  server_epoll

07:06:18 PM   UID       PID   cswch/s nvcswch/s  Command
07:06:19 PM  1000     12545      0.00      0.00  server_epoll

07:06:19 PM   UID       PID    %usr %system  %guest   %wait    %CPU   CPU  Command
07:06:20 PM  1000     12545    0.00    0.00    0.00    0.00    0.00     1  server_epoll

07:06:19 PM   UID       PID   cswch/s nvcswch/s  Command
07:06:20 PM  1000     12545      0.00      0.00  server_epoll

07:06:20 PM   UID       PID    %usr %system  %guest   %wait    %CPU   CPU  Command
07:06:21 PM  1000     12545    0.00    0.00    0.00    0.00    0.00     1  server_epoll

07:06:20 PM   UID       PID   cswch/s nvcswch/s  Command
07:06:21 PM  1000     12545      0.00      0.00  server_epoll

07:06:21 PM   UID       PID    %usr %system  %guest   %wait    %CPU   CPU  Command
07:06:22 PM  1000     12545    0.00    0.00    0.00    0.00    0.00     1  server_epoll

07:06:21 PM   UID       PID   cswch/s nvcswch/s  Command
07:06:22 PM  1000     12545      0.00      0.00  server_epoll

07:06:22 PM   UID       PID    %usr %system  %guest   %wait    %CPU   CPU  Command
07:06:23 PM  1000     12545    0.00    0.00    0.00    0.00    0.00     1  server_epoll

07:06:22 PM   UID       PID   cswch/s nvcswch/s  Command
07:06:23 PM  1000     12545      0.00      0.00  server_epoll


Average:      UID       PID    %usr %system  %guest   %wait    %CPU   CPU  Command
Average:     1000     12545    0.00    0.10    0.00    0.00    0.10     -  server_epoll

Average:      UID       PID   cswch/s nvcswch/s  Command
Average:     1000     12545     19.78      0.20  server_epoll
