Linux 7.0.0-31-generic (ubuntu-vm) 	09/10/2026 	_aarch64_	(4 CPU)

06:58:26 PM   UID       PID    %usr %system  %guest   %wait    %CPU   CPU  Command
06:58:27 PM  1000     11178    0.00    2.00    0.00    0.00    2.00     3  server_select

06:58:26 PM   UID       PID   cswch/s nvcswch/s  Command
06:58:27 PM  1000     11178     94.00      2.00  server_select

06:58:27 PM   UID       PID    %usr %system  %guest   %wait    %CPU   CPU  Command
06:58:28 PM  1000     11178    0.00    0.00    0.00    0.00    0.00     3  server_select

06:58:27 PM   UID       PID   cswch/s nvcswch/s  Command
06:58:28 PM  1000     11178      0.00      0.00  server_select

06:58:28 PM   UID       PID    %usr %system  %guest   %wait    %CPU   CPU  Command
06:58:29 PM  1000     11178    0.00    0.00    0.00    0.00    0.00     3  server_select

06:58:28 PM   UID       PID   cswch/s nvcswch/s  Command
06:58:29 PM  1000     11178      0.00      0.00  server_select

06:58:29 PM   UID       PID    %usr %system  %guest   %wait    %CPU   CPU  Command
06:58:30 PM  1000     11178    0.00    0.00    0.00    0.00    0.00     3  server_select

06:58:29 PM   UID       PID   cswch/s nvcswch/s  Command
06:58:30 PM  1000     11178      0.00      0.00  server_select

06:58:30 PM   UID       PID    %usr %system  %guest   %wait    %CPU   CPU  Command
06:58:31 PM  1000     11178    0.00    0.00    0.00    0.00    0.00     3  server_select

06:58:30 PM   UID       PID   cswch/s nvcswch/s  Command
06:58:31 PM  1000     11178      0.00      0.00  server_select

06:58:31 PM   UID       PID    %usr %system  %guest   %wait    %CPU   CPU  Command
06:58:32 PM  1000     11178    0.00    0.00    0.00    0.00    0.00     3  server_select

06:58:31 PM   UID       PID   cswch/s nvcswch/s  Command
06:58:32 PM  1000     11178      0.00      0.00  server_select

06:58:32 PM   UID       PID    %usr %system  %guest   %wait    %CPU   CPU  Command
06:58:33 PM  1000     11178    0.00    0.00    0.00    0.00    0.00     3  server_select

06:58:32 PM   UID       PID   cswch/s nvcswch/s  Command
06:58:33 PM  1000     11178      0.00      0.00  server_select

06:58:33 PM   UID       PID    %usr %system  %guest   %wait    %CPU   CPU  Command
06:58:34 PM  1000     11178    0.00    0.00    0.00    0.00    0.00     3  server_select

06:58:33 PM   UID       PID   cswch/s nvcswch/s  Command
06:58:34 PM  1000     11178      0.00      0.00  server_select

06:58:34 PM   UID       PID    %usr %system  %guest   %wait    %CPU   CPU  Command
06:58:35 PM  1000     11178    0.00    0.00    0.00    0.00    0.00     3  server_select

06:58:34 PM   UID       PID   cswch/s nvcswch/s  Command
06:58:35 PM  1000     11178      0.00      0.00  server_select

06:58:35 PM   UID       PID    %usr %system  %guest   %wait    %CPU   CPU  Command
06:58:36 PM  1000     11178    0.00    0.00    0.00    0.00    0.00     3  server_select

06:58:35 PM   UID       PID   cswch/s nvcswch/s  Command
06:58:36 PM  1000     11178      0.00      0.00  server_select


Average:      UID       PID    %usr %system  %guest   %wait    %CPU   CPU  Command
Average:     1000     11178    0.00    0.20    0.00    0.00    0.20     -  server_select

Average:      UID       PID   cswch/s nvcswch/s  Command
Average:     1000     11178      9.39      0.20  server_select
