Linux 7.0.0-31-generic (ubuntu-vm) 	09/10/2026 	_aarch64_	(4 CPU)

06:58:57 PM   UID       PID    %usr %system  %guest   %wait    %CPU   CPU  Command
06:58:58 PM  1000     11268    1.98   33.66    0.00    0.00   35.64     0  server_select

06:58:57 PM   UID       PID   cswch/s nvcswch/s  Command
06:58:58 PM  1000     11268    948.51     52.48  server_select

06:58:58 PM   UID       PID    %usr %system  %guest   %wait    %CPU   CPU  Command
06:58:59 PM  1000     11268    2.00   34.00    0.00    1.00   36.00     0  server_select

06:58:58 PM   UID       PID   cswch/s nvcswch/s  Command
06:58:59 PM  1000     11268    897.00     31.00  server_select

06:58:59 PM   UID       PID    %usr %system  %guest   %wait    %CPU   CPU  Command
06:59:00 PM  1000     11268    3.00   34.00    0.00    0.00   37.00     0  server_select

06:58:59 PM   UID       PID   cswch/s nvcswch/s  Command
06:59:00 PM  1000     11268    894.00     31.00  server_select

06:59:00 PM   UID       PID    %usr %system  %guest   %wait    %CPU   CPU  Command
06:59:01 PM  1000     11268    3.00   34.00    0.00    0.00   37.00     1  server_select

06:59:00 PM   UID       PID   cswch/s nvcswch/s  Command
06:59:01 PM  1000     11268    899.00     38.00  server_select

06:59:01 PM   UID       PID    %usr %system  %guest   %wait    %CPU   CPU  Command
06:59:02 PM  1000     11268    3.00   33.00    0.00    1.00   36.00     3  server_select

06:59:01 PM   UID       PID   cswch/s nvcswch/s  Command
06:59:02 PM  1000     11268    896.00     38.00  server_select

06:59:02 PM   UID       PID    %usr %system  %guest   %wait    %CPU   CPU  Command
06:59:03 PM  1000     11268    3.00   34.00    0.00    0.00   37.00     1  server_select

06:59:02 PM   UID       PID   cswch/s nvcswch/s  Command
06:59:03 PM  1000     11268    895.00     28.00  server_select

06:59:03 PM   UID       PID    %usr %system  %guest   %wait    %CPU   CPU  Command
06:59:04 PM  1000     11268    2.00   34.00    0.00    1.00   36.00     2  server_select

06:59:03 PM   UID       PID   cswch/s nvcswch/s  Command
06:59:04 PM  1000     11268    897.00     38.00  server_select

06:59:04 PM   UID       PID    %usr %system  %guest   %wait    %CPU   CPU  Command
06:59:05 PM  1000     11268    2.00   34.00    0.00    0.00   36.00     2  server_select

06:59:04 PM   UID       PID   cswch/s nvcswch/s  Command
06:59:05 PM  1000     11268    900.00     11.00  server_select

06:59:05 PM   UID       PID    %usr %system  %guest   %wait    %CPU   CPU  Command
06:59:06 PM  1000     11268    3.00   34.00    0.00    0.00   37.00     2  server_select

06:59:05 PM   UID       PID   cswch/s nvcswch/s  Command
06:59:06 PM  1000     11268    898.00     32.00  server_select

06:59:06 PM   UID       PID    %usr %system  %guest   %wait    %CPU   CPU  Command
06:59:07 PM  1000     11268    2.00   34.00    0.00    0.00   36.00     2  server_select

06:59:06 PM   UID       PID   cswch/s nvcswch/s  Command
06:59:07 PM  1000     11268    893.00     25.00  server_select


Average:      UID       PID    %usr %system  %guest   %wait    %CPU   CPU  Command
Average:     1000     11268    2.50   33.87    0.00    0.30   36.36     -  server_select

Average:      UID       PID   cswch/s nvcswch/s  Command
Average:     1000     11268    901.80     32.47  server_select
