Linux 7.0.0-31-generic (ubuntu-vm) 	09/10/2026 	_aarch64_	(4 CPU)

07:12:14 PM   UID       PID    %usr %system  %guest   %wait    %CPU   CPU  Command
07:12:15 PM  1000     13596    0.00    5.00    0.00   25.00    5.00     3  server_iouring

07:12:14 PM   UID       PID   cswch/s nvcswch/s  Command
07:12:15 PM  1000     13596   1804.00     14.00  server_iouring

07:12:15 PM   UID       PID    %usr %system  %guest   %wait    %CPU   CPU  Command
07:12:16 PM  1000     13596    0.00    2.00    0.00   43.00    2.00     3  server_iouring

07:12:15 PM   UID       PID   cswch/s nvcswch/s  Command
07:12:16 PM  1000     13596   1360.00      0.00  server_iouring

07:12:16 PM   UID       PID    %usr %system  %guest   %wait    %CPU   CPU  Command
07:12:17 PM  1000     13596    0.00    2.00    0.00   42.00    2.00     3  server_iouring

07:12:16 PM   UID       PID   cswch/s nvcswch/s  Command
07:12:17 PM  1000     13596   1312.00      1.00  server_iouring

07:12:17 PM   UID       PID    %usr %system  %guest   %wait    %CPU   CPU  Command
07:12:18 PM  1000     13596    0.00    3.00    0.00   40.00    3.00     0  server_iouring

07:12:17 PM   UID       PID   cswch/s nvcswch/s  Command
07:12:18 PM  1000     13596   1377.00     70.00  server_iouring

07:12:18 PM   UID       PID    %usr %system  %guest   %wait    %CPU   CPU  Command
07:12:19 PM  1000     13596    0.00    2.97    0.00   43.56    2.97     1  server_iouring

07:12:18 PM   UID       PID   cswch/s nvcswch/s  Command
07:12:19 PM  1000     13596   1350.50    182.18  server_iouring

07:12:19 PM   UID       PID    %usr %system  %guest   %wait    %CPU   CPU  Command
07:12:20 PM  1000     13596    1.00    3.00    0.00   43.00    4.00     0  server_iouring

07:12:19 PM   UID       PID   cswch/s nvcswch/s  Command
07:12:20 PM  1000     13596   1332.00    774.00  server_iouring

07:12:20 PM   UID       PID    %usr %system  %guest   %wait    %CPU   CPU  Command
07:12:21 PM  1000     13596    1.00    2.00    0.00   42.00    3.00     3  server_iouring

07:12:20 PM   UID       PID   cswch/s nvcswch/s  Command
07:12:21 PM  1000     13596   1333.00      2.00  server_iouring

07:12:21 PM   UID       PID    %usr %system  %guest   %wait    %CPU   CPU  Command
07:12:22 PM  1000     13596    0.00    3.00    0.00   34.00    3.00     0  server_iouring

07:12:21 PM   UID       PID   cswch/s nvcswch/s  Command
07:12:22 PM  1000     13596   1012.00      2.00  server_iouring

07:12:22 PM   UID       PID    %usr %system  %guest   %wait    %CPU   CPU  Command
07:12:23 PM  1000     13596    0.00    3.00    0.00   36.00    3.00     0  server_iouring

07:12:22 PM   UID       PID   cswch/s nvcswch/s  Command
07:12:23 PM  1000     13596   1116.00      1.00  server_iouring

07:12:23 PM   UID       PID    %usr %system  %guest   %wait    %CPU   CPU  Command
07:12:24 PM  1000     13596    0.00    3.00    0.00   43.00    3.00     2  server_iouring

07:12:23 PM   UID       PID   cswch/s nvcswch/s  Command
07:12:24 PM  1000     13596   1272.00    424.00  server_iouring

07:12:24 PM   UID       PID    %usr %system  %guest   %wait    %CPU   CPU  Command
07:12:25 PM  1000     13596    1.00    7.00    0.00   18.00    8.00     2  server_iouring

07:12:24 PM   UID       PID   cswch/s nvcswch/s  Command
07:12:25 PM  1000     13596    471.00   1198.00  server_iouring

07:12:25 PM   UID       PID    %usr %system  %guest   %wait    %CPU   CPU  Command
07:12:26 PM  1000     13596    0.00    0.00    0.00    0.00    0.00     2  server_iouring

07:12:25 PM   UID       PID   cswch/s nvcswch/s  Command
07:12:26 PM  1000     13596      0.00      0.00  server_iouring


Average:      UID       PID    %usr %system  %guest   %wait    %CPU   CPU  Command
Average:     1000     13596    0.25    3.00    0.00   34.14    3.25     -  server_iouring

Average:      UID       PID   cswch/s nvcswch/s  Command
Average:     1000     13596   1145.13    222.31  server_iouring
