Linux 7.0.0-31-generic (ubuntu-vm) 	09/10/2026 	_aarch64_	(4 CPU)

07:00:20 PM   UID       PID    %usr %system  %guest   %wait    %CPU   CPU  Command
07:00:21 PM  1000     11503    2.00   34.00    0.00    1.00   36.00     1  server_select

07:00:20 PM   UID       PID   cswch/s nvcswch/s  Command
07:00:21 PM  1000     11503    888.00     82.00  server_select

07:00:21 PM   UID       PID    %usr %system  %guest   %wait    %CPU   CPU  Command
07:00:22 PM  1000     11503    3.00   33.00    0.00    0.00   36.00     2  server_select

07:00:21 PM   UID       PID   cswch/s nvcswch/s  Command
07:00:22 PM  1000     11503    899.00     41.00  server_select

07:00:22 PM   UID       PID    %usr %system  %guest   %wait    %CPU   CPU  Command
07:00:23 PM  1000     11503    2.00   35.00    0.00    1.00   37.00     1  server_select

07:00:22 PM   UID       PID   cswch/s nvcswch/s  Command
07:00:23 PM  1000     11503    901.00     28.00  server_select

07:00:23 PM   UID       PID    %usr %system  %guest   %wait    %CPU   CPU  Command
07:00:24 PM  1000     11503    2.00   33.00    0.00    0.00   35.00     2  server_select

07:00:23 PM   UID       PID   cswch/s nvcswch/s  Command
07:00:24 PM  1000     11503    897.00     17.00  server_select

07:00:24 PM   UID       PID    %usr %system  %guest   %wait    %CPU   CPU  Command
07:00:25 PM  1000     11503    3.00   34.00    0.00    0.00   37.00     1  server_select

07:00:24 PM   UID       PID   cswch/s nvcswch/s  Command
07:00:25 PM  1000     11503    896.00     19.00  server_select

07:00:25 PM   UID       PID    %usr %system  %guest   %wait    %CPU   CPU  Command
07:00:26 PM  1000     11503    2.00   34.00    0.00    2.00   36.00     2  server_select

07:00:25 PM   UID       PID   cswch/s nvcswch/s  Command
07:00:26 PM  1000     11503    883.00     32.00  server_select

07:00:26 PM   UID       PID    %usr %system  %guest   %wait    %CPU   CPU  Command
07:00:27 PM  1000     11503    3.00   33.00    0.00    1.00   36.00     1  server_select

07:00:26 PM   UID       PID   cswch/s nvcswch/s  Command
07:00:27 PM  1000     11503    899.00     25.00  server_select

07:00:27 PM   UID       PID    %usr %system  %guest   %wait    %CPU   CPU  Command
07:00:28 PM  1000     11503    3.00   34.00    0.00    0.00   37.00     2  server_select

07:00:27 PM   UID       PID   cswch/s nvcswch/s  Command
07:00:28 PM  1000     11503    897.00     28.00  server_select

07:00:28 PM   UID       PID    %usr %system  %guest   %wait    %CPU   CPU  Command
07:00:29 PM  1000     11503    1.00   34.00    0.00    0.00   35.00     1  server_select

07:00:28 PM   UID       PID   cswch/s nvcswch/s  Command
07:00:29 PM  1000     11503    897.00     26.00  server_select

07:00:29 PM   UID       PID    %usr %system  %guest   %wait    %CPU   CPU  Command
07:00:30 PM  1000     11503    2.00   34.00    0.00    1.00   36.00     2  server_select

07:00:29 PM   UID       PID   cswch/s nvcswch/s  Command
07:00:30 PM  1000     11503    898.00     22.00  server_select


Average:      UID       PID    %usr %system  %guest   %wait    %CPU   CPU  Command
Average:     1000     11503    2.30   33.80    0.00    0.60   36.10     -  server_select

Average:      UID       PID   cswch/s nvcswch/s  Command
Average:     1000     11503    895.50     32.00  server_select
