Linux 7.0.0-31-generic (ubuntu-vm) 	09/10/2026 	_aarch64_	(4 CPU)

07:05:42 PM   UID       PID    %usr %system  %guest   %wait    %CPU   CPU  Command
07:05:43 PM  1000     12441    0.00    0.00    0.00    0.00    0.00     0  server_epoll

07:05:42 PM   UID       PID   cswch/s nvcswch/s  Command
07:05:43 PM  1000     12441     17.00      0.00  server_epoll

07:05:43 PM   UID       PID    %usr %system  %guest   %wait    %CPU   CPU  Command
07:05:44 PM  1000     12441    0.00    0.00    0.00    0.00    0.00     0  server_epoll

07:05:43 PM   UID       PID   cswch/s nvcswch/s  Command
07:05:44 PM  1000     12441      0.00      0.00  server_epoll

07:05:44 PM   UID       PID    %usr %system  %guest   %wait    %CPU   CPU  Command
07:05:45 PM  1000     12441    0.00    0.00    0.00    0.00    0.00     0  server_epoll

07:05:44 PM   UID       PID   cswch/s nvcswch/s  Command
07:05:45 PM  1000     12441      0.00      0.00  server_epoll

07:05:45 PM   UID       PID    %usr %system  %guest   %wait    %CPU   CPU  Command
07:05:46 PM  1000     12441    0.00    0.00    0.00    0.00    0.00     0  server_epoll

07:05:45 PM   UID       PID   cswch/s nvcswch/s  Command
07:05:46 PM  1000     12441      0.00      0.00  server_epoll

07:05:46 PM   UID       PID    %usr %system  %guest   %wait    %CPU   CPU  Command
07:05:47 PM  1000     12441    0.00    0.00    0.00    0.00    0.00     0  server_epoll

07:05:46 PM   UID       PID   cswch/s nvcswch/s  Command
07:05:47 PM  1000     12441      0.00      0.00  server_epoll

07:05:47 PM   UID       PID    %usr %system  %guest   %wait    %CPU   CPU  Command
07:05:48 PM  1000     12441    0.00    0.00    0.00    0.00    0.00     0  server_epoll

07:05:47 PM   UID       PID   cswch/s nvcswch/s  Command
07:05:48 PM  1000     12441      0.00      0.00  server_epoll

07:05:48 PM   UID       PID    %usr %system  %guest   %wait    %CPU   CPU  Command
07:05:49 PM  1000     12441    0.00    0.00    0.00    0.00    0.00     0  server_epoll

07:05:48 PM   UID       PID   cswch/s nvcswch/s  Command
07:05:49 PM  1000     12441      0.00      0.00  server_epoll

07:05:49 PM   UID       PID    %usr %system  %guest   %wait    %CPU   CPU  Command
07:05:50 PM  1000     12441    0.00    0.00    0.00    0.00    0.00     0  server_epoll

07:05:49 PM   UID       PID   cswch/s nvcswch/s  Command
07:05:50 PM  1000     12441      0.00      0.00  server_epoll

07:05:50 PM   UID       PID    %usr %system  %guest   %wait    %CPU   CPU  Command
07:05:51 PM  1000     12441    0.00    0.00    0.00    0.00    0.00     0  server_epoll

07:05:50 PM   UID       PID   cswch/s nvcswch/s  Command
07:05:51 PM  1000     12441      0.00      0.00  server_epoll


Average:      UID       PID    %usr %system  %guest   %wait    %CPU   CPU  Command
Average:     1000     12441    0.00    0.00    0.00    0.00    0.00     -  server_epoll

Average:      UID       PID   cswch/s nvcswch/s  Command
Average:     1000     12441      1.88      0.00  server_epoll
