Linux 7.0.0-31-generic (ubuntu-vm) 	09/10/2026 	_aarch64_	(4 CPU)

07:04:32 PM   UID       PID    %usr %system  %guest   %wait    %CPU   CPU  Command
07:04:33 PM  1000     12253    0.00   55.00    0.00    0.00   55.00     1  server_poll

07:04:32 PM   UID       PID   cswch/s nvcswch/s  Command
07:04:33 PM  1000     12253    353.00      7.00  server_poll

07:04:33 PM   UID       PID    %usr %system  %guest   %wait    %CPU   CPU  Command
07:04:34 PM  1000     12253    0.00    0.00    0.00    0.00    0.00     1  server_poll

07:04:33 PM   UID       PID   cswch/s nvcswch/s  Command
07:04:34 PM  1000     12253      0.00      0.00  server_poll

07:04:34 PM   UID       PID    %usr %system  %guest   %wait    %CPU   CPU  Command
07:04:35 PM  1000     12253    0.00    0.00    0.00    0.00    0.00     1  server_poll

07:04:34 PM   UID       PID   cswch/s nvcswch/s  Command
07:04:35 PM  1000     12253      0.00      0.00  server_poll

07:04:35 PM   UID       PID    %usr %system  %guest   %wait    %CPU   CPU  Command
07:04:36 PM  1000     12253    0.00    0.00    0.00    0.00    0.00     1  server_poll

07:04:35 PM   UID       PID   cswch/s nvcswch/s  Command
07:04:36 PM  1000     12253      0.00      0.00  server_poll

07:04:36 PM   UID       PID    %usr %system  %guest   %wait    %CPU   CPU  Command
07:04:37 PM  1000     12253    0.00    0.00    0.00    0.00    0.00     1  server_poll

07:04:36 PM   UID       PID   cswch/s nvcswch/s  Command
07:04:37 PM  1000     12253      0.00      0.00  server_poll

07:04:37 PM   UID       PID    %usr %system  %guest   %wait    %CPU   CPU  Command
07:04:38 PM  1000     12253    0.00    0.00    0.00    0.00    0.00     1  server_poll

07:04:37 PM   UID       PID   cswch/s nvcswch/s  Command
07:04:38 PM  1000     12253      0.00      0.00  server_poll

07:04:38 PM   UID       PID    %usr %system  %guest   %wait    %CPU   CPU  Command
07:04:39 PM  1000     12253    0.00    0.00    0.00    0.00    0.00     1  server_poll

07:04:38 PM   UID       PID   cswch/s nvcswch/s  Command
07:04:39 PM  1000     12253      0.00      0.00  server_poll

07:04:39 PM   UID       PID    %usr %system  %guest   %wait    %CPU   CPU  Command
07:04:40 PM  1000     12253    0.00    0.00    0.00    0.00    0.00     1  server_poll

07:04:39 PM   UID       PID   cswch/s nvcswch/s  Command
07:04:40 PM  1000     12253      0.00      0.00  server_poll

07:04:40 PM   UID       PID    %usr %system  %guest   %wait    %CPU   CPU  Command
07:04:41 PM  1000     12253    0.00    0.00    0.00    0.00    0.00     1  server_poll

07:04:40 PM   UID       PID   cswch/s nvcswch/s  Command
07:04:41 PM  1000     12253      0.00      0.00  server_poll

07:04:41 PM   UID       PID    %usr %system  %guest   %wait    %CPU   CPU  Command
07:04:42 PM  1000     12253    0.00    0.00    0.00    0.00    0.00     1  server_poll

07:04:41 PM   UID       PID   cswch/s nvcswch/s  Command
07:04:42 PM  1000     12253      0.00      0.00  server_poll


Average:      UID       PID    %usr %system  %guest   %wait    %CPU   CPU  Command
Average:     1000     12253    0.00    5.48    0.00    0.00    5.48     -  server_poll

Average:      UID       PID   cswch/s nvcswch/s  Command
Average:     1000     12253     35.19      0.70  server_poll
