Linux 7.0.0-31-generic (ubuntu-vm) 	09/10/2026 	_aarch64_	(4 CPU)

07:05:07 PM   UID       PID    %usr %system  %guest   %wait    %CPU   CPU  Command
07:05:08 PM  1000     12345    0.00   76.00    0.00    5.00   76.00     0  server_poll

07:05:07 PM   UID       PID   cswch/s nvcswch/s  Command
07:05:08 PM  1000     12345    344.00     42.00  server_poll

07:05:08 PM   UID       PID    %usr %system  %guest   %wait    %CPU   CPU  Command
07:05:09 PM  1000     12345    0.00   58.42    0.00   40.59   58.42     0  server_poll

07:05:08 PM   UID       PID   cswch/s nvcswch/s  Command
07:05:09 PM  1000     12345      0.99    146.53  server_poll

07:05:09 PM   UID       PID    %usr %system  %guest   %wait    %CPU   CPU  Command
07:05:10 PM  1000     12345    0.00   70.00    0.00   29.00   70.00     1  server_poll

07:05:09 PM   UID       PID   cswch/s nvcswch/s  Command
07:05:10 PM  1000     12345      0.00    230.00  server_poll

07:05:10 PM   UID       PID    %usr %system  %guest   %wait    %CPU   CPU  Command
07:05:11 PM  1000     12345    1.00   98.00    0.00    3.00   99.00     1  server_poll

07:05:10 PM   UID       PID   cswch/s nvcswch/s  Command
07:05:11 PM  1000     12345      0.00   1373.00  server_poll

07:05:11 PM   UID       PID    %usr %system  %guest   %wait    %CPU   CPU  Command
07:05:12 PM  1000     12345    0.00   88.00    0.00   11.00   88.00     2  server_poll

07:05:11 PM   UID       PID   cswch/s nvcswch/s  Command
07:05:12 PM  1000     12345      0.00    245.00  server_poll

07:05:12 PM   UID       PID    %usr %system  %guest   %wait    %CPU   CPU  Command
07:05:13 PM  1000     12345    0.00   80.00    0.00   20.00   80.00     1  server_poll

07:05:12 PM   UID       PID   cswch/s nvcswch/s  Command
07:05:13 PM  1000     12345      0.00    179.00  server_poll

07:05:13 PM   UID       PID    %usr %system  %guest   %wait    %CPU   CPU  Command
07:05:14 PM  1000     12345    1.00   69.00    0.00   26.00   70.00     3  server_poll

07:05:13 PM   UID       PID   cswch/s nvcswch/s  Command
07:05:14 PM  1000     12345      1.00    605.00  server_poll

07:05:14 PM   UID       PID    %usr %system  %guest   %wait    %CPU   CPU  Command
07:05:15 PM  1000     12345    0.00    0.00    0.00    0.00    0.00     3  server_poll

07:05:14 PM   UID       PID   cswch/s nvcswch/s  Command
07:05:15 PM  1000     12345      0.00      0.00  server_poll

07:05:15 PM   UID       PID    %usr %system  %guest   %wait    %CPU   CPU  Command
07:05:16 PM  1000     12345    0.00    0.00    0.00    0.00    0.00     3  server_poll

07:05:15 PM   UID       PID   cswch/s nvcswch/s  Command
07:05:16 PM  1000     12345      0.00      0.00  server_poll

07:05:16 PM   UID       PID    %usr %system  %guest   %wait    %CPU   CPU  Command
07:05:17 PM  1000     12345    0.00    0.00    0.00    0.00    0.00     3  server_poll

07:05:16 PM   UID       PID   cswch/s nvcswch/s  Command
07:05:17 PM  1000     12345      0.00      0.00  server_poll

07:05:17 PM   UID       PID    %usr %system  %guest   %wait    %CPU   CPU  Command
07:05:18 PM  1000     12345    0.00    0.00    0.00    0.00    0.00     3  server_poll

07:05:17 PM   UID       PID   cswch/s nvcswch/s  Command
07:05:18 PM  1000     12345      0.00      0.00  server_poll

07:05:18 PM   UID       PID    %usr %system  %guest   %wait    %CPU   CPU  Command
07:05:19 PM  1000     12345    0.00    0.00    0.00    0.00    0.00     3  server_poll

07:05:18 PM   UID       PID   cswch/s nvcswch/s  Command
07:05:19 PM  1000     12345      0.00      0.00  server_poll


Average:      UID       PID    %usr %system  %guest   %wait    %CPU   CPU  Command
Average:     1000     12345    0.17   44.93    0.00   11.23   45.09     -  server_poll

Average:      UID       PID   cswch/s nvcswch/s  Command
Average:     1000     12345     28.79    234.78  server_poll
