% time     seconds  usecs/call     calls    errors syscall
------ ----------- ----------- --------- --------- ----------------
 99.59    8.460291        1673      5056           io_uring_enter
  0.35    0.029447          11      2527           setsockopt
  0.02    0.002056          68        30           write
  0.02    0.001864          21        86           brk
  0.01    0.001253          15        83           madvise
  0.00    0.000000           0         2           fcntl
  0.00    0.000000           0         1         1 faccessat
  0.00    0.000000           0         2           openat
  0.00    0.000000           0         2           close
  0.00    0.000000           0         1           read
  0.00    0.000000           0         3           fstat
  0.00    0.000000           0         1           set_tid_address
  0.00    0.000000           0         1           set_robust_list
  0.00    0.000000           0         1           rt_sigaction
  0.00    0.000000           0         1           socket
  0.00    0.000000           0         1           bind
  0.00    0.000000           0         1           listen
  0.00    0.000000           0         3           munmap
  0.00    0.000000           0         1           execve
  0.00    0.000000           0        11           mmap
  0.00    0.000000           0         4           mprotect
  0.00    0.000000           0         1           prlimit64
  0.00    0.000000           0         1           getrandom
  0.00    0.000000           0         1           rseq
  0.00    0.000000           0         1           io_uring_setup
------ ----------- ----------- --------- --------- ----------------
100.00    8.494911        1086      7822         1 total
