Linux 7.0.0-31-generic (ubuntu-vm) 	09/10/2026 	_aarch64_	(4 CPU)

07:02:00 PM   UID       PID    %usr %system  %guest   %wait    %CPU   CPU  Command
07:02:01 PM  1000     11796    0.00    0.00    0.00    0.00    0.00     0  server_poll

07:02:00 PM   UID       PID   cswch/s nvcswch/s  Command
07:02:01 PM  1000     11796     24.00      0.00  server_poll

07:02:01 PM   UID       PID    %usr %system  %guest   %wait    %CPU   CPU  Command
07:02:02 PM  1000     11796    0.00    0.00    0.00    0.00    0.00     0  server_poll

07:02:01 PM   UID       PID   cswch/s nvcswch/s  Command
07:02:02 PM  1000     11796      0.00      0.00  server_poll

07:02:02 PM   UID       PID    %usr %system  %guest   %wait    %CPU   CPU  Command
07:02:03 PM  1000     11796    0.00    0.00    0.00    0.00    0.00     0  server_poll

07:02:02 PM   UID       PID   cswch/s nvcswch/s  Command
07:02:03 PM  1000     11796      0.00      0.00  server_poll

07:02:03 PM   UID       PID    %usr %system  %guest   %wait    %CPU   CPU  Command
07:02:04 PM  1000     11796    0.00    0.00    0.00    0.00    0.00     0  server_poll

07:02:03 PM   UID       PID   cswch/s nvcswch/s  Command
07:02:04 PM  1000     11796      0.00      0.00  server_poll

07:02:04 PM   UID       PID    %usr %system  %guest   %wait    %CPU   CPU  Command
07:02:05 PM  1000     11796    0.00    0.00    0.00    0.00    0.00     0  server_poll

07:02:04 PM   UID       PID   cswch/s nvcswch/s  Command
07:02:05 PM  1000     11796      0.00      0.00  server_poll

07:02:05 PM   UID       PID    %usr %system  %guest   %wait    %CPU   CPU  Command
07:02:06 PM  1000     11796    0.00    0.00    0.00    0.00    0.00     0  server_poll

07:02:05 PM   UID       PID   cswch/s nvcswch/s  Command
07:02:06 PM  1000     11796      0.00      0.00  server_poll

07:02:06 PM   UID       PID    %usr %system  %guest   %wait    %CPU   CPU  Command
07:02:07 PM  1000     11796    0.00    0.00    0.00    0.00    0.00     0  server_poll

07:02:06 PM   UID       PID   cswch/s nvcswch/s  Command
07:02:07 PM  1000     11796      0.00      0.00  server_poll

07:02:07 PM   UID       PID    %usr %system  %guest   %wait    %CPU   CPU  Command
07:02:08 PM  1000     11796    0.00    0.00    0.00    0.00    0.00     0  server_poll

07:02:07 PM   UID       PID   cswch/s nvcswch/s  Command
07:02:08 PM  1000     11796      0.00      0.00  server_poll

07:02:08 PM   UID       PID    %usr %system  %guest   %wait    %CPU   CPU  Command
07:02:09 PM  1000     11796    0.00    0.00    0.00    0.00    0.00     0  server_poll

07:02:08 PM   UID       PID   cswch/s nvcswch/s  Command
07:02:09 PM  1000     11796      0.00      0.00  server_poll


Average:      UID       PID    %usr %system  %guest   %wait    %CPU   CPU  Command
Average:     1000     11796    0.00    0.00    0.00    0.00    0.00     -  server_poll

Average:      UID       PID   cswch/s nvcswch/s  Command
Average:     1000     11796      2.66      0.00  server_poll
