% time     seconds  usecs/call     calls    errors syscall
------ ----------- ----------- --------- --------- ----------------
 54.27    0.870842          33     26341           sendto
 39.48    0.633408          24     26343           recvfrom
  1.63    0.026108           3      8006           fcntl
  1.59    0.025496           6      4004         2 accept
  1.08    0.017348           4      4003           epoll_ctl
  0.89    0.014257           3      4003           setsockopt
  0.78    0.012579          47       267           epoll_pwait
  0.17    0.002713          66        41           write
  0.06    0.000994           7       128           brk
  0.05    0.000730           5       126           madvise
  0.00    0.000066          66         1           epoll_create1
  0.00    0.000031          10         3           close
  0.00    0.000004           1         3           fstat
  0.00    0.000000           0         1         1 faccessat
  0.00    0.000000           0         2           openat
  0.00    0.000000           0         1           read
  0.00    0.000000           0         1           set_tid_address
  0.00    0.000000           0         1           set_robust_list
  0.00    0.000000           0         1           rt_sigaction
  0.00    0.000000           0         1           socket
  0.00    0.000000           0         1           bind
  0.00    0.000000           0         1           listen
  0.00    0.000000           0         3           munmap
  0.00    0.000000           0         1           execve
  0.00    0.000000           0         8           mmap
  0.00    0.000000           0         4           mprotect
  0.00    0.000000           0         1           prlimit64
  0.00    0.000000           0         1           getrandom
  0.00    0.000000           0         1           rseq
------ ----------- ----------- --------- --------- ----------------
100.00    1.604576          21     73298         3 total
