Linux 7.0.0-31-generic (ubuntu-vm) 	09/10/2026 	_aarch64_	(4 CPU)

07:01:10 PM   UID       PID    %usr %system  %guest   %wait    %CPU   CPU  Command
07:01:11 PM  1000     11654    2.00   32.00    0.00    1.00   34.00     1  server_select

07:01:10 PM   UID       PID   cswch/s nvcswch/s  Command
07:01:11 PM  1000     11654    882.00     76.00  server_select

07:01:11 PM   UID       PID    %usr %system  %guest   %wait    %CPU   CPU  Command
07:01:12 PM  1000     11654    3.00   34.00    0.00    0.00   37.00     2  server_select

07:01:11 PM   UID       PID   cswch/s nvcswch/s  Command
07:01:12 PM  1000     11654    899.00     62.00  server_select

07:01:12 PM   UID       PID    %usr %system  %guest   %wait    %CPU   CPU  Command
07:01:13 PM  1000     11654    3.00   34.00    0.00    0.00   37.00     0  server_select

07:01:12 PM   UID       PID   cswch/s nvcswch/s  Command
07:01:13 PM  1000     11654    895.00     36.00  server_select

07:01:13 PM   UID       PID    %usr %system  %guest   %wait    %CPU   CPU  Command
07:01:14 PM  1000     11654    2.00   33.00    0.00    1.00   35.00     1  server_select

07:01:13 PM   UID       PID   cswch/s nvcswch/s  Command
07:01:14 PM  1000     11654    895.00     22.00  server_select

07:01:14 PM   UID       PID    %usr %system  %guest   %wait    %CPU   CPU  Command
07:01:15 PM  1000     11654    3.00   33.00    0.00    0.00   36.00     3  server_select

07:01:14 PM   UID       PID   cswch/s nvcswch/s  Command
07:01:15 PM  1000     11654    899.00     52.00  server_select

07:01:15 PM   UID       PID    %usr %system  %guest   %wait    %CPU   CPU  Command
07:01:16 PM  1000     11654    2.00   35.00    0.00    0.00   37.00     3  server_select

07:01:15 PM   UID       PID   cswch/s nvcswch/s  Command
07:01:16 PM  1000     11654    900.00     20.00  server_select

07:01:16 PM   UID       PID    %usr %system  %guest   %wait    %CPU   CPU  Command
07:01:17 PM  1000     11654    2.00   34.00    0.00    1.00   36.00     3  server_select

07:01:16 PM   UID       PID   cswch/s nvcswch/s  Command
07:01:17 PM  1000     11654    898.00     37.00  server_select

07:01:17 PM   UID       PID    %usr %system  %guest   %wait    %CPU   CPU  Command
07:01:18 PM  1000     11654    2.00   34.00    0.00    0.00   36.00     2  server_select

07:01:17 PM   UID       PID   cswch/s nvcswch/s  Command
07:01:18 PM  1000     11654    897.00     38.00  server_select

07:01:18 PM   UID       PID    %usr %system  %guest   %wait    %CPU   CPU  Command
07:01:19 PM  1000     11654    3.00   33.00    0.00    0.00   36.00     3  server_select

07:01:18 PM   UID       PID   cswch/s nvcswch/s  Command
07:01:19 PM  1000     11654    897.00     19.00  server_select

07:01:19 PM   UID       PID    %usr %system  %guest   %wait    %CPU   CPU  Command
07:01:20 PM  1000     11654    3.00   34.00    0.00    1.00   37.00     3  server_select

07:01:19 PM   UID       PID   cswch/s nvcswch/s  Command
07:01:20 PM  1000     11654    896.00     20.00  server_select


Average:      UID       PID    %usr %system  %guest   %wait    %CPU   CPU  Command
Average:     1000     11654    2.50   33.60    0.00    0.40   36.10     -  server_select

Average:      UID       PID   cswch/s nvcswch/s  Command
Average:     1000     11654    895.80     38.20  server_select
