Linux 7.0.0-31-generic (ubuntu-vm) 	09/10/2026 	_aarch64_	(4 CPU)

07:07:13 PM   UID       PID    %usr %system  %guest   %wait    %CPU   CPU  Command
07:07:14 PM  1000     12722    0.00    3.00    0.00    0.00    3.00     1  server_epoll

07:07:13 PM   UID       PID   cswch/s nvcswch/s  Command
07:07:14 PM  1000     12722    578.00      3.00  server_epoll

07:07:14 PM   UID       PID    %usr %system  %guest   %wait    %CPU   CPU  Command
07:07:15 PM  1000     12722    0.00    0.00    0.00    0.00    0.00     1  server_epoll

07:07:14 PM   UID       PID   cswch/s nvcswch/s  Command
07:07:15 PM  1000     12722      0.00      0.00  server_epoll

07:07:15 PM   UID       PID    %usr %system  %guest   %wait    %CPU   CPU  Command
07:07:16 PM  1000     12722    0.00    0.00    0.00    0.00    0.00     1  server_epoll

07:07:15 PM   UID       PID   cswch/s nvcswch/s  Command
07:07:16 PM  1000     12722      0.00      0.00  server_epoll

07:07:16 PM   UID       PID    %usr %system  %guest   %wait    %CPU   CPU  Command
07:07:17 PM  1000     12722    0.00    0.00    0.00    0.00    0.00     1  server_epoll

07:07:16 PM   UID       PID   cswch/s nvcswch/s  Command
07:07:17 PM  1000     12722      0.00      0.00  server_epoll

07:07:17 PM   UID       PID    %usr %system  %guest   %wait    %CPU   CPU  Command
07:07:18 PM  1000     12722    0.00    0.00    0.00    0.00    0.00     1  server_epoll

07:07:17 PM   UID       PID   cswch/s nvcswch/s  Command
07:07:18 PM  1000     12722      0.00      0.00  server_epoll

07:07:18 PM   UID       PID    %usr %system  %guest   %wait    %CPU   CPU  Command
07:07:19 PM  1000     12722    0.00    0.00    0.00    0.00    0.00     1  server_epoll

07:07:18 PM   UID       PID   cswch/s nvcswch/s  Command
07:07:19 PM  1000     12722      0.00      0.00  server_epoll

07:07:19 PM   UID       PID    %usr %system  %guest   %wait    %CPU   CPU  Command
07:07:20 PM  1000     12722    0.00    0.00    0.00    0.00    0.00     1  server_epoll

07:07:19 PM   UID       PID   cswch/s nvcswch/s  Command
07:07:20 PM  1000     12722      0.00      0.00  server_epoll

07:07:20 PM   UID       PID    %usr %system  %guest   %wait    %CPU   CPU  Command
07:07:21 PM  1000     12722    0.00    0.00    0.00    0.00    0.00     1  server_epoll

07:07:20 PM   UID       PID   cswch/s nvcswch/s  Command
07:07:21 PM  1000     12722      0.00      0.00  server_epoll

07:07:21 PM   UID       PID    %usr %system  %guest   %wait    %CPU   CPU  Command
07:07:22 PM  1000     12722    0.00    0.00    0.00    0.00    0.00     1  server_epoll

07:07:21 PM   UID       PID   cswch/s nvcswch/s  Command
07:07:22 PM  1000     12722      0.00      0.00  server_epoll

07:07:22 PM   UID       PID    %usr %system  %guest   %wait    %CPU   CPU  Command
07:07:23 PM  1000     12722    0.00    0.00    0.00    0.00    0.00     1  server_epoll

07:07:22 PM   UID       PID   cswch/s nvcswch/s  Command
07:07:23 PM  1000     12722      0.00      0.00  server_epoll


Average:      UID       PID    %usr %system  %guest   %wait    %CPU   CPU  Command
Average:     1000     12722    0.00    0.30    0.00    0.00    0.30     -  server_epoll

Average:      UID       PID   cswch/s nvcswch/s  Command
Average:     1000     12722     57.74      0.30  server_epoll
