Linux 7.0.0-31-generic (ubuntu-vm) 	09/10/2026 	_aarch64_	(4 CPU)

07:03:32 PM   UID       PID    %usr %system  %guest   %wait    %CPU   CPU  Command
07:03:33 PM  1000     12076    0.00   21.00    0.00    0.00   21.00     0  server_poll

07:03:32 PM   UID       PID   cswch/s nvcswch/s  Command
07:03:33 PM  1000     12076    316.00      2.00  server_poll

07:03:33 PM   UID       PID    %usr %system  %guest   %wait    %CPU   CPU  Command
07:03:34 PM  1000     12076    0.00    0.00    0.00    0.00    0.00     0  server_poll

07:03:33 PM   UID       PID   cswch/s nvcswch/s  Command
07:03:34 PM  1000     12076      0.00      0.00  server_poll

07:03:34 PM   UID       PID    %usr %system  %guest   %wait    %CPU   CPU  Command
07:03:35 PM  1000     12076    0.00    0.00    0.00    0.00    0.00     0  server_poll

07:03:34 PM   UID       PID   cswch/s nvcswch/s  Command
07:03:35 PM  1000     12076      0.00      0.00  server_poll

07:03:35 PM   UID       PID    %usr %system  %guest   %wait    %CPU   CPU  Command
07:03:36 PM  1000     12076    0.00    0.00    0.00    0.00    0.00     0  server_poll

07:03:35 PM   UID       PID   cswch/s nvcswch/s  Command
07:03:36 PM  1000     12076      0.00      0.00  server_poll

07:03:36 PM   UID       PID    %usr %system  %guest   %wait    %CPU   CPU  Command
07:03:37 PM  1000     12076    0.00    0.00    0.00    0.00    0.00     0  server_poll

07:03:36 PM   UID       PID   cswch/s nvcswch/s  Command
07:03:37 PM  1000     12076      0.00      0.00  server_poll

07:03:37 PM   UID       PID    %usr %system  %guest   %wait    %CPU   CPU  Command
07:03:38 PM  1000     12076    0.00    0.00    0.00    0.00    0.00     0  server_poll

07:03:37 PM   UID       PID   cswch/s nvcswch/s  Command
07:03:38 PM  1000     12076      0.00      0.00  server_poll

07:03:38 PM   UID       PID    %usr %system  %guest   %wait    %CPU   CPU  Command
07:03:39 PM  1000     12076    0.00    0.00    0.00    0.00    0.00     0  server_poll

07:03:38 PM   UID       PID   cswch/s nvcswch/s  Command
07:03:39 PM  1000     12076      0.00      0.00  server_poll

07:03:39 PM   UID       PID    %usr %system  %guest   %wait    %CPU   CPU  Command
07:03:40 PM  1000     12076    0.00    0.00    0.00    0.00    0.00     0  server_poll

07:03:39 PM   UID       PID   cswch/s nvcswch/s  Command
07:03:40 PM  1000     12076      0.00      0.00  server_poll

07:03:40 PM   UID       PID    %usr %system  %guest   %wait    %CPU   CPU  Command
07:03:41 PM  1000     12076    0.00    0.00    0.00    0.00    0.00     0  server_poll

07:03:40 PM   UID       PID   cswch/s nvcswch/s  Command
07:03:41 PM  1000     12076      0.00      0.00  server_poll

07:03:41 PM   UID       PID    %usr %system  %guest   %wait    %CPU   CPU  Command
07:03:42 PM  1000     12076    0.00    0.00    0.00    0.00    0.00     0  server_poll

07:03:41 PM   UID       PID   cswch/s nvcswch/s  Command
07:03:42 PM  1000     12076      0.00      0.00  server_poll


Average:      UID       PID    %usr %system  %guest   %wait    %CPU   CPU  Command
Average:     1000     12076    0.00    2.10    0.00    0.00    2.10     -  server_poll

Average:      UID       PID   cswch/s nvcswch/s  Command
Average:     1000     12076     31.57      0.20  server_poll
