Linux 7.0.0-31-generic (ubuntu-vm) 	09/10/2026 	_aarch64_	(4 CPU)

07:10:28 PM   UID       PID    %usr %system  %guest   %wait    %CPU   CPU  Command
07:10:29 PM  1000     13279    0.00    2.00    0.00    0.00    2.00     2  server_iouring

07:10:28 PM   UID       PID   cswch/s nvcswch/s  Command
07:10:29 PM  1000     13279    312.00      2.00  server_iouring

07:10:29 PM   UID       PID    %usr %system  %guest   %wait    %CPU   CPU  Command
07:10:30 PM  1000     13279    0.00    0.00    0.00    0.00    0.00     2  server_iouring

07:10:29 PM   UID       PID   cswch/s nvcswch/s  Command
07:10:30 PM  1000     13279      0.00      0.00  server_iouring

07:10:30 PM   UID       PID    %usr %system  %guest   %wait    %CPU   CPU  Command
07:10:31 PM  1000     13279    0.00    0.00    0.00    0.00    0.00     2  server_iouring

07:10:30 PM   UID       PID   cswch/s nvcswch/s  Command
07:10:31 PM  1000     13279      0.00      0.00  server_iouring

07:10:31 PM   UID       PID    %usr %system  %guest   %wait    %CPU   CPU  Command
07:10:32 PM  1000     13279    0.00    0.00    0.00    0.00    0.00     2  server_iouring

07:10:31 PM   UID       PID   cswch/s nvcswch/s  Command
07:10:32 PM  1000     13279      0.00      0.00  server_iouring

07:10:32 PM   UID       PID    %usr %system  %guest   %wait    %CPU   CPU  Command
07:10:33 PM  1000     13279    0.00    0.00    0.00    0.00    0.00     2  server_iouring

07:10:32 PM   UID       PID   cswch/s nvcswch/s  Command
07:10:33 PM  1000     13279      0.00      0.00  server_iouring

07:10:33 PM   UID       PID    %usr %system  %guest   %wait    %CPU   CPU  Command
07:10:34 PM  1000     13279    0.00    0.00    0.00    0.00    0.00     2  server_iouring

07:10:33 PM   UID       PID   cswch/s nvcswch/s  Command
07:10:34 PM  1000     13279      0.00      0.00  server_iouring

07:10:34 PM   UID       PID    %usr %system  %guest   %wait    %CPU   CPU  Command
07:10:35 PM  1000     13279    0.00    0.00    0.00    0.00    0.00     2  server_iouring

07:10:34 PM   UID       PID   cswch/s nvcswch/s  Command
07:10:35 PM  1000     13279      0.00      0.00  server_iouring

07:10:35 PM   UID       PID    %usr %system  %guest   %wait    %CPU   CPU  Command
07:10:36 PM  1000     13279    0.00    0.00    0.00    0.00    0.00     2  server_iouring

07:10:35 PM   UID       PID   cswch/s nvcswch/s  Command
07:10:36 PM  1000     13279      0.00      0.00  server_iouring

07:10:36 PM   UID       PID    %usr %system  %guest   %wait    %CPU   CPU  Command
07:10:37 PM  1000     13279    0.00    0.00    0.00    0.00    0.00     2  server_iouring

07:10:36 PM   UID       PID   cswch/s nvcswch/s  Command
07:10:37 PM  1000     13279      0.00      0.00  server_iouring

07:10:37 PM   UID       PID    %usr %system  %guest   %wait    %CPU   CPU  Command
07:10:38 PM  1000     13279    0.00    0.00    0.00    0.00    0.00     2  server_iouring

07:10:37 PM   UID       PID   cswch/s nvcswch/s  Command
07:10:38 PM  1000     13279      0.00      0.00  server_iouring


Average:      UID       PID    %usr %system  %guest   %wait    %CPU   CPU  Command
Average:     1000     13279    0.00    0.20    0.00    0.00    0.20     -  server_iouring

Average:      UID       PID   cswch/s nvcswch/s  Command
Average:     1000     13279     31.17      0.20  server_iouring
