Linux 7.0.0-31-generic (ubuntu-vm) 	09/10/2026 	_aarch64_	(4 CPU)

06:59:47 PM   UID       PID    %usr %system  %guest   %wait    %CPU   CPU  Command
06:59:48 PM  1000     11409    1.00   34.00    0.00    0.00   35.00     1  server_select

06:59:47 PM   UID       PID   cswch/s nvcswch/s  Command
06:59:48 PM  1000     11409    887.00     47.00  server_select

06:59:48 PM   UID       PID    %usr %system  %guest   %wait    %CPU   CPU  Command
06:59:49 PM  1000     11409    4.00   33.00    0.00    1.00   37.00     0  server_select

06:59:48 PM   UID       PID   cswch/s nvcswch/s  Command
06:59:49 PM  1000     11409    893.00     40.00  server_select

06:59:49 PM   UID       PID    %usr %system  %guest   %wait    %CPU   CPU  Command
06:59:50 PM  1000     11409    2.00   34.00    0.00    0.00   36.00     0  server_select

06:59:49 PM   UID       PID   cswch/s nvcswch/s  Command
06:59:50 PM  1000     11409    899.00     26.00  server_select

06:59:50 PM   UID       PID    %usr %system  %guest   %wait    %CPU   CPU  Command
06:59:51 PM  1000     11409    3.00   34.00    0.00    0.00   37.00     2  server_select

06:59:50 PM   UID       PID   cswch/s nvcswch/s  Command
06:59:51 PM  1000     11409    896.00     31.00  server_select

06:59:51 PM   UID       PID    %usr %system  %guest   %wait    %CPU   CPU  Command
06:59:52 PM  1000     11409    3.00   34.00    0.00    1.00   37.00     2  server_select

06:59:51 PM   UID       PID   cswch/s nvcswch/s  Command
06:59:52 PM  1000     11409    897.00     27.00  server_select

06:59:52 PM   UID       PID    %usr %system  %guest   %wait    %CPU   CPU  Command
06:59:53 PM  1000     11409    3.00   35.00    0.00    0.00   38.00     0  server_select

06:59:52 PM   UID       PID   cswch/s nvcswch/s  Command
06:59:53 PM  1000     11409    892.00     42.00  server_select

06:59:53 PM   UID       PID    %usr %system  %guest   %wait    %CPU   CPU  Command
06:59:54 PM  1000     11409    2.00   35.00    0.00    0.00   37.00     3  server_select

06:59:53 PM   UID       PID   cswch/s nvcswch/s  Command
06:59:54 PM  1000     11409    894.00     29.00  server_select

06:59:54 PM   UID       PID    %usr %system  %guest   %wait    %CPU   CPU  Command
06:59:55 PM  1000     11409    2.00   34.00    0.00    1.00   36.00     3  server_select

06:59:54 PM   UID       PID   cswch/s nvcswch/s  Command
06:59:55 PM  1000     11409    898.00     36.00  server_select

06:59:55 PM   UID       PID    %usr %system  %guest   %wait    %CPU   CPU  Command
06:59:56 PM  1000     11409    2.00   34.00    0.00    0.00   36.00     0  server_select

06:59:55 PM   UID       PID   cswch/s nvcswch/s  Command
06:59:56 PM  1000     11409    899.00     32.00  server_select

06:59:56 PM   UID       PID    %usr %system  %guest   %wait    %CPU   CPU  Command
06:59:57 PM  1000     11409    4.00   33.00    0.00    0.00   37.00     0  server_select

06:59:56 PM   UID       PID   cswch/s nvcswch/s  Command
06:59:57 PM  1000     11409    899.00     27.00  server_select


Average:      UID       PID    %usr %system  %guest   %wait    %CPU   CPU  Command
Average:     1000     11409    2.60   34.00    0.00    0.30   36.60     -  server_select

Average:      UID       PID   cswch/s nvcswch/s  Command
Average:     1000     11409    895.40     33.70  server_select
