Linux 7.0.0-31-generic (ubuntu-vm) 	09/10/2026 	_aarch64_	(4 CPU)

07:08:46 PM   UID       PID    %usr %system  %guest   %wait    %CPU   CPU  Command
07:08:47 PM  1000     12999    1.00    5.00    0.00    5.00    6.00     2  server_epoll

07:08:46 PM   UID       PID   cswch/s nvcswch/s  Command
07:08:47 PM  1000     12999   1904.00     13.00  server_epoll

07:08:47 PM   UID       PID    %usr %system  %guest   %wait    %CPU   CPU  Command
07:08:48 PM  1000     12999    0.00    2.00    0.00   31.00    2.00     1  server_epoll

07:08:47 PM   UID       PID   cswch/s nvcswch/s  Command
07:08:48 PM  1000     12999   1352.00     24.00  server_epoll

07:08:48 PM   UID       PID    %usr %system  %guest   %wait    %CPU   CPU  Command
07:08:49 PM  1000     12999    0.00    2.00    0.00   32.00    2.00     1  server_epoll

07:08:48 PM   UID       PID   cswch/s nvcswch/s  Command
07:08:49 PM  1000     12999   1316.00     15.00  server_epoll

07:08:49 PM   UID       PID    %usr %system  %guest   %wait    %CPU   CPU  Command
07:08:50 PM  1000     12999    0.00    2.00    0.00   35.00    2.00     3  server_epoll

07:08:49 PM   UID       PID   cswch/s nvcswch/s  Command
07:08:50 PM  1000     12999   1329.00     22.00  server_epoll

07:08:50 PM   UID       PID    %usr %system  %guest   %wait    %CPU   CPU  Command
07:08:51 PM  1000     12999    1.00    2.00    0.00   34.00    3.00     3  server_epoll

07:08:50 PM   UID       PID   cswch/s nvcswch/s  Command
07:08:51 PM  1000     12999   1320.00      8.00  server_epoll

07:08:51 PM   UID       PID    %usr %system  %guest   %wait    %CPU   CPU  Command
07:08:52 PM  1000     12999    0.00    0.99    0.00   33.66    0.99     3  server_epoll

07:08:51 PM   UID       PID   cswch/s nvcswch/s  Command
07:08:52 PM  1000     12999   1328.71     26.73  server_epoll

07:08:52 PM   UID       PID    %usr %system  %guest   %wait    %CPU   CPU  Command
07:08:53 PM  1000     12999    1.00    3.00    0.00   35.00    4.00     1  server_epoll

07:08:52 PM   UID       PID   cswch/s nvcswch/s  Command
07:08:53 PM  1000     12999   1308.00     17.00  server_epoll

07:08:53 PM   UID       PID    %usr %system  %guest   %wait    %CPU   CPU  Command
07:08:54 PM  1000     12999    0.00    2.00    0.00   40.00    2.00     3  server_epoll

07:08:53 PM   UID       PID   cswch/s nvcswch/s  Command
07:08:54 PM  1000     12999   1319.00      1.00  server_epoll

07:08:54 PM   UID       PID    %usr %system  %guest   %wait    %CPU   CPU  Command
07:08:55 PM  1000     12999    0.00    2.00    0.00   38.00    2.00     3  server_epoll

07:08:54 PM   UID       PID   cswch/s nvcswch/s  Command
07:08:55 PM  1000     12999   1358.00      2.00  server_epoll

07:08:55 PM   UID       PID    %usr %system  %guest   %wait    %CPU   CPU  Command
07:08:56 PM  1000     12999    1.00    4.00    0.00   33.00    5.00     3  server_epoll

07:08:55 PM   UID       PID   cswch/s nvcswch/s  Command
07:08:56 PM  1000     12999   1199.00      9.00  server_epoll

07:08:56 PM   UID       PID    %usr %system  %guest   %wait    %CPU   CPU  Command
07:08:57 PM  1000     12999    1.00    1.00    0.00   32.00    2.00     3  server_epoll

07:08:56 PM   UID       PID   cswch/s nvcswch/s  Command
07:08:57 PM  1000     12999   1171.00      1.00  server_epoll

07:08:57 PM   UID       PID    %usr %system  %guest   %wait    %CPU   CPU  Command
07:08:58 PM  1000     12999    0.00    0.00    0.00    0.00    0.00     2  server_epoll

07:08:57 PM   UID       PID   cswch/s nvcswch/s  Command
07:08:58 PM  1000     12999     12.00      0.00  server_epoll

07:08:58 PM   UID       PID    %usr %system  %guest   %wait    %CPU   CPU  Command
07:08:59 PM  1000     12999    0.00    0.00    0.00    0.00    0.00     2  server_epoll

07:08:58 PM   UID       PID   cswch/s nvcswch/s  Command
07:08:59 PM  1000     12999      0.00      0.00  server_epoll

07:08:59 PM   UID       PID    %usr %system  %guest   %wait    %CPU   CPU  Command
07:09:00 PM  1000     12999    0.00    0.00    0.00    0.00    0.00     0  server_epoll

07:08:59 PM   UID       PID   cswch/s nvcswch/s  Command
07:09:00 PM  1000     12999      1.00      0.00  server_epoll

07:09:00 PM   UID       PID    %usr %system  %guest   %wait    %CPU   CPU  Command
07:09:01 PM  1000     12999    0.00    0.00    0.00    0.00    0.00     0  server_epoll

07:09:00 PM   UID       PID   cswch/s nvcswch/s  Command
07:09:01 PM  1000     12999      0.00      0.00  server_epoll

07:09:01 PM   UID       PID    %usr %system  %guest   %wait    %CPU   CPU  Command
07:09:02 PM  1000     12999    0.00    0.00    0.00    0.00    0.00     0  server_epoll

07:09:01 PM   UID       PID   cswch/s nvcswch/s  Command
07:09:02 PM  1000     12999      0.00      0.00  server_epoll

07:09:02 PM   UID       PID    %usr %system  %guest   %wait    %CPU   CPU  Command
07:09:03 PM  1000     12999    0.00    0.00    0.00    0.00    0.00     0  server_epoll

07:09:02 PM   UID       PID   cswch/s nvcswch/s  Command
07:09:03 PM  1000     12999      0.00      0.00  server_epoll

07:09:03 PM   UID       PID    %usr %system  %guest   %wait    %CPU   CPU  Command
07:09:04 PM  1000     12999    0.00    0.00    0.00    0.00    0.00     0  server_epoll

07:09:03 PM   UID       PID   cswch/s nvcswch/s  Command
07:09:04 PM  1000     12999      0.00      0.00  server_epoll

07:09:04 PM   UID       PID    %usr %system  %guest   %wait    %CPU   CPU  Command
07:09:05 PM  1000     12999    0.00    0.00    0.00    0.00    0.00     0  server_epoll

07:09:04 PM   UID       PID   cswch/s nvcswch/s  Command
07:09:05 PM  1000     12999      0.00      0.00  server_epoll

07:09:05 PM   UID       PID    %usr %system  %guest   %wait    %CPU   CPU  Command
07:09:06 PM  1000     12999    0.00    0.00    0.00    0.00    0.00     0  server_epoll

07:09:05 PM   UID       PID   cswch/s nvcswch/s  Command
07:09:06 PM  1000     12999      0.00      0.00  server_epoll

07:09:06 PM   UID       PID    %usr %system  %guest   %wait    %CPU   CPU  Command
07:09:07 PM  1000     12999    0.00    0.00    0.00    0.00    0.00     0  server_epoll

07:09:06 PM   UID       PID   cswch/s nvcswch/s  Command
07:09:07 PM  1000     12999      0.00      0.00  server_epoll

07:09:07 PM   UID       PID    %usr %system  %guest   %wait    %CPU   CPU  Command
07:09:08 PM  1000     12999    0.00    0.00    0.00    0.00    0.00     0  server_epoll

07:09:07 PM   UID       PID   cswch/s nvcswch/s  Command
07:09:08 PM  1000     12999      0.00      0.00  server_epoll

07:09:08 PM   UID       PID    %usr %system  %guest   %wait    %CPU   CPU  Command
07:09:09 PM  1000     12999    0.00    0.00    0.00    0.00    0.00     0  server_epoll

07:09:08 PM   UID       PID   cswch/s nvcswch/s  Command
07:09:09 PM  1000     12999      0.00      0.00  server_epoll

07:09:09 PM   UID       PID    %usr %system  %guest   %wait    %CPU   CPU  Command
07:09:10 PM  1000     12999    0.00    0.00    0.00    0.00    0.00     0  server_epoll

07:09:09 PM   UID       PID   cswch/s nvcswch/s  Command
07:09:10 PM  1000     12999      0.00      0.00  server_epoll


Average:      UID       PID    %usr %system  %guest   %wait    %CPU   CPU  Command
Average:     1000     12999    0.21    1.08    0.00   14.53    1.29     -  server_epoll

Average:      UID       PID   cswch/s nvcswch/s  Command
Average:     1000     12999    621.61      5.79  server_epoll
