Linux 7.0.0-31-generic (ubuntu-vm) 	09/10/2026 	_aarch64_	(4 CPU)

07:05:58 PM   UID       PID    %usr %system  %guest   %wait    %CPU   CPU  Command
07:05:59 PM  1000     12488    0.00    1.00    0.00    0.00    1.00     0  server_epoll

07:05:58 PM   UID       PID   cswch/s nvcswch/s  Command
07:05:59 PM  1000     12488    147.00      1.00  server_epoll

07:05:59 PM   UID       PID    %usr %system  %guest   %wait    %CPU   CPU  Command
07:06:00 PM  1000     12488    0.00    0.00    0.00    0.00    0.00     0  server_epoll

07:05:59 PM   UID       PID   cswch/s nvcswch/s  Command
07:06:00 PM  1000     12488      0.00      0.00  server_epoll

07:06:00 PM   UID       PID    %usr %system  %guest   %wait    %CPU   CPU  Command
07:06:01 PM  1000     12488    0.00    0.00    0.00    0.00    0.00     0  server_epoll

07:06:00 PM   UID       PID   cswch/s nvcswch/s  Command
07:06:01 PM  1000     12488      0.00      0.00  server_epoll

07:06:01 PM   UID       PID    %usr %system  %guest   %wait    %CPU   CPU  Command
07:06:02 PM  1000     12488    0.00    0.00    0.00    0.00    0.00     0  server_epoll

07:06:01 PM   UID       PID   cswch/s nvcswch/s  Command
07:06:02 PM  1000     12488      0.00      0.00  server_epoll

07:06:02 PM   UID       PID    %usr %system  %guest   %wait    %CPU   CPU  Command
07:06:03 PM  1000     12488    0.00    0.00    0.00    0.00    0.00     0  server_epoll

07:06:02 PM   UID       PID   cswch/s nvcswch/s  Command
07:06:03 PM  1000     12488      0.00      0.00  server_epoll

07:06:03 PM   UID       PID    %usr %system  %guest   %wait    %CPU   CPU  Command
07:06:04 PM  1000     12488    0.00    0.00    0.00    0.00    0.00     0  server_epoll

07:06:03 PM   UID       PID   cswch/s nvcswch/s  Command
07:06:04 PM  1000     12488      0.00      0.00  server_epoll

07:06:04 PM   UID       PID    %usr %system  %guest   %wait    %CPU   CPU  Command
07:06:05 PM  1000     12488    0.00    0.00    0.00    0.00    0.00     0  server_epoll

07:06:04 PM   UID       PID   cswch/s nvcswch/s  Command
07:06:05 PM  1000     12488      0.00      0.00  server_epoll

07:06:05 PM   UID       PID    %usr %system  %guest   %wait    %CPU   CPU  Command
07:06:06 PM  1000     12488    0.00    0.00    0.00    0.00    0.00     0  server_epoll

07:06:05 PM   UID       PID   cswch/s nvcswch/s  Command
07:06:06 PM  1000     12488      0.00      0.00  server_epoll

07:06:06 PM   UID       PID    %usr %system  %guest   %wait    %CPU   CPU  Command
07:06:07 PM  1000     12488    0.00    0.00    0.00    0.00    0.00     0  server_epoll

07:06:06 PM   UID       PID   cswch/s nvcswch/s  Command
07:06:07 PM  1000     12488      0.00      0.00  server_epoll

07:06:07 PM   UID       PID    %usr %system  %guest   %wait    %CPU   CPU  Command
07:06:08 PM  1000     12488    0.00    0.00    0.00    0.00    0.00     0  server_epoll

07:06:07 PM   UID       PID   cswch/s nvcswch/s  Command
07:06:08 PM  1000     12488      0.00      0.00  server_epoll


Average:      UID       PID    %usr %system  %guest   %wait    %CPU   CPU  Command
Average:     1000     12488    0.00    0.10    0.00    0.00    0.10     -  server_epoll

Average:      UID       PID   cswch/s nvcswch/s  Command
Average:     1000     12488     14.69      0.10  server_epoll
