Linux 7.0.0-31-generic (ubuntu-vm) 	09/10/2026 	_aarch64_	(4 CPU)

07:02:16 PM   UID       PID    %usr %system  %guest   %wait    %CPU   CPU  Command
07:02:17 PM  1000     11843    0.00    1.00    0.00    0.00    1.00     3  server_poll

07:02:16 PM   UID       PID   cswch/s nvcswch/s  Command
07:02:17 PM  1000     11843     97.00      2.00  server_poll

07:02:17 PM   UID       PID    %usr %system  %guest   %wait    %CPU   CPU  Command
07:02:18 PM  1000     11843    0.00    0.00    0.00    0.00    0.00     3  server_poll

07:02:17 PM   UID       PID   cswch/s nvcswch/s  Command
07:02:18 PM  1000     11843      0.00      0.00  server_poll

07:02:18 PM   UID       PID    %usr %system  %guest   %wait    %CPU   CPU  Command
07:02:19 PM  1000     11843    0.00    0.00    0.00    0.00    0.00     3  server_poll

07:02:18 PM   UID       PID   cswch/s nvcswch/s  Command
07:02:19 PM  1000     11843      0.00      0.00  server_poll

07:02:19 PM   UID       PID    %usr %system  %guest   %wait    %CPU   CPU  Command
07:02:20 PM  1000     11843    0.00    0.00    0.00    0.00    0.00     3  server_poll

07:02:19 PM   UID       PID   cswch/s nvcswch/s  Command
07:02:20 PM  1000     11843      0.00      0.00  server_poll

07:02:20 PM   UID       PID    %usr %system  %guest   %wait    %CPU   CPU  Command
07:02:21 PM  1000     11843    0.00    0.00    0.00    0.00    0.00     3  server_poll

07:02:20 PM   UID       PID   cswch/s nvcswch/s  Command
07:02:21 PM  1000     11843      0.00      0.00  server_poll

07:02:21 PM   UID       PID    %usr %system  %guest   %wait    %CPU   CPU  Command
07:02:22 PM  1000     11843    0.00    0.00    0.00    0.00    0.00     3  server_poll

07:02:21 PM   UID       PID   cswch/s nvcswch/s  Command
07:02:22 PM  1000     11843      0.00      0.00  server_poll

07:02:22 PM   UID       PID    %usr %system  %guest   %wait    %CPU   CPU  Command
07:02:23 PM  1000     11843    0.00    0.00    0.00    0.00    0.00     3  server_poll

07:02:22 PM   UID       PID   cswch/s nvcswch/s  Command
07:02:23 PM  1000     11843      0.00      0.00  server_poll

07:02:23 PM   UID       PID    %usr %system  %guest   %wait    %CPU   CPU  Command
07:02:24 PM  1000     11843    0.00    0.00    0.00    0.00    0.00     3  server_poll

07:02:23 PM   UID       PID   cswch/s nvcswch/s  Command
07:02:24 PM  1000     11843      0.00      0.00  server_poll

07:02:24 PM   UID       PID    %usr %system  %guest   %wait    %CPU   CPU  Command
07:02:25 PM  1000     11843    0.00    0.00    0.00    0.00    0.00     3  server_poll

07:02:24 PM   UID       PID   cswch/s nvcswch/s  Command
07:02:25 PM  1000     11843      0.00      0.00  server_poll

07:02:25 PM   UID       PID    %usr %system  %guest   %wait    %CPU   CPU  Command
07:02:26 PM  1000     11843    0.00    0.00    0.00    0.00    0.00     3  server_poll

07:02:25 PM   UID       PID   cswch/s nvcswch/s  Command
07:02:26 PM  1000     11843      0.00      0.00  server_poll


Average:      UID       PID    %usr %system  %guest   %wait    %CPU   CPU  Command
Average:     1000     11843    0.00    0.10    0.00    0.00    0.10     -  server_poll

Average:      UID       PID   cswch/s nvcswch/s  Command
Average:     1000     11843      9.69      0.20  server_poll
