% time     seconds  usecs/call     calls    errors syscall
------ ----------- ----------- --------- --------- ----------------
 99.56    4.872327         170     28566         1 io_uring_enter
  0.37    0.018240          18      1002           setsockopt
  0.02    0.001110          30        37           brk
  0.02    0.001007          59        17           write
  0.02    0.000772          23        33           madvise
  0.00    0.000240          21        11           mmap
  0.00    0.000052          17         3           fstat
  0.00    0.000000           0         2           fcntl
  0.00    0.000000           0         1         1 faccessat
  0.00    0.000000           0         2           openat
  0.00    0.000000           0         2           close
  0.00    0.000000           0         1           read
  0.00    0.000000           0         1           set_tid_address
  0.00    0.000000           0         1           set_robust_list
  0.00    0.000000           0         1           rt_sigaction
  0.00    0.000000           0         1           socket
  0.00    0.000000           0         1           bind
  0.00    0.000000           0         1           listen
  0.00    0.000000           0         3           munmap
  0.00    0.000000           0         1           execve
  0.00    0.000000           0         4           mprotect
  0.00    0.000000           0         1           prlimit64
  0.00    0.000000           0         1           getrandom
  0.00    0.000000           0         1           rseq
  0.00    0.000000           0         1           io_uring_setup
------ ----------- ----------- --------- --------- ----------------
100.00    4.893748         164     29695         2 total
