Linux 7.0.0-31-generic (ubuntu-vm) 	09/10/2026 	_aarch64_	(4 CPU)

07:11:13 PM   UID       PID    %usr %system  %guest   %wait    %CPU   CPU  Command
07:11:14 PM  1000     13415    0.00    3.00    0.00    0.00    3.00     2  server_iouring

07:11:13 PM   UID       PID   cswch/s nvcswch/s  Command
07:11:14 PM  1000     13415    628.00      0.00  server_iouring

07:11:14 PM   UID       PID    %usr %system  %guest   %wait    %CPU   CPU  Command
07:11:15 PM  1000     13415    0.00    0.00    0.00    0.00    0.00     2  server_iouring

07:11:14 PM   UID       PID   cswch/s nvcswch/s  Command
07:11:15 PM  1000     13415      0.00      0.00  server_iouring

07:11:15 PM   UID       PID    %usr %system  %guest   %wait    %CPU   CPU  Command
07:11:16 PM  1000     13415    0.00    0.00    0.00    0.00    0.00     2  server_iouring

07:11:15 PM   UID       PID   cswch/s nvcswch/s  Command
07:11:16 PM  1000     13415      0.00      0.00  server_iouring

07:11:16 PM   UID       PID    %usr %system  %guest   %wait    %CPU   CPU  Command
07:11:17 PM  1000     13415    0.00    0.00    0.00    0.00    0.00     2  server_iouring

07:11:16 PM   UID       PID   cswch/s nvcswch/s  Command
07:11:17 PM  1000     13415      0.00      0.00  server_iouring

07:11:17 PM   UID       PID    %usr %system  %guest   %wait    %CPU   CPU  Command
07:11:18 PM  1000     13415    0.00    0.00    0.00    0.00    0.00     2  server_iouring

07:11:17 PM   UID       PID   cswch/s nvcswch/s  Command
07:11:18 PM  1000     13415      0.00      0.00  server_iouring

07:11:18 PM   UID       PID    %usr %system  %guest   %wait    %CPU   CPU  Command
07:11:19 PM  1000     13415    0.00    0.00    0.00    0.00    0.00     2  server_iouring

07:11:18 PM   UID       PID   cswch/s nvcswch/s  Command
07:11:19 PM  1000     13415      0.00      0.00  server_iouring

07:11:19 PM   UID       PID    %usr %system  %guest   %wait    %CPU   CPU  Command
07:11:20 PM  1000     13415    0.00    0.00    0.00    0.00    0.00     2  server_iouring

07:11:19 PM   UID       PID   cswch/s nvcswch/s  Command
07:11:20 PM  1000     13415      0.00      0.00  server_iouring

07:11:20 PM   UID       PID    %usr %system  %guest   %wait    %CPU   CPU  Command
07:11:21 PM  1000     13415    0.00    0.00    0.00    0.00    0.00     2  server_iouring

07:11:20 PM   UID       PID   cswch/s nvcswch/s  Command
07:11:21 PM  1000     13415      0.00      0.00  server_iouring

07:11:21 PM   UID       PID    %usr %system  %guest   %wait    %CPU   CPU  Command
07:11:22 PM  1000     13415    0.00    0.00    0.00    0.00    0.00     2  server_iouring

07:11:21 PM   UID       PID   cswch/s nvcswch/s  Command
07:11:22 PM  1000     13415      0.00      0.00  server_iouring

07:11:22 PM   UID       PID    %usr %system  %guest   %wait    %CPU   CPU  Command
07:11:23 PM  1000     13415    0.00    0.00    0.00    0.00    0.00     2  server_iouring

07:11:22 PM   UID       PID   cswch/s nvcswch/s  Command
07:11:23 PM  1000     13415      0.00      0.00  server_iouring


Average:      UID       PID    %usr %system  %guest   %wait    %CPU   CPU  Command
Average:     1000     13415    0.00    0.30    0.00    0.00    0.30     -  server_iouring

Average:      UID       PID   cswch/s nvcswch/s  Command
Average:     1000     13415     62.67      0.00  server_iouring
