Linux 7.0.0-31-generic (ubuntu-vm) 	09/10/2026 	_aarch64_	(4 CPU)

07:04:02 PM   UID       PID    %usr %system  %guest   %wait    %CPU   CPU  Command
07:04:03 PM  1000     12163    0.00   28.71    0.00    0.00   28.71     1  server_poll

07:04:02 PM   UID       PID   cswch/s nvcswch/s  Command
07:04:03 PM  1000     12163    339.60      2.97  server_poll

07:04:03 PM   UID       PID    %usr %system  %guest   %wait    %CPU   CPU  Command
07:04:04 PM  1000     12163    0.00    0.00    0.00    0.00    0.00     1  server_poll

07:04:03 PM   UID       PID   cswch/s nvcswch/s  Command
07:04:04 PM  1000     12163      0.00      0.00  server_poll

07:04:04 PM   UID       PID    %usr %system  %guest   %wait    %CPU   CPU  Command
07:04:05 PM  1000     12163    0.00    0.00    0.00    0.00    0.00     1  server_poll

07:04:04 PM   UID       PID   cswch/s nvcswch/s  Command
07:04:05 PM  1000     12163      0.00      0.00  server_poll

07:04:05 PM   UID       PID    %usr %system  %guest   %wait    %CPU   CPU  Command
07:04:06 PM  1000     12163    0.00    0.00    0.00    0.00    0.00     1  server_poll

07:04:05 PM   UID       PID   cswch/s nvcswch/s  Command
07:04:06 PM  1000     12163      0.00      0.00  server_poll

07:04:06 PM   UID       PID    %usr %system  %guest   %wait    %CPU   CPU  Command
07:04:07 PM  1000     12163    0.00    0.00    0.00    0.00    0.00     1  server_poll

07:04:06 PM   UID       PID   cswch/s nvcswch/s  Command
07:04:07 PM  1000     12163      0.00      0.00  server_poll

07:04:07 PM   UID       PID    %usr %system  %guest   %wait    %CPU   CPU  Command
07:04:08 PM  1000     12163    0.00    0.00    0.00    0.00    0.00     1  server_poll

07:04:07 PM   UID       PID   cswch/s nvcswch/s  Command
07:04:08 PM  1000     12163      0.00      0.00  server_poll

07:04:08 PM   UID       PID    %usr %system  %guest   %wait    %CPU   CPU  Command
07:04:09 PM  1000     12163    0.00    0.00    0.00    0.00    0.00     1  server_poll

07:04:08 PM   UID       PID   cswch/s nvcswch/s  Command
07:04:09 PM  1000     12163      0.00      0.00  server_poll

07:04:09 PM   UID       PID    %usr %system  %guest   %wait    %CPU   CPU  Command
07:04:10 PM  1000     12163    0.00    0.00    0.00    0.00    0.00     1  server_poll

07:04:09 PM   UID       PID   cswch/s nvcswch/s  Command
07:04:10 PM  1000     12163      0.00      0.00  server_poll

07:04:10 PM   UID       PID    %usr %system  %guest   %wait    %CPU   CPU  Command
07:04:11 PM  1000     12163    0.00    0.00    0.00    0.00    0.00     1  server_poll

07:04:10 PM   UID       PID   cswch/s nvcswch/s  Command
07:04:11 PM  1000     12163      0.00      0.00  server_poll

07:04:11 PM   UID       PID    %usr %system  %guest   %wait    %CPU   CPU  Command
07:04:12 PM  1000     12163    0.00    0.00    0.00    0.00    0.00     1  server_poll

07:04:11 PM   UID       PID   cswch/s nvcswch/s  Command
07:04:12 PM  1000     12163      0.00      0.00  server_poll


Average:      UID       PID    %usr %system  %guest   %wait    %CPU   CPU  Command
Average:     1000     12163    0.00    2.89    0.00    0.00    2.89     -  server_poll

Average:      UID       PID   cswch/s nvcswch/s  Command
Average:     1000     12163     34.20      0.30  server_poll
