% time     seconds  usecs/call     calls    errors syscall
------ ----------- ----------- --------- --------- ----------------
 53.56    0.308376          30     10000           sendto
 34.70    0.199762          19     10011           recvfrom
 11.14    0.064158          30      2112         1 pselect6
  0.36    0.002095        2095         1           bind
  0.09    0.000528         528         1           listen
  0.04    0.000235          18        13           close
  0.04    0.000221          17        13         2 accept
  0.03    0.000199           8        24           fcntl
  0.03    0.000148          12        12           setsockopt
  0.00    0.000023           7         3           brk
  0.00    0.000013           4         3           fstat
  0.00    0.000000           0         1         1 faccessat
  0.00    0.000000           0         2           openat
  0.00    0.000000           0         1           read
  0.00    0.000000           0         1           set_tid_address
  0.00    0.000000           0         1           set_robust_list
  0.00    0.000000           0         1           rt_sigaction
  0.00    0.000000           0         1           socket
  0.00    0.000000           0         2           munmap
  0.00    0.000000           0         1           execve
  0.00    0.000000           0         8           mmap
  0.00    0.000000           0         4           mprotect
  0.00    0.000000           0         1           prlimit64
  0.00    0.000000           0         1           getrandom
  0.00    0.000000           0         1           rseq
------ ----------- ----------- --------- --------- ----------------
100.00    0.575758          25     22219         4 total
