Linux 7.0.0-31-generic (ubuntu-vm) 	09/10/2026 	_aarch64_	(4 CPU)

07:04:17 PM   UID       PID    %usr %system  %guest   %wait    %CPU   CPU  Command
07:04:18 PM  1000     12208    0.00   39.00    0.00    0.00   39.00     2  server_poll

07:04:17 PM   UID       PID   cswch/s nvcswch/s  Command
07:04:18 PM  1000     12208    333.00      6.00  server_poll

07:04:18 PM   UID       PID    %usr %system  %guest   %wait    %CPU   CPU  Command
07:04:19 PM  1000     12208    0.00    0.00    0.00    0.00    0.00     2  server_poll

07:04:18 PM   UID       PID   cswch/s nvcswch/s  Command
07:04:19 PM  1000     12208      0.00      0.00  server_poll

07:04:19 PM   UID       PID    %usr %system  %guest   %wait    %CPU   CPU  Command
07:04:20 PM  1000     12208    0.00    0.00    0.00    0.00    0.00     2  server_poll

07:04:19 PM   UID       PID   cswch/s nvcswch/s  Command
07:04:20 PM  1000     12208      0.00      0.00  server_poll

07:04:20 PM   UID       PID    %usr %system  %guest   %wait    %CPU   CPU  Command
07:04:21 PM  1000     12208    0.00    0.00    0.00    0.00    0.00     2  server_poll

07:04:20 PM   UID       PID   cswch/s nvcswch/s  Command
07:04:21 PM  1000     12208      0.00      0.00  server_poll

07:04:21 PM   UID       PID    %usr %system  %guest   %wait    %CPU   CPU  Command
07:04:22 PM  1000     12208    0.00    0.00    0.00    0.00    0.00     2  server_poll

07:04:21 PM   UID       PID   cswch/s nvcswch/s  Command
07:04:22 PM  1000     12208      0.00      0.00  server_poll

07:04:22 PM   UID       PID    %usr %system  %guest   %wait    %CPU   CPU  Command
07:04:23 PM  1000     12208    0.00    0.00    0.00    0.00    0.00     2  server_poll

07:04:22 PM   UID       PID   cswch/s nvcswch/s  Command
07:04:23 PM  1000     12208      0.00      0.00  server_poll

07:04:23 PM   UID       PID    %usr %system  %guest   %wait    %CPU   CPU  Command
07:04:24 PM  1000     12208    0.00    0.00    0.00    0.00    0.00     2  server_poll

07:04:23 PM   UID       PID   cswch/s nvcswch/s  Command
07:04:24 PM  1000     12208      0.00      0.00  server_poll

07:04:24 PM   UID       PID    %usr %system  %guest   %wait    %CPU   CPU  Command
07:04:25 PM  1000     12208    0.00    0.00    0.00    0.00    0.00     2  server_poll

07:04:24 PM   UID       PID   cswch/s nvcswch/s  Command
07:04:25 PM  1000     12208      0.00      0.00  server_poll

07:04:25 PM   UID       PID    %usr %system  %guest   %wait    %CPU   CPU  Command
07:04:26 PM  1000     12208    0.00    0.00    0.00    0.00    0.00     2  server_poll

07:04:25 PM   UID       PID   cswch/s nvcswch/s  Command
07:04:26 PM  1000     12208      0.00      0.00  server_poll

07:04:26 PM   UID       PID    %usr %system  %guest   %wait    %CPU   CPU  Command
07:04:27 PM  1000     12208    0.00    0.00    0.00    0.00    0.00     2  server_poll

07:04:26 PM   UID       PID   cswch/s nvcswch/s  Command
07:04:27 PM  1000     12208      0.00      0.00  server_poll


Average:      UID       PID    %usr %system  %guest   %wait    %CPU   CPU  Command
Average:     1000     12208    0.00    3.89    0.00    0.00    3.89     -  server_poll

Average:      UID       PID   cswch/s nvcswch/s  Command
Average:     1000     12208     33.23      0.60  server_poll
