Linux 7.0.0-31-generic (ubuntu-vm) 	09/10/2026 	_aarch64_	(4 CPU)

07:10:58 PM   UID       PID    %usr %system  %guest   %wait    %CPU   CPU  Command
07:10:59 PM  1000     13369    0.00    2.00    0.00    0.00    2.00     2  server_iouring

07:10:58 PM   UID       PID   cswch/s nvcswch/s  Command
07:10:59 PM  1000     13369    540.00      3.00  server_iouring

07:10:59 PM   UID       PID    %usr %system  %guest   %wait    %CPU   CPU  Command
07:11:00 PM  1000     13369    0.00    0.00    0.00    0.00    0.00     2  server_iouring

07:10:59 PM   UID       PID   cswch/s nvcswch/s  Command
07:11:00 PM  1000     13369      0.00      0.00  server_iouring

07:11:00 PM   UID       PID    %usr %system  %guest   %wait    %CPU   CPU  Command
07:11:01 PM  1000     13369    0.00    0.00    0.00    0.00    0.00     2  server_iouring

07:11:00 PM   UID       PID   cswch/s nvcswch/s  Command
07:11:01 PM  1000     13369      0.00      0.00  server_iouring

07:11:01 PM   UID       PID    %usr %system  %guest   %wait    %CPU   CPU  Command
07:11:02 PM  1000     13369    0.00    0.00    0.00    0.00    0.00     2  server_iouring

07:11:01 PM   UID       PID   cswch/s nvcswch/s  Command
07:11:02 PM  1000     13369      0.00      0.00  server_iouring

07:11:02 PM   UID       PID    %usr %system  %guest   %wait    %CPU   CPU  Command
07:11:03 PM  1000     13369    0.00    0.00    0.00    0.00    0.00     2  server_iouring

07:11:02 PM   UID       PID   cswch/s nvcswch/s  Command
07:11:03 PM  1000     13369      0.00      0.00  server_iouring

07:11:03 PM   UID       PID    %usr %system  %guest   %wait    %CPU   CPU  Command
07:11:04 PM  1000     13369    0.00    0.00    0.00    0.00    0.00     2  server_iouring

07:11:03 PM   UID       PID   cswch/s nvcswch/s  Command
07:11:04 PM  1000     13369      0.00      0.00  server_iouring

07:11:04 PM   UID       PID    %usr %system  %guest   %wait    %CPU   CPU  Command
07:11:05 PM  1000     13369    0.00    0.00    0.00    0.00    0.00     2  server_iouring

07:11:04 PM   UID       PID   cswch/s nvcswch/s  Command
07:11:05 PM  1000     13369      0.00      0.00  server_iouring

07:11:05 PM   UID       PID    %usr %system  %guest   %wait    %CPU   CPU  Command
07:11:06 PM  1000     13369    0.00    0.00    0.00    0.00    0.00     2  server_iouring

07:11:05 PM   UID       PID   cswch/s nvcswch/s  Command
07:11:06 PM  1000     13369      0.00      0.00  server_iouring

07:11:06 PM   UID       PID    %usr %system  %guest   %wait    %CPU   CPU  Command
07:11:07 PM  1000     13369    0.00    0.00    0.00    0.00    0.00     2  server_iouring

07:11:06 PM   UID       PID   cswch/s nvcswch/s  Command
07:11:07 PM  1000     13369      0.00      0.00  server_iouring

07:11:07 PM   UID       PID    %usr %system  %guest   %wait    %CPU   CPU  Command
07:11:08 PM  1000     13369    0.00    0.00    0.00    0.00    0.00     2  server_iouring

07:11:07 PM   UID       PID   cswch/s nvcswch/s  Command
07:11:08 PM  1000     13369      0.00      0.00  server_iouring


Average:      UID       PID    %usr %system  %guest   %wait    %CPU   CPU  Command
Average:     1000     13369    0.00    0.20    0.00    0.00    0.20     -  server_iouring

Average:      UID       PID   cswch/s nvcswch/s  Command
Average:     1000     13369     53.89      0.30  server_iouring
