Linux 7.0.0-31-generic (ubuntu-vm) 	09/10/2026 	_aarch64_	(4 CPU)

07:09:44 PM   UID       PID    %usr %system  %guest   %wait    %CPU   CPU  Command
07:09:45 PM  1000     13138    0.00    1.00    0.00    0.00    1.00     3  server_iouring

07:09:44 PM   UID       PID   cswch/s nvcswch/s  Command
07:09:45 PM  1000     13138    124.00      1.00  server_iouring

07:09:45 PM   UID       PID    %usr %system  %guest   %wait    %CPU   CPU  Command
07:09:46 PM  1000     13138    0.00    0.00    0.00    0.00    0.00     3  server_iouring

07:09:45 PM   UID       PID   cswch/s nvcswch/s  Command
07:09:46 PM  1000     13138      0.00      0.00  server_iouring

07:09:46 PM   UID       PID    %usr %system  %guest   %wait    %CPU   CPU  Command
07:09:47 PM  1000     13138    0.00    0.00    0.00    0.00    0.00     3  server_iouring

07:09:46 PM   UID       PID   cswch/s nvcswch/s  Command
07:09:47 PM  1000     13138      0.00      0.00  server_iouring

07:09:47 PM   UID       PID    %usr %system  %guest   %wait    %CPU   CPU  Command
07:09:48 PM  1000     13138    0.00    0.00    0.00    0.00    0.00     3  server_iouring

07:09:47 PM   UID       PID   cswch/s nvcswch/s  Command
07:09:48 PM  1000     13138      0.00      0.00  server_iouring

07:09:48 PM   UID       PID    %usr %system  %guest   %wait    %CPU   CPU  Command
07:09:49 PM  1000     13138    0.00    0.00    0.00    0.00    0.00     3  server_iouring

07:09:48 PM   UID       PID   cswch/s nvcswch/s  Command
07:09:49 PM  1000     13138      0.00      0.00  server_iouring

07:09:49 PM   UID       PID    %usr %system  %guest   %wait    %CPU   CPU  Command
07:09:50 PM  1000     13138    0.00    0.00    0.00    0.00    0.00     3  server_iouring

07:09:49 PM   UID       PID   cswch/s nvcswch/s  Command
07:09:50 PM  1000     13138      0.00      0.00  server_iouring

07:09:50 PM   UID       PID    %usr %system  %guest   %wait    %CPU   CPU  Command
07:09:51 PM  1000     13138    0.00    0.00    0.00    0.00    0.00     3  server_iouring

07:09:50 PM   UID       PID   cswch/s nvcswch/s  Command
07:09:51 PM  1000     13138      0.00      0.00  server_iouring

07:09:51 PM   UID       PID    %usr %system  %guest   %wait    %CPU   CPU  Command
07:09:52 PM  1000     13138    0.00    0.00    0.00    0.00    0.00     3  server_iouring

07:09:51 PM   UID       PID   cswch/s nvcswch/s  Command
07:09:52 PM  1000     13138      0.00      0.00  server_iouring

07:09:52 PM   UID       PID    %usr %system  %guest   %wait    %CPU   CPU  Command
07:09:53 PM  1000     13138    0.00    0.00    0.00    0.00    0.00     3  server_iouring

07:09:52 PM   UID       PID   cswch/s nvcswch/s  Command
07:09:53 PM  1000     13138      0.00      0.00  server_iouring

07:09:53 PM   UID       PID    %usr %system  %guest   %wait    %CPU   CPU  Command
07:09:54 PM  1000     13138    0.00    0.00    0.00    0.00    0.00     3  server_iouring

07:09:53 PM   UID       PID   cswch/s nvcswch/s  Command
07:09:54 PM  1000     13138      0.00      0.00  server_iouring


Average:      UID       PID    %usr %system  %guest   %wait    %CPU   CPU  Command
Average:     1000     13138    0.00    0.10    0.00    0.00    0.10     -  server_iouring

Average:      UID       PID   cswch/s nvcswch/s  Command
Average:     1000     13138     12.38      0.10  server_iouring
