Linux 7.0.0-31-generic (ubuntu-vm) 	09/10/2026 	_aarch64_	(4 CPU)

07:02:48 PM   UID       PID    %usr %system  %guest   %wait    %CPU   CPU  Command
07:02:49 PM  1000     11935    0.00    5.00    0.00    0.00    5.00     3  server_poll

07:02:48 PM   UID       PID   cswch/s nvcswch/s  Command
07:02:49 PM  1000     11935    174.00      4.00  server_poll

07:02:49 PM   UID       PID    %usr %system  %guest   %wait    %CPU   CPU  Command
07:02:50 PM  1000     11935    0.00    0.00    0.00    0.00    0.00     3  server_poll

07:02:49 PM   UID       PID   cswch/s nvcswch/s  Command
07:02:50 PM  1000     11935      0.00      0.00  server_poll

07:02:50 PM   UID       PID    %usr %system  %guest   %wait    %CPU   CPU  Command
07:02:51 PM  1000     11935    0.00    0.00    0.00    0.00    0.00     3  server_poll

07:02:50 PM   UID       PID   cswch/s nvcswch/s  Command
07:02:51 PM  1000     11935      0.00      0.00  server_poll

07:02:51 PM   UID       PID    %usr %system  %guest   %wait    %CPU   CPU  Command
07:02:52 PM  1000     11935    0.00    0.00    0.00    0.00    0.00     3  server_poll

07:02:51 PM   UID       PID   cswch/s nvcswch/s  Command
07:02:52 PM  1000     11935      0.00      0.00  server_poll

07:02:52 PM   UID       PID    %usr %system  %guest   %wait    %CPU   CPU  Command
07:02:53 PM  1000     11935    0.00    0.00    0.00    0.00    0.00     3  server_poll

07:02:52 PM   UID       PID   cswch/s nvcswch/s  Command
07:02:53 PM  1000     11935      0.00      0.00  server_poll

07:02:53 PM   UID       PID    %usr %system  %guest   %wait    %CPU   CPU  Command
07:02:54 PM  1000     11935    0.00    0.00    0.00    0.00    0.00     3  server_poll

07:02:53 PM   UID       PID   cswch/s nvcswch/s  Command
07:02:54 PM  1000     11935      0.00      0.00  server_poll

07:02:54 PM   UID       PID    %usr %system  %guest   %wait    %CPU   CPU  Command
07:02:55 PM  1000     11935    0.00    0.00    0.00    0.00    0.00     3  server_poll

07:02:54 PM   UID       PID   cswch/s nvcswch/s  Command
07:02:55 PM  1000     11935      0.00      0.00  server_poll

07:02:55 PM   UID       PID    %usr %system  %guest   %wait    %CPU   CPU  Command
07:02:56 PM  1000     11935    0.00    0.00    0.00    0.00    0.00     3  server_poll

07:02:55 PM   UID       PID   cswch/s nvcswch/s  Command
07:02:56 PM  1000     11935      0.00      0.00  server_poll

07:02:56 PM   UID       PID    %usr %system  %guest   %wait    %CPU   CPU  Command
07:02:57 PM  1000     11935    0.00    0.00    0.00    0.00    0.00     3  server_poll

07:02:56 PM   UID       PID   cswch/s nvcswch/s  Command
07:02:57 PM  1000     11935      0.00      0.00  server_poll

07:02:57 PM   UID       PID    %usr %system  %guest   %wait    %CPU   CPU  Command
07:02:58 PM  1000     11935    0.00    0.00    0.00    0.00    0.00     3  server_poll

07:02:57 PM   UID       PID   cswch/s nvcswch/s  Command
07:02:58 PM  1000     11935      0.00      0.00  server_poll


Average:      UID       PID    %usr %system  %guest   %wait    %CPU   CPU  Command
Average:     1000     11935    0.00    0.50    0.00    0.00    0.50     -  server_poll

Average:      UID       PID   cswch/s nvcswch/s  Command
Average:     1000     11935     17.38      0.40  server_poll
