Linux 7.0.0-31-generic (ubuntu-vm) 	09/10/2026 	_aarch64_	(4 CPU)

07:03:17 PM   UID       PID    %usr %system  %guest   %wait    %CPU   CPU  Command
07:03:18 PM  1000     12031    0.00   16.00    0.00    0.00   16.00     2  server_poll

07:03:17 PM   UID       PID   cswch/s nvcswch/s  Command
07:03:18 PM  1000     12031    295.00     12.00  server_poll

07:03:18 PM   UID       PID    %usr %system  %guest   %wait    %CPU   CPU  Command
07:03:19 PM  1000     12031    0.00    0.00    0.00    0.00    0.00     2  server_poll

07:03:18 PM   UID       PID   cswch/s nvcswch/s  Command
07:03:19 PM  1000     12031      0.00      0.00  server_poll

07:03:19 PM   UID       PID    %usr %system  %guest   %wait    %CPU   CPU  Command
07:03:20 PM  1000     12031    0.00    0.00    0.00    0.00    0.00     2  server_poll

07:03:19 PM   UID       PID   cswch/s nvcswch/s  Command
07:03:20 PM  1000     12031      0.00      0.00  server_poll

07:03:20 PM   UID       PID    %usr %system  %guest   %wait    %CPU   CPU  Command
07:03:21 PM  1000     12031    0.00    0.00    0.00    0.00    0.00     2  server_poll

07:03:20 PM   UID       PID   cswch/s nvcswch/s  Command
07:03:21 PM  1000     12031      0.00      0.00  server_poll

07:03:21 PM   UID       PID    %usr %system  %guest   %wait    %CPU   CPU  Command
07:03:22 PM  1000     12031    0.00    0.00    0.00    0.00    0.00     2  server_poll

07:03:21 PM   UID       PID   cswch/s nvcswch/s  Command
07:03:22 PM  1000     12031      0.00      0.00  server_poll

07:03:22 PM   UID       PID    %usr %system  %guest   %wait    %CPU   CPU  Command
07:03:23 PM  1000     12031    0.00    0.00    0.00    0.00    0.00     2  server_poll

07:03:22 PM   UID       PID   cswch/s nvcswch/s  Command
07:03:23 PM  1000     12031      0.00      0.00  server_poll

07:03:23 PM   UID       PID    %usr %system  %guest   %wait    %CPU   CPU  Command
07:03:24 PM  1000     12031    0.00    0.00    0.00    0.00    0.00     2  server_poll

07:03:23 PM   UID       PID   cswch/s nvcswch/s  Command
07:03:24 PM  1000     12031      0.00      0.00  server_poll

07:03:24 PM   UID       PID    %usr %system  %guest   %wait    %CPU   CPU  Command
07:03:25 PM  1000     12031    0.00    0.00    0.00    0.00    0.00     2  server_poll

07:03:24 PM   UID       PID   cswch/s nvcswch/s  Command
07:03:25 PM  1000     12031      0.00      0.00  server_poll

07:03:25 PM   UID       PID    %usr %system  %guest   %wait    %CPU   CPU  Command
07:03:26 PM  1000     12031    0.00    0.00    0.00    0.00    0.00     2  server_poll

07:03:25 PM   UID       PID   cswch/s nvcswch/s  Command
07:03:26 PM  1000     12031      0.00      0.00  server_poll

07:03:26 PM   UID       PID    %usr %system  %guest   %wait    %CPU   CPU  Command
07:03:27 PM  1000     12031    0.00    0.00    0.00    0.00    0.00     2  server_poll

07:03:26 PM   UID       PID   cswch/s nvcswch/s  Command
07:03:27 PM  1000     12031      0.00      0.00  server_poll


Average:      UID       PID    %usr %system  %guest   %wait    %CPU   CPU  Command
Average:     1000     12031    0.00    1.60    0.00    0.00    1.60     -  server_poll

Average:      UID       PID   cswch/s nvcswch/s  Command
Average:     1000     12031     29.44      1.20  server_poll
