Linux 7.0.0-31-generic (ubuntu-vm) 	09/10/2026 	_aarch64_	(4 CPU)

07:07:43 PM   UID       PID    %usr %system  %guest   %wait    %CPU   CPU  Command
07:07:44 PM  1000     12813    0.00    2.97    0.00    0.00    2.97     0  server_epoll

07:07:43 PM   UID       PID   cswch/s nvcswch/s  Command
07:07:44 PM  1000     12813    759.41      1.98  server_epoll

07:07:44 PM   UID       PID    %usr %system  %guest   %wait    %CPU   CPU  Command
07:07:45 PM  1000     12813    0.00    0.00    0.00    0.00    0.00     0  server_epoll

07:07:44 PM   UID       PID   cswch/s nvcswch/s  Command
07:07:45 PM  1000     12813      0.00      0.00  server_epoll

07:07:45 PM   UID       PID    %usr %system  %guest   %wait    %CPU   CPU  Command
07:07:46 PM  1000     12813    0.00    0.00    0.00    0.00    0.00     0  server_epoll

07:07:45 PM   UID       PID   cswch/s nvcswch/s  Command
07:07:46 PM  1000     12813      0.00      0.00  server_epoll

07:07:46 PM   UID       PID    %usr %system  %guest   %wait    %CPU   CPU  Command
07:07:47 PM  1000     12813    0.00    0.00    0.00    0.00    0.00     0  server_epoll

07:07:46 PM   UID       PID   cswch/s nvcswch/s  Command
07:07:47 PM  1000     12813      0.00      0.00  server_epoll

07:07:47 PM   UID       PID    %usr %system  %guest   %wait    %CPU   CPU  Command
07:07:48 PM  1000     12813    0.00    0.00    0.00    0.00    0.00     0  server_epoll

07:07:47 PM   UID       PID   cswch/s nvcswch/s  Command
07:07:48 PM  1000     12813      0.00      0.00  server_epoll

07:07:48 PM   UID       PID    %usr %system  %guest   %wait    %CPU   CPU  Command
07:07:49 PM  1000     12813    0.00    0.00    0.00    0.00    0.00     0  server_epoll

07:07:48 PM   UID       PID   cswch/s nvcswch/s  Command
07:07:49 PM  1000     12813      0.00      0.00  server_epoll

07:07:49 PM   UID       PID    %usr %system  %guest   %wait    %CPU   CPU  Command
07:07:50 PM  1000     12813    0.00    0.00    0.00    0.00    0.00     0  server_epoll

07:07:49 PM   UID       PID   cswch/s nvcswch/s  Command
07:07:50 PM  1000     12813      0.00      0.00  server_epoll

07:07:50 PM   UID       PID    %usr %system  %guest   %wait    %CPU   CPU  Command
07:07:51 PM  1000     12813    0.00    0.00    0.00    0.00    0.00     0  server_epoll

07:07:50 PM   UID       PID   cswch/s nvcswch/s  Command
07:07:51 PM  1000     12813      0.00      0.00  server_epoll

07:07:51 PM   UID       PID    %usr %system  %guest   %wait    %CPU   CPU  Command
07:07:52 PM  1000     12813    0.00    0.00    0.00    0.00    0.00     0  server_epoll

07:07:51 PM   UID       PID   cswch/s nvcswch/s  Command
07:07:52 PM  1000     12813      0.00      0.00  server_epoll

07:07:52 PM   UID       PID    %usr %system  %guest   %wait    %CPU   CPU  Command
07:07:53 PM  1000     12813    0.00    0.00    0.00    0.00    0.00     0  server_epoll

07:07:52 PM   UID       PID   cswch/s nvcswch/s  Command
07:07:53 PM  1000     12813      0.00      0.00  server_epoll


Average:      UID       PID    %usr %system  %guest   %wait    %CPU   CPU  Command
Average:     1000     12813    0.00    0.30    0.00    0.00    0.30     -  server_epoll

Average:      UID       PID   cswch/s nvcswch/s  Command
Average:     1000     12813     76.55      0.20  server_epoll
