Linux 7.0.0-31-generic (ubuntu-vm) 	09/10/2026 	_aarch64_	(4 CPU)

07:09:15 PM   UID       PID    %usr %system  %guest   %wait    %CPU   CPU  Command
07:09:16 PM  1000     13048    0.00    0.00    0.00    0.00    0.00     1  server_iouring

07:09:15 PM   UID       PID   cswch/s nvcswch/s  Command
07:09:16 PM  1000     13048      2.00      0.00  server_iouring

07:09:16 PM   UID       PID    %usr %system  %guest   %wait    %CPU   CPU  Command
07:09:17 PM  1000     13048    0.00    0.00    0.00    0.00    0.00     1  server_iouring

07:09:16 PM   UID       PID   cswch/s nvcswch/s  Command
07:09:17 PM  1000     13048      0.00      0.00  server_iouring

07:09:17 PM   UID       PID    %usr %system  %guest   %wait    %CPU   CPU  Command
07:09:18 PM  1000     13048    0.00    0.00    0.00    0.00    0.00     1  server_iouring

07:09:17 PM   UID       PID   cswch/s nvcswch/s  Command
07:09:18 PM  1000     13048      0.00      0.00  server_iouring

07:09:18 PM   UID       PID    %usr %system  %guest   %wait    %CPU   CPU  Command
07:09:19 PM  1000     13048    0.00    0.00    0.00    0.00    0.00     1  server_iouring

07:09:18 PM   UID       PID   cswch/s nvcswch/s  Command
07:09:19 PM  1000     13048      0.00      0.00  server_iouring

07:09:19 PM   UID       PID    %usr %system  %guest   %wait    %CPU   CPU  Command
07:09:20 PM  1000     13048    0.00    0.00    0.00    0.00    0.00     1  server_iouring

07:09:19 PM   UID       PID   cswch/s nvcswch/s  Command
07:09:20 PM  1000     13048      0.00      0.00  server_iouring

07:09:20 PM   UID       PID    %usr %system  %guest   %wait    %CPU   CPU  Command
07:09:21 PM  1000     13048    0.00    0.00    0.00    0.00    0.00     1  server_iouring

07:09:20 PM   UID       PID   cswch/s nvcswch/s  Command
07:09:21 PM  1000     13048      0.00      0.00  server_iouring

07:09:21 PM   UID       PID    %usr %system  %guest   %wait    %CPU   CPU  Command
07:09:22 PM  1000     13048    0.00    0.00    0.00    0.00    0.00     1  server_iouring

07:09:21 PM   UID       PID   cswch/s nvcswch/s  Command
07:09:22 PM  1000     13048      0.00      0.00  server_iouring

07:09:22 PM   UID       PID    %usr %system  %guest   %wait    %CPU   CPU  Command
07:09:23 PM  1000     13048    0.00    0.00    0.00    0.00    0.00     1  server_iouring

07:09:22 PM   UID       PID   cswch/s nvcswch/s  Command
07:09:23 PM  1000     13048      0.00      0.00  server_iouring

07:09:23 PM   UID       PID    %usr %system  %guest   %wait    %CPU   CPU  Command
07:09:24 PM  1000     13048    0.00    0.00    0.00    0.00    0.00     1  server_iouring

07:09:23 PM   UID       PID   cswch/s nvcswch/s  Command
07:09:24 PM  1000     13048      0.00      0.00  server_iouring


Average:      UID       PID    %usr %system  %guest   %wait    %CPU   CPU  Command
Average:     1000     13048    0.00    0.00    0.00    0.00    0.00     -  server_iouring

Average:      UID       PID   cswch/s nvcswch/s  Command
Average:     1000     13048      0.22      0.00  server_iouring
