Linux 7.0.0-31-generic (ubuntu-vm) 	09/10/2026 	_aarch64_	(4 CPU)

07:09:59 PM   UID       PID    %usr %system  %guest   %wait    %CPU   CPU  Command
07:10:00 PM  1000     13183    0.00    1.00    0.00    0.00    1.00     2  server_iouring

07:09:59 PM   UID       PID   cswch/s nvcswch/s  Command
07:10:00 PM  1000     13183    188.00      2.00  server_iouring

07:10:00 PM   UID       PID    %usr %system  %guest   %wait    %CPU   CPU  Command
07:10:01 PM  1000     13183    0.00    0.00    0.00    0.00    0.00     2  server_iouring

07:10:00 PM   UID       PID   cswch/s nvcswch/s  Command
07:10:01 PM  1000     13183      0.00      0.00  server_iouring

07:10:01 PM   UID       PID    %usr %system  %guest   %wait    %CPU   CPU  Command
07:10:02 PM  1000     13183    0.00    0.00    0.00    0.00    0.00     2  server_iouring

07:10:01 PM   UID       PID   cswch/s nvcswch/s  Command
07:10:02 PM  1000     13183      0.00      0.00  server_iouring

07:10:02 PM   UID       PID    %usr %system  %guest   %wait    %CPU   CPU  Command
07:10:03 PM  1000     13183    0.00    0.00    0.00    0.00    0.00     2  server_iouring

07:10:02 PM   UID       PID   cswch/s nvcswch/s  Command
07:10:03 PM  1000     13183      0.00      0.00  server_iouring

07:10:03 PM   UID       PID    %usr %system  %guest   %wait    %CPU   CPU  Command
07:10:04 PM  1000     13183    0.00    0.00    0.00    0.00    0.00     2  server_iouring

07:10:03 PM   UID       PID   cswch/s nvcswch/s  Command
07:10:04 PM  1000     13183      0.00      0.00  server_iouring

07:10:04 PM   UID       PID    %usr %system  %guest   %wait    %CPU   CPU  Command
07:10:05 PM  1000     13183    0.00    0.00    0.00    0.00    0.00     2  server_iouring

07:10:04 PM   UID       PID   cswch/s nvcswch/s  Command
07:10:05 PM  1000     13183      0.00      0.00  server_iouring

07:10:05 PM   UID       PID    %usr %system  %guest   %wait    %CPU   CPU  Command
07:10:06 PM  1000     13183    0.00    0.00    0.00    0.00    0.00     2  server_iouring

07:10:05 PM   UID       PID   cswch/s nvcswch/s  Command
07:10:06 PM  1000     13183      0.00      0.00  server_iouring

07:10:06 PM   UID       PID    %usr %system  %guest   %wait    %CPU   CPU  Command
07:10:07 PM  1000     13183    0.00    0.00    0.00    0.00    0.00     2  server_iouring

07:10:06 PM   UID       PID   cswch/s nvcswch/s  Command
07:10:07 PM  1000     13183      0.00      0.00  server_iouring

07:10:07 PM   UID       PID    %usr %system  %guest   %wait    %CPU   CPU  Command
07:10:08 PM  1000     13183    0.00    0.00    0.00    0.00    0.00     2  server_iouring

07:10:07 PM   UID       PID   cswch/s nvcswch/s  Command
07:10:08 PM  1000     13183      0.00      0.00  server_iouring

07:10:08 PM   UID       PID    %usr %system  %guest   %wait    %CPU   CPU  Command
07:10:09 PM  1000     13183    0.00    0.00    0.00    0.00    0.00     2  server_iouring

07:10:08 PM   UID       PID   cswch/s nvcswch/s  Command
07:10:09 PM  1000     13183      0.00      0.00  server_iouring


Average:      UID       PID    %usr %system  %guest   %wait    %CPU   CPU  Command
Average:     1000     13183    0.00    0.10    0.00    0.00    0.10     -  server_iouring

Average:      UID       PID   cswch/s nvcswch/s  Command
Average:     1000     13183     18.78      0.20  server_iouring
