Linux 7.0.0-31-generic (ubuntu-vm) 	09/10/2026 	_aarch64_	(4 CPU)

07:08:13 PM   UID       PID    %usr %system  %guest   %wait    %CPU   CPU  Command
07:08:14 PM  1000     12903    0.00    5.00    0.00    1.00    5.00     0  server_epoll

07:08:13 PM   UID       PID   cswch/s nvcswch/s  Command
07:08:14 PM  1000     12903   1500.00      5.00  server_epoll

07:08:14 PM   UID       PID    %usr %system  %guest   %wait    %CPU   CPU  Command
07:08:15 PM  1000     12903    0.00    0.00    0.00    0.00    0.00     0  server_epoll

07:08:14 PM   UID       PID   cswch/s nvcswch/s  Command
07:08:15 PM  1000     12903      0.00      0.00  server_epoll

07:08:15 PM   UID       PID    %usr %system  %guest   %wait    %CPU   CPU  Command
07:08:16 PM  1000     12903    0.00    0.00    0.00    0.00    0.00     0  server_epoll

07:08:15 PM   UID       PID   cswch/s nvcswch/s  Command
07:08:16 PM  1000     12903      0.00      0.00  server_epoll

07:08:16 PM   UID       PID    %usr %system  %guest   %wait    %CPU   CPU  Command
07:08:17 PM  1000     12903    0.00    0.00    0.00    0.00    0.00     0  server_epoll

07:08:16 PM   UID       PID   cswch/s nvcswch/s  Command
07:08:17 PM  1000     12903      0.00      0.00  server_epoll

07:08:17 PM   UID       PID    %usr %system  %guest   %wait    %CPU   CPU  Command
07:08:18 PM  1000     12903    0.00    0.00    0.00    0.00    0.00     0  server_epoll

07:08:17 PM   UID       PID   cswch/s nvcswch/s  Command
07:08:18 PM  1000     12903      0.00      0.00  server_epoll

07:08:18 PM   UID       PID    %usr %system  %guest   %wait    %CPU   CPU  Command
07:08:19 PM  1000     12903    0.00    0.00    0.00    0.00    0.00     0  server_epoll

07:08:18 PM   UID       PID   cswch/s nvcswch/s  Command
07:08:19 PM  1000     12903      0.00      0.00  server_epoll

07:08:19 PM   UID       PID    %usr %system  %guest   %wait    %CPU   CPU  Command
07:08:20 PM  1000     12903    0.00    0.00    0.00    0.00    0.00     0  server_epoll

07:08:19 PM   UID       PID   cswch/s nvcswch/s  Command
07:08:20 PM  1000     12903      0.00      0.00  server_epoll

07:08:20 PM   UID       PID    %usr %system  %guest   %wait    %CPU   CPU  Command
07:08:21 PM  1000     12903    0.00    0.00    0.00    0.00    0.00     0  server_epoll

07:08:20 PM   UID       PID   cswch/s nvcswch/s  Command
07:08:21 PM  1000     12903      0.00      0.00  server_epoll

07:08:21 PM   UID       PID    %usr %system  %guest   %wait    %CPU   CPU  Command
07:08:22 PM  1000     12903    0.00    0.00    0.00    0.00    0.00     0  server_epoll

07:08:21 PM   UID       PID   cswch/s nvcswch/s  Command
07:08:22 PM  1000     12903      0.00      0.00  server_epoll

07:08:22 PM   UID       PID    %usr %system  %guest   %wait    %CPU   CPU  Command
07:08:23 PM  1000     12903    0.00    0.00    0.00    0.00    0.00     0  server_epoll

07:08:22 PM   UID       PID   cswch/s nvcswch/s  Command
07:08:23 PM  1000     12903      0.00      0.00  server_epoll


Average:      UID       PID    %usr %system  %guest   %wait    %CPU   CPU  Command
Average:     1000     12903    0.00    0.50    0.00    0.10    0.50     -  server_epoll

Average:      UID       PID   cswch/s nvcswch/s  Command
Average:     1000     12903    150.00      0.50  server_epoll
