epoll server listening on port 8080 with backlog 4096 (server_fd=3, epoll_fd=4)
New client connected with client_fd = 5
Client disconnected (client_fd = 5)
New client connected with client_fd = 5
New client connected with client_fd = 6
New client connected with client_fd = 7
New client connected with client_fd = 8
New client connected with client_fd = 9
New client connected with client_fd = 10
New client connected with client_fd = 11
New client connected with client_fd = 12
New client connected with client_fd = 13
New client connected with client_fd = 14
New client connected with client_fd = 15
New client connected with client_fd = 16
New client connected with client_fd = 17
New client connected with client_fd = 18
New client connected with client_fd = 19
New client connected with client_fd = 20
New client connected with client_fd = 21
New client connected with client_fd = 22
New client connected with client_fd = 23
New client connected with client_fd = 24
New client connected with client_fd = 25
New client connected with client_fd = 26
New client connected with client_fd = 27
New client connected with client_fd = 28
New client connected with client_fd = 29
New client connected with client_fd = 30
New client connected with client_fd = 31
New client connected with client_fd = 32
New client connected with client_fd = 33
New client connected with client_fd = 34
New client connected with client_fd = 35
New client connected with client_fd = 36
New client connected with client_fd = 37
New client connected with client_fd = 38
New client connected with client_fd = 39
New client connected with client_fd = 40
New client connected with client_fd = 41
New client connected with client_fd = 42
New client connected with client_fd = 43
New client connected with client_fd = 44
New client connected with client_fd = 45
New client connected with client_fd = 46
New client connected with client_fd = 47
New client connected with client_fd = 48
New client connected with client_fd = 49
New client connected with client_fd = 50
New client connected with client_fd = 51
New client connected with client_fd = 52
New client connected with client_fd = 53
New client connected with client_fd = 54
New client connected with client_fd = 55
New client connected with client_fd = 56
New client connected with client_fd = 57
New client connected with client_fd = 58
New client connected with client_fd = 59
New client connected with client_fd = 60
New client connected with client_fd = 61
New client connected with client_fd = 62
New client connected with client_fd = 63
New client connected with client_fd = 64
New client connected with client_fd = 65
New client connected with client_fd = 66
New client connected with client_fd = 67
New client connected with client_fd = 68
New client connected with client_fd = 69
New client connected with client_fd = 70
New client connected with client_fd = 71
New client connected with client_fd = 72
New client connected with client_fd = 73
New client connected with client_fd = 74
New client connected with client_fd = 75
New client connected with client_fd = 76
New client connected with client_fd = 77
New client connected with client_fd = 78
New client connected with client_fd = 79
New client connected with client_fd = 80
New client connected with client_fd = 81
New client connected with client_fd = 82
New client connected with client_fd = 83
New client connected with client_fd = 84
New client connected with client_fd = 85
New client connected with client_fd = 86
New client connected with client_fd = 87
New client connected with client_fd = 88
New client connected with client_fd = 89
New client connected with client_fd = 90
New client connected with client_fd = 91
New client connected with client_fd = 92
New client connected with client_fd = 93
New client connected with client_fd = 94
New client connected with client_fd = 95
New client connected with client_fd = 96
New client connected with client_fd = 97
New client connected with client_fd = 98
New client connected with client_fd = 99
New client connected with client_fd = 100
New client connected with client_fd = 101
New client connected with client_fd = 102
New client connected with client_fd = 103
New client connected with client_fd = 104
New client connected with client_fd = 105
New client connected with client_fd = 106
New client connected with client_fd = 107
New client connected with client_fd = 108
New client connected with client_fd = 109
New client connected with client_fd = 110
New client connected with client_fd = 111
New client connected with client_fd = 112
New client connected with client_fd = 113
New client connected with client_fd = 114
New client connected with client_fd = 115
New client connected with client_fd = 116
New client connected with client_fd = 117
New client connected with client_fd = 118
New client connected with client_fd = 119
New client connected with client_fd = 120
New client connected with client_fd = 121
New client connected with client_fd = 122
New client connected with client_fd = 123
New client connected with client_fd = 124
New client connected with client_fd = 125
New client connected with client_fd = 126
New client connected with client_fd = 127
New client connected with client_fd = 128
New client connected with client_fd = 129
New client connected with client_fd = 130
New client connected with client_fd = 131
New client connected with client_fd = 132
New client connected with client_fd = 133
New client connected with client_fd = 134
New client connected with client_fd = 135
New client connected with client_fd = 136
New client connected with client_fd = 137
New client connected with client_fd = 138
New client connected with client_fd = 139
New client connected with client_fd = 140
New client connected with client_fd = 141
New client connected with client_fd = 142
New client connected with client_fd = 143
New client connected with client_fd = 144
New client connected with client_fd = 145
New client connected with client_fd = 146
New client connected with client_fd = 147
New client connected with client_fd = 148
New client connected with client_fd = 149
New client connected with client_fd = 150
New client connected with client_fd = 151
New client connected with client_fd = 152
New client connected with client_fd = 153
New client connected with client_fd = 154
New client connected with client_fd = 155
New client connected with client_fd = 156
New client connected with client_fd = 157
New client connected with client_fd = 158
New client connected with client_fd = 159
New client connected with client_fd = 160
New client connected with client_fd = 161
New client connected with client_fd = 162
New client connected with client_fd = 163
New client connected with client_fd = 164
New client connected with client_fd = 165
New client connected with client_fd = 166
New client connected with client_fd = 167
New client connected with client_fd = 168
New client connected with client_fd = 169
New client connected with client_fd = 170
New client connected with client_fd = 171
New client connected with client_fd = 172
New client connected with client_fd = 173
New client connected with client_fd = 174
New client connected with client_fd = 175
New client connected with client_fd = 176
New client connected with client_fd = 177
New client connected with client_fd = 178
New client connected with client_fd = 179
New client connected with client_fd = 180
New client connected with client_fd = 181
New client connected with client_fd = 182
New client connected with client_fd = 183
New client connected with client_fd = 184
New client connected with client_fd = 185
New client connected with client_fd = 186
New client connected with client_fd = 187
New client connected with client_fd = 188
New client connected with client_fd = 189
New client connected with client_fd = 190
New client connected with client_fd = 191
New client connected with client_fd = 192
New client connected with client_fd = 193
New client connected with client_fd = 194
New client connected with client_fd = 195
New client connected with client_fd = 196
New client connected with client_fd = 197
New client connected with client_fd = 198
New client connected with client_fd = 199
New client connected with client_fd = 200
New client connected with client_fd = 201
New client connected with client_fd = 202
New client connected with client_fd = 203
New client connected with client_fd = 204
New client connected with client_fd = 205
New client connected with client_fd = 206
New client connected with client_fd = 207
New client connected with client_fd = 208
New client connected with client_fd = 209
New client connected with client_fd = 210
New client connected with client_fd = 211
New client connected with client_fd = 212
New client connected with client_fd = 213
New client connected with client_fd = 214
New client connected with client_fd = 215
New client connected with client_fd = 216
New client connected with client_fd = 217
New client connected with client_fd = 218
New client connected with client_fd = 219
New client connected with client_fd = 220
New client connected with client_fd = 221
New client connected with client_fd = 222
New client connected with client_fd = 223
New client connected with client_fd = 224
New client connected with client_fd = 225
New client connected with client_fd = 226
New client connected with client_fd = 227
New client connected with client_fd = 228
New client connected with client_fd = 229
New client connected with client_fd = 230
New client connected with client_fd = 231
New client connected with client_fd = 232
New client connected with client_fd = 233
New client connected with client_fd = 234
New client connected with client_fd = 235
New client connected with client_fd = 236
New client connected with client_fd = 237
New client connected with client_fd = 238
New client connected with client_fd = 239
New client connected with client_fd = 240
New client connected with client_fd = 241
New client connected with client_fd = 242
New client connected with client_fd = 243
New client connected with client_fd = 244
New client connected with client_fd = 245
New client connected with client_fd = 246
New client connected with client_fd = 247
New client connected with client_fd = 248
New client connected with client_fd = 249
New client connected with client_fd = 250
New client connected with client_fd = 251
New client connected with client_fd = 252
New client connected with client_fd = 253
New client connected with client_fd = 254
New client connected with client_fd = 255
New client connected with client_fd = 256
New client connected with client_fd = 257
New client connected with client_fd = 258
New client connected with client_fd = 259
New client connected with client_fd = 260
New client connected with client_fd = 261
New client connected with client_fd = 262
New client connected with client_fd = 263
New client connected with client_fd = 264
New client connected with client_fd = 265
New client connected with client_fd = 266
New client connected with client_fd = 267
New client connected with client_fd = 268
New client connected with client_fd = 269
New client connected with client_fd = 270
New client connected with client_fd = 271
New client connected with client_fd = 272
New client connected with client_fd = 273
New client connected with client_fd = 274
New client connected with client_fd = 275
New client connected with client_fd = 276
New client connected with client_fd = 277
New client connected with client_fd = 278
New client connected with client_fd = 279
New client connected with client_fd = 280
New client connected with client_fd = 281
New client connected with client_fd = 282
New client connected with client_fd = 283
New client connected with client_fd = 284
New client connected with client_fd = 285
New client connected with client_fd = 286
New client connected with client_fd = 287
New client connected with client_fd = 288
New client connected with client_fd = 289
New client connected with client_fd = 290
New client connected with client_fd = 291
New client connected with client_fd = 292
New client connected with client_fd = 293
New client connected with client_fd = 294
New client connected with client_fd = 295
New client connected with client_fd = 296
New client connected with client_fd = 297
New client connected with client_fd = 298
New client connected with client_fd = 299
New client connected with client_fd = 300
New client connected with client_fd = 301
New client connected with client_fd = 302
New client connected with client_fd = 303
New client connected with client_fd = 304
New client connected with client_fd = 305
New client connected with client_fd = 306
New client connected with client_fd = 307
New client connected with client_fd = 308
New client connected with client_fd = 309
New client connected with client_fd = 310
New client connected with client_fd = 311
New client connected with client_fd = 312
New client connected with client_fd = 313
New client connected with client_fd = 314
New client connected with client_fd = 315
New client connected with client_fd = 316
New client connected with client_fd = 317
New client connected with client_fd = 318
New client connected with client_fd = 319
New client connected with client_fd = 320
New client connected with client_fd = 321
New client connected with client_fd = 322
New client connected with client_fd = 323
New client connected with client_fd = 324
New client connected with client_fd = 325
New client connected with client_fd = 326
New client connected with client_fd = 327
New client connected with client_fd = 328
New client connected with client_fd = 329
New client connected with client_fd = 330
New client connected with client_fd = 331
New client connected with client_fd = 332
New client connected with client_fd = 333
New client connected with client_fd = 334
New client connected with client_fd = 335
New client connected with client_fd = 336
New client connected with client_fd = 337
New client connected with client_fd = 338
New client connected with client_fd = 339
New client connected with client_fd = 340
New client connected with client_fd = 341
New client connected with client_fd = 342
New client connected with client_fd = 343
New client connected with client_fd = 344
New client connected with client_fd = 345
New client connected with client_fd = 346
New client connected with client_fd = 347
New client connected with client_fd = 348
New client connected with client_fd = 349
New client connected with client_fd = 350
New client connected with client_fd = 351
New client connected with client_fd = 352
New client connected with client_fd = 353
New client connected with client_fd = 354
New client connected with client_fd = 355
New client connected with client_fd = 356
New client connected with client_fd = 357
New client connected with client_fd = 358
New client connected with client_fd = 359
New client connected with client_fd = 360
New client connected with client_fd = 361
New client connected with client_fd = 362
New client connected with client_fd = 363
New client connected with client_fd = 364
New client connected with client_fd = 365
New client connected with client_fd = 366
New client connected with client_fd = 367
New client connected with client_fd = 368
New client connected with client_fd = 369
New client connected with client_fd = 370
New client connected with client_fd = 371
New client connected with client_fd = 372
New client connected with client_fd = 373
New client connected with client_fd = 374
New client connected with client_fd = 375
New client connected with client_fd = 376
New client connected with client_fd = 377
New client connected with client_fd = 378
New client connected with client_fd = 379
New client connected with client_fd = 380
New client connected with client_fd = 381
New client connected with client_fd = 382
New client connected with client_fd = 383
New client connected with client_fd = 384
New client connected with client_fd = 385
New client connected with client_fd = 386
New client connected with client_fd = 387
New client connected with client_fd = 388
New client connected with client_fd = 389
New client connected with client_fd = 390
New client connected with client_fd = 391
New client connected with client_fd = 392
New client connected with client_fd = 393
New client connected with client_fd = 394
New client connected with client_fd = 395
New client connected with client_fd = 396
New client connected with client_fd = 397
New client connected with client_fd = 398
New client connected with client_fd = 399
New client connected with client_fd = 400
New client connected with client_fd = 401
New client connected with client_fd = 402
New client connected with client_fd = 403
New client connected with client_fd = 404
New client connected with client_fd = 405
New client connected with client_fd = 406
New client connected with client_fd = 407
New client connected with client_fd = 408
New client connected with client_fd = 409
New client connected with client_fd = 410
New client connected with client_fd = 411
New client connected with client_fd = 412
New client connected with client_fd = 413
New client connected with client_fd = 414
New client connected with client_fd = 415
New client connected with client_fd = 416
New client connected with client_fd = 417
New client connected with client_fd = 418
New client connected with client_fd = 419
New client connected with client_fd = 420
New client connected with client_fd = 421
New client connected with client_fd = 422
New client connected with client_fd = 423
New client connected with client_fd = 424
New client connected with client_fd = 425
New client connected with client_fd = 426
New client connected with client_fd = 427
New client connected with client_fd = 428
New client connected with client_fd = 429
New client connected with client_fd = 430
New client connected with client_fd = 431
New client connected with client_fd = 432
New client connected with client_fd = 433
New client connected with client_fd = 434
New client connected with client_fd = 435
New client connected with client_fd = 436
New client connected with client_fd = 437
New client connected with client_fd = 438
New client connected with client_fd = 439
New client connected with client_fd = 440
New client connected with client_fd = 441
New client connected with client_fd = 442
New client connected with client_fd = 443
New client connected with client_fd = 444
New client connected with client_fd = 445
New client connected with client_fd = 446
New client connected with client_fd = 447
New client connected with client_fd = 448
New client connected with client_fd = 449
New client connected with client_fd = 450
New client connected with client_fd = 451
New client connected with client_fd = 452
New client connected with client_fd = 453
New client connected with client_fd = 454
New client connected with client_fd = 455
New client connected with client_fd = 456
New client connected with client_fd = 457
New client connected with client_fd = 458
New client connected with client_fd = 459
New client connected with client_fd = 460
New client connected with client_fd = 461
New client connected with client_fd = 462
New client connected with client_fd = 463
New client connected with client_fd = 464
New client connected with client_fd = 465
New client connected with client_fd = 466
New client connected with client_fd = 467
New client connected with client_fd = 468
New client connected with client_fd = 469
New client connected with client_fd = 470
New client connected with client_fd = 471
New client connected with client_fd = 472
New client connected with client_fd = 473
New client connected with client_fd = 474
New client connected with client_fd = 475
New client connected with client_fd = 476
New client connected with client_fd = 477
New client connected with client_fd = 478
New client connected with client_fd = 479
New client connected with client_fd = 480
New client connected with client_fd = 481
New client connected with client_fd = 482
New client connected with client_fd = 483
New client connected with client_fd = 484
New client connected with client_fd = 485
New client connected with client_fd = 486
New client connected with client_fd = 487
New client connected with client_fd = 488
New client connected with client_fd = 489
New client connected with client_fd = 490
New client cOutbound buffer overflow on client_fd 452
Outbound buffer overflow on client_fd 453
Outbound buffer overflow on client_fd 454
Outbound buffer overflow on client_fd 455
Outbound buffer overflow on client_fd 456
Outbound buffer overflow on client_fd 457
Outbound buffer overflow on client_fd 458
Outbound buffer overflow on client_fd 459
Outbound buffer overflow on client_fd 460
Outbound buffer overflow on client_fd 461
Outbound buffer overflow on client_fd 420
Outbound buffer overflow on client_fd 421
Outbound buffer overflow on client_fd 422
Outbound buffer overflow on client_fd 423
Outbound buffer overflow on client_fd 425
Outbound buffer overflow on client_fd 426
Outbound buffer overflow on client_fd 427
Outbound buffer overflow on client_fd 428
Outbound buffer overflow on client_fd 429
Outbound buffer overflow on client_fd 430
Outbound buffer overflow on client_fd 431
Outbound buffer overflow on client_fd 433
Outbound buffer overflow on client_fd 434
Outbound buffer overflow on client_fd 435
Outbound buffer overflow on client_fd 436
Outbound buffer overflow on client_fd 437
Outbound buffer overflow on client_fd 438
Outbound buffer overflow on client_fd 417
Outbound buffer overflow on client_fd 418
Outbound buffer overflow on client_fd 419
Outbound buffer overflow on client_fd 303
Outbound buffer overflow on client_fd 304
Outbound buffer overflow on client_fd 305
Outbound buffer overflow on client_fd 306
Outbound buffer overflow on client_fd 307
Outbound buffer overflow on client_fd 23
Outbound buffer overflow on client_fd 32
Outbound buffer overflow on client_fd 347
Outbound buffer overflow on client_fd 348
Outbound buffer overflow on client_fd 349
Outbound buffer overflow on client_fd 350
Outbound buffer overflow on client_fd 351
Outbound buffer overflow on client_fd 352
Outbound buffer overflow on client_fd 353
Outbound buffer overflow on client_fd 354
Outbound buffer overflow on client_fd 355
Outbound buffer overflow on client_fd 356
Outbound buffer overflow on client_fd 357
Outbound buffer overflow on client_fd 358
Outbound buffer overflow on client_fd 359
Outbound buffer overflow on client_fd 360
Outbound buffer overflow on client_fd 45
Outbound buffer overflow on client_fd 46
Outbound buffer overflow on client_fd 60
Outbound buffer overflow on client_fd 61
Outbound buffer overflow on client_fd 199
Outbound buffer overflow on client_fd 200
Outbound buffer overflow on client_fd 201
Outbound buffer overflow on client_fd 202
Outbound buffer overflow on client_fd 131
Outbound buffer overflow on client_fd 132
Outbound buffer overflow on client_fd 133
Outbound buffer overflow on client_fd 134
Outbound buffer overflow on client_fd 361
Outbound buffer overflow on client_fd 362
Outbound buffer overflow on client_fd 363
Outbound buffer overflow on client_fd 364
Outbound buffer overflow on client_fd 365
Outbound buffer overflow on client_fd 366
Outbound buffer overflow on client_fd 367
Outbound buffer overflow on client_fd 368
Outbound buffer overflow on client_fd 369
Outbound buffer overflow on client_fd 370
Outbound buffer overflow on client_fd 371
Outbound buffer overflow on client_fd 372
Outbound buffer overflow on client_fd 15
Outbound buffer overflow on client_fd 24
Outbound buffer overflow on client_fd 33
Outbound buffer overflow on client_fd 135
Outbound buffer overflow on client_fd 136
Outbound buffer overflow on client_fd 203
Outbound buffer overflow on client_fd 204
Outbound buffer overflow on client_fd 205
Outbound buffer overflow on client_fd 206
Outbound buffer overflow on client_fd 66
Outbound buffer overflow on client_fd 67
Outbound buffer overflow on client_fd 94
Outbound buffer overflow on client_fd 95
Outbound buffer overflow on client_fd 96
Outbound buffer overflow on client_fd 313
Outbound buffer overflow on client_fd 314
Outbound buffer overflow on client_fd 315
Outbound buffer overflow on client_fd 316
Outbound buffer overflow on client_fd 373
Outbound buffer overflow on client_fd 374
Outbound buffer overflow on client_fd 375
Outbound buffer overflow on client_fd 376
Outbound buffer overflow on client_fd 377
Outbound buffer overflow on client_fd 378
Outbound buffer overflow on client_fd 379
Outbound buffer overflow on client_fd 380
Outbound buffer overflow on client_fd 381
Outbound buffer overflow on client_fd 382
Outbound buffer overflow on client_fd 383
Outbound buffer overflow on client_fd 384
Outbound buffer overflow on client_fd 385
Outbound buffer overflow on client_fd 386
Outbound buffer overflow on client_fd 310
Outbound buffer overflow on client_fd 311
Outbound buffer overflow on client_fd 312
Outbound buffer overflow on client_fd 22
Outbound buffer overflow on client_fd 137
Outbound buffer overflow on client_fd 138
Outbound buffer overflow on client_fd 47
Outbound buffer overflow on client_fd 207
Outbound buffer overflow on client_fd 208
Outbound buffer overflow on client_fd 209
Outbound buffer overflow on client_fd 387
Outbound buffer overflow on client_fd 388
Outbound buffer overflow on client_fd 389
Outbound buffer overflow on client_fd 390
Outbound buffer overflow on client_fd 391
Outbound buffer overflow on client_fd 392
Outbound buffer overflow on client_fd 393
Outbound buffer overflow on client_fd 394
Outbound buffer overflow on client_fd 395
Outbound buffer overflow on client_fd 396
Outbound buffer overflow on client_fd 397
Outbound buffer overflow on client_fd 398
Outbound buffer overflow on client_fd 399
Outbound buffer overflow on client_fd 400
Outbound buffer overflow on client_fd 401
Outbound buffer overflow on client_fd 402
Outbound buffer overflow on client_fd 34
Outbound buffer overflow on client_fd 44
Outbound buffer overflow on client_fd 129
Outbound buffer overflow on client_fd 130
Outbound buffer overflow on client_fd 210
Outbound buffer overflow on client_fd 211
Outbound buffer overflow on client_fd 212
Outbound buffer overflow on client_fd 213
Outbound buffer overflow on client_fd 68
onnected with client_fd = 491
New client connected with client_fd = 492
New client connected with client_fd = 493
New client connected with client_fd = 494
New client connected with client_fd = 495
New client connected with client_fd = 496
New client connected with client_fd = 497
New client connected with client_fd = 498
New client connected with client_fd = 499
New client connected with client_fd = 500
New client connected with client_fd = 501
New client connected with client_fd = 502
New client connected with client_fd = 503
New client connected with client_fd = 504
New client connected with client_fd = 505
New client connected with client_fd = 506
New client connected with client_fd = 507
New client connected with client_fd = 508
New client connected with client_fd = 509
New client connected with client_fd = 510
New client connected with client_fd = 511
New client connected with client_fd = 512
New client connected with client_fd = 513
New client connected with client_fd = 514
New client connected with client_fd = 515
New client connected with client_fd = 516
New client connected with client_fd = 517
New client connected with client_fd = 518
New client connected with client_fd = 519
New client connected with client_fd = 520
New client connected with client_fd = 521
New client connected with client_fd = 522
New client connected with client_fd = 523
New client connected with client_fd = 524
New client connected with client_fd = 525
New client connected with client_fd = 526
New client connected with client_fd = 527
New client connected with client_fd = 528
New client connected with client_fd = 529
New client connected with client_fd = 530
New client connected with client_fd = 531
New client connected with client_fd = 532
New client connected with client_fd = 533
New client connected with client_fd = 534
New client connected with client_fd = 535
New client connected with client_fd = 536
New client connected with client_fd = 537
New client connected with client_fd = 538
New client connected with client_fd = 539
New client connected with client_fd = 540
New client connected with client_fd = 541
New client connected with client_fd = 542
New client connected with client_fd = 543
New client connected with client_fd = 544
New client connected with client_fd = 545
New client connected with client_fd = 546
New client connected with client_fd = 547
New client connected with client_fd = 548
New client connected with client_fd = 549
New client connected with client_fd = 550
New client connected with client_fd = 551
New client connected with client_fd = 552
New client connected with client_fd = 553
New client connected with client_fd = 554
New client connected with client_fd = 555
New client connected with client_fd = 556
New client connected with client_fd = 557
New client connected with client_fd = 558
New client connected with client_fd = 559
New client connected with client_fd = 560
New client connected with client_fd = 561
New client connected with client_fd = 562
New client connected with client_fd = 563
New client connected with client_fd = 564
New client connected with client_fd = 565
New client connected with client_fd = 566
New client connected with client_fd = 567
New client connected with client_fd = 568
New client connected with client_fd = 15
New client connected with client_fd = 22
New client connected with client_fd = 23
New client connected with client_fd = 24
New client connected with client_fd = 32
New client connected with client_fd = 33
New client connected with client_fd = 45
New client connected with client_fd = 46
New client connected with client_fd = 47
New client connected with client_fd = 60
New client connected with client_fd = 61
New client connected with client_fd = 66
New client connected with client_fd = 67
New client connected with client_fd = 94
New client connected with client_fd = 95
New client connected with client_fd = 96
New client connected with client_fd = 34
New client connected with client_fd = 44
New client connected with client_fd = 68
New client connected with client_fd = 129
New client Outbound buffer overflow on client_fd 139
Outbound buffer overflow on client_fd 140
Outbound buffer overflow on client_fd 141
Outbound buffer overflow on client_fd 97
Outbound buffer overflow on client_fd 98
Outbound buffer overflow on client_fd 99
Outbound buffer overflow on client_fd 6
Outbound buffer overflow on client_fd 403
Outbound buffer overflow on client_fd 404
Outbound buffer overflow on client_fd 405
Outbound buffer overflow on client_fd 406
Outbound buffer overflow on client_fd 407
Outbound buffer overflow on client_fd 408
Outbound buffer overflow on client_fd 409
Outbound buffer overflow on client_fd 410
Outbound buffer overflow on client_fd 411
Outbound buffer overflow on client_fd 412
Outbound buffer overflow on client_fd 413
Outbound buffer overflow on client_fd 414
Outbound buffer overflow on client_fd 415
Outbound buffer overflow on client_fd 416
Outbound buffer overflow on client_fd 337
Outbound buffer overflow on client_fd 338
Outbound buffer overflow on client_fd 339
Outbound buffer overflow on client_fd 340
Outbound buffer overflow on client_fd 341
Outbound buffer overflow on client_fd 342
Outbound buffer overflow on client_fd 343
Outbound buffer overflow on client_fd 344
Outbound buffer overflow on client_fd 345
Outbound buffer overflow on client_fd 346
Outbound buffer overflow on client_fd 265
Outbound buffer overflow on client_fd 266
Outbound buffer overflow on client_fd 267
Outbound buffer overflow on client_fd 268
Outbound buffer overflow on client_fd 269
Outbound buffer overflow on client_fd 270
Outbound buffer overflow on client_fd 16
Outbound buffer overflow on client_fd 31
Outbound buffer overflow on client_fd 271
Outbound buffer overflow on client_fd 272
Outbound buffer overflow on client_fd 273
Outbound buffer overflow on client_fd 274
Outbound buffer overflow on client_fd 275
Outbound buffer overflow on client_fd 276
Outbound buffer overflow on client_fd 277
Outbound buffer overflow on client_fd 260
Outbound buffer overflow on client_fd 261
Outbound buffer overflow on client_fd 262
Outbound buffer overflow on client_fd 278
Outbound buffer overflow on client_fd 279
Outbound buffer overflow on client_fd 280
Outbound buffer overflow on client_fd 281
Outbound buffer overflow on client_fd 282
Outbound buffer overflow on client_fd 283
Outbound buffer overflow on client_fd 284
Outbound buffer overflow on client_fd 285
Outbound buffer overflow on client_fd 263
Outbound buffer overflow on client_fd 264
Outbound buffer overflow on client_fd 185
Outbound buffer overflow on client_fd 186
Outbound buffer overflow on client_fd 187
Outbound buffer overflow on client_fd 188
Outbound buffer overflow on client_fd 48
Outbound buffer overflow on client_fd 49
Outbound buffer overflow on client_fd 189
Outbound buffer overflow on client_fd 190
Outbound buffer overflow on client_fd 192
Outbound buffer overflow on client_fd 193
Outbound buffer overflow on client_fd 194
Outbound buffer overflow on client_fd 195
Outbound buffer overflow on client_fd 196
Outbound buffer overflow on client_fd 197
Outbound buffer overflow on client_fd 198
Outbound buffer overflow on client_fd 64
Outbound buffer overflow on client_fd 142
Outbound buffer overflow on client_fd 214
Outbound buffer overflow on client_fd 215
Outbound buffer overflow on client_fd 216
Outbound buffer overflow on client_fd 217
Outbound buffer overflow on client_fd 143
Outbound buffer overflow on client_fd 65
Outbound buffer overflow on client_fd 69
Outbound buffer overflow on client_fd 91
Outbound buffer overflow on client_fd 92
Outbound buffer overflow on client_fd 93
Outbound buffer overflow on client_fd 5
Outbound buffer overflow on client_fd 335
Outbound buffer overflow on client_fd 462
Outbound buffer overflow on client_fd 463
Outbound buffer overflow on client_fd 464
Outbound buffer overflow on client_fd 465
Outbound buffer overflow on client_fd 466
Outbound buffer overflow on client_fd 467
Outbound buffer overflow on client_fd 468
Outbound buffer overflow on client_fd 469
Outbound buffer overflow on client_fd 470
Outbound buffer overflow on client_fd 471
Outbound buffer overflow on client_fd 472
Outbound buffer overflow on client_fd 473
Outbound buffer overflow on client_fd 474
Outbound buffer overflow on client_fd 475
Outbound buffer overflow on client_fd 476
Outbound buffer overflow on client_fd 477
Outbound buffer overflow on client_fd 478
Outbound buffer overflow on client_fd 479
Outbound buffer overflow on client_fd 480
Outbound buffer overflow on client_fd 481
Outbound buffer overflow on client_fd 482
Outbound buffer overflow on client_fd 483
Outbound buffer overflow on client_fd 286
Outbound buffer overflow on client_fd 287
Outbound buffer overflow on client_fd 288
Outbound buffer overflow on client_fd 289
Outbound buffer overflow on client_fd 290
Outbound buffer overflow on client_fd 291
Outbound buffer overflow on client_fd 292
Outbound buffer overflow on client_fd 293
Outbound buffer overflow on client_fd 294
Outbound buffer overflow on client_fd 14
Outbound buffer overflow on client_fd 295
Outbound buffer overflow on client_fd 325
Outbound buffer overflow on client_fd 326
Outbound buffer overflow on client_fd 327
Outbound buffer overflow on client_fd 328
Outbound buffer overflow on client_fd 329
Outbound buffer overflow on client_fd 330
Outbound buffer overflow on client_fd 331
Outbound buffer overflow on client_fd 332
Outbound buffer overflow on client_fd 333
Outbound buffer overflow on client_fd 334
Outbound buffer overflow on client_fd 296
Outbound buffer overflow on client_fd 297
Outbound buffer overflow on client_fd 298
Outbound buffer overflow on client_fd 299
Outbound buffer overflow on client_fd 300
Outbound buffer overflow on client_fd 301
Outbound buffer overflow on client_fd 302
Outbound buffer overflow on client_fd 308
Outbound buffer overflow on client_fd 309
Outbound buffer overflow on client_fd 25
Outbound buffer overflow on client_fd 144
Outbound buffer overflow on client_fd 145
Outbound buffer overflow on client_fd 191
Outbound buffer overflow on client_fd 62
Outbound buffer overflow on client_fd 218
Outbound buffer overflow on client_fd 219
Outbound buffer overflow on client_fd 220
Outbound buffer overflow on client_fd 221
Outbound buffer overflow on client_fd 63
Outbound buffer overflow on client_fd 127
Outbound buffer overflow on client_fd 128
Outbound buffer overflow on client_fd 70
Outbound buffer overflow on client_fd 71
Outbound buffer overflow on client_fd 88
Outbound buffer overflow on client_fd 89
Outbound buffer overflow on client_fd 90
Outbound buffer overflow on client_fd 100
Outbound buffer overflow on client_fd 101
Outbound buffer overflow on client_fd 102
Outbound buffer overflow on client_fd 484
Outbound buffer overflow on client_fd 485
Outbound buffer overflow on client_fd 486
Outbound buffer overflow on client_fd 487
Outbound buffer overflow on client_fd 488
Outbound buffer overflow on client_fd 489
Outbound buffer overflow on client_fd 490
Outbound buffer overflow on client_fd 491
Outbound buffer overflow on client_fd 492
Outbound buffer overflow on client_fd 493
Outbound buffer overflow on client_fd 494
Outbound buffer overflow on client_fd 495
Outbound buffer overflow on client_fd 496
Outbound buffer overflow on client_fd 497
Outbound buffer overflow on client_fd 498
Outbound buffer overflow on client_fd 499
Outbound buffer overflow on client_fd 500
Outbound buffer overflow on client_fd 501
Outbound buffer overflow on client_fd 502
Outbound buffer overflow on client_fd 503
Outbound buffer overflow on client_fd 317
Outbound buffer overflow on client_fd 318
Outbound buffer overflow on client_fd 319
Outbound buffer overflow on client_fd 320
Outbound buffer overflow on client_fd 321
Outbound buffer overflow on client_fd 322
Outbound buffer overflow on client_fd 323
Outbound buffer overflow on client_fd 35
Outbound buffer overflow on client_fd 50
Outbound buffer overflow on client_fd 222
Outbound buffer overflow on client_fd 223
Outbound buffer overflow on client_fd 224
Outbound buffer overflow on client_fd 225
Outbound buffer overflow on client_fd 146
Outbound buffer overflow on client_fd 147
Outbound buffer overflow on client_fd 148
Outbound buffer overflow on client_fd 424
Outbound buffer overflow on client_fd 432
Outbound buffer overflow on client_fd 336
Outbound buffer overflow on client_fd 17
Outbound buffer overflow on client_fd 26
Outbound buffer overflow on client_fd 149
Outbound buffer overflow on client_fd 150
Outbound buffer overflow on client_fd 226
Outbound buffer overflow on client_fd 227
Outbound buffer overflow on client_fd 228
Outbound buffer overflow on client_fd 72
Outbound buffer overflow on client_fd 73
Outbound buffer overflow on client_fd 103
Outbound buffer overflow on client_fd 104
Outbound buffer overflow on client_fd 105
Outbound buffer overflow on client_fd 21
Outbound buffer overflow on client_fd 36
Outbound buffer overflow on client_fd 229
Outbound buffer overflow on client_fd 230
Outbound buffer overflow on client_fd 231
Outbound buffer overflow on client_fd 232
Outbound buffer overflow on client_fd 159
Outbound buffer overflow on client_fd 160
Outbound buffer overflow on client_fd 161
Outbound buffer overflow on client_fd 154
Outbound buffer overflow on client_fd 155
Outbound buffer overflow on client_fd 156
Outbound buffer overflow on client_fd 51
Outbound buffer overflow on client_fd 52
Outbound buffer overflow on client_fd 55
Outbound buffer overflow on client_fd 238
Outbound buffer overflow on client_fd 239
Outbound buffer overflow on client_fd 240
Outbound buffer overflow on client_fd 241
Outbound buffer overflow on client_fd 57
Outbound buffer overflow on client_fd 58
Outbound buffer overflow on client_fd 246
Outbound buffer overflow on client_fd 247
Outbound buffer overflow on client_fd 248
Outbound buffer overflow on client_fd 167
Outbound buffer overflow on client_fd 168
Outbound buffer overflow on client_fd 169
Outbound buffer overflow on client_fd 233
Outbound buffer overflow on client_fd 234
Outbound buffer overflow on client_fd 235
Outbound buffer overflow on client_fd 236
Outbound buffer overflow on client_fd 237
Outbound buffer overflow on client_fd 179
Outbound buffer overflow on client_fd 180
Outbound buffer overflow on client_fd 181
Outbound buffer overflow on client_fd 151
Outbound buffer overflow on client_fd 152
Outbound buffer overflow on client_fd 153
Outbound buffer overflow on client_fd 7
Outbound buffer overflow on client_fd 10
Outbound buffer overflow on client_fd 18
Outbound buffer overflow on client_fd 19
Outbound buffer overflow on client_fd 20
Outbound buffer overflow on client_fd 27
Outbound buffer overflow on client_fd 28
Outbound buffer overflow on client_fd 182
Outbound buffer overflow on client_fd 183
Outbound buffer overflow on client_fd 184
Outbound buffer overflow on client_fd 40
Outbound buffer overflow on client_fd 165
Outbound buffer overflow on client_fd 166
Outbound buffer overflow on client_fd 119
Outbound buffer overflow on client_fd 120
Outbound buffer overflow on client_fd 242
Outbound buffer overflow on client_fd 243
Outbound buffer overflow on client_fd 244
Outbound buffer overflow on client_fd 245
Outbound buffer overflow on client_fd 173
Outbound buffer overflow on client_fd 174
Outbound buffer overflow on client_fd 175
Outbound buffer overflow on client_fd 117
Outbound buffer overflow on client_fd 116
Outbound buffer overflow on client_fd 74
Outbound buffer overflow on client_fd 75
Outbound buffer overflow on client_fd 162
Outbound buffer overflow on client_fd 163
Outbound buffer overflow on client_fd 164
Outbound buffer overflow on client_fd 170
Outbound buffer overflow on client_fd 171
Outbound buffer overflow on client_fd 172
Outbound buffer overflow on client_fd 157
Outbound buffer overflow on client_fd 158
Outbound buffer overflow on client_fd 112
Outbound buffer overflow on client_fd 113
Outbound buffer overflow on client_fd 111
Outbound buffer overflow on client_fd 106
Outbound buffer overflow on client_fd 107
Outbound buffer overflow on client_fd 108
Outbound buffer overflow on client_fd 9
Outbound buffer overflow on client_fd 12
Outbound buffer overflow on client_fd 37
Outbound buffer overflow on client_fd 38
Outbound buffer overflow on client_fd 53
Outbound buffer overflow on client_fd 54
Outbound buffer overflow on client_fd 56
Outbound buffer overflow on client_fd 109
Outbound buffer overflow on client_fd 11
Outbound buffer overflow on client_fd 76
Outbound buffer overflow on client_fd 77
Outbound buffer overflow on client_fd 80
Outbound buffer overflow on client_fd 82
Outbound buffer overflow on client_fd 110
Outbound buffer overflow on client_fd 13
Outbound buffer overflow on client_fd 29
Outbound buffer overflow on client_fd 39
Outbound buffer overflow on client_fd 41
Outbound buffer overflow on client_fd 118
Outbound buffer overflow on client_fd 78
Outbound buffer overflow on client_fd 114
Outbound buffer overflow on client_fd 115
Outbound buffer overflow on client_fd 79
Outbound buffer overflow on client_fd 81
Outbound buffer overflow on client_fd 8
Outbound buffer overflow on client_fd 83
Outbound buffer overflow on client_fd 84
Outbound buffer overflow on client_fd 505
Outbound buffer overflow on client_fd 123
Outbound buffer overflow on client_fd 124
Outbound buffer overflow on client_fd 125
Outbound buffer overflow on client_fd 126
connected with client_fd = 130
New client connected with client_fd = 131
New client connected with client_fd = 132
New client connected with client_fd = 133
New client connected with client_fd = 134
New client connected with client_fd = 6
New client connected with client_fd = 16
New client connected with client_fd = 31
New client connected with client_fd = 48
New client connected with client_fd = 49
New client connected with client_fd = 64
New client connected with client_fd = 65
New client connected with client_fd = 69
New client connected with client_fd = 97
New client connected with client_fd = 98
New client connected with client_fd = 99
New client connected with client_fd = 135
New client connected with client_fd = 136
New client connected with client_fd = 137
New client connected with client_fd = 138
New client connected with client_fd = 139
New client connected with client_fd = 140
New client connected with client_fd = 141
New client connected with client_fd = 142
New client connected with client_fd = 5
New client connected with client_fd = 14
New client connected with client_fd = 25
New client connected with client_fd = 62
New client connected with client_fd = 63
New client connected with client_fd = 70
New client connected with client_fd = 71
New client connected with client_fd = 91
New client connected with client_fd = 92
New client connected with client_fd = 93
New client connected with client_fd = 127
New client connected with client_fd = 128
New client connected with client_fd = 143
New client connected with client_fd = 144
New client connected with client_fd = 145
New client connected with client_fd = 185
New client connected with client_fd = 35
New client connected with client_fd = 50
New client connected with client_fd = 88
New client connected with client_fd = 89
New client connected with client_fd = 90
New client connected with client_fd = 100
New client connected with client_fd = 101
New client connected with client_fd = 102
New client connected with client_fd = 146
New client connected with client_fd = 17
New client connected with client_fd = 26
New client connected with client_fd = 72
New client connected with client_fd = 21
New client connected with client_fd = 36
New client connected with client_fd = 51
New client connected with client_fd = 52
New client connected with client_fd = 7
New client connected with client_fd = 10
New client connected with client_fd = 18
New client connected with client_fd = 19
New client connected with client_fd = 9
New client connected with client_fd = 12
New client connected with client_fd = 20
New client connected with client_fd = 11
New client connected with client_fd = 27
New client connected with client_fd = 28
New client connected with client_fd = 13
New client connected with client_fd = 29
New client connected with client_fd = 37
New client connected with client_fd = 38
New client connected with client_fd = 8
New client connected with client_fd = 39
New client connected with client_fd = 40
New client connected with client_fd = 41
New client connected with client_fd = 53
New client connected with client_fd = 54
New client connected with client_fd = 55
New client connected with client_fd = 56
New client connected with client_fd = 57
New client connected with client_fd = 58
New client connected with client_fd = 73
New client connected with client_fd = 74
New client connected with client_fd = 75
New client connected with client_fd = 76
New client connected with client_fd = 77
New client connected with client_fd = 78
New client connected with client_fd = 79
New client connected with client_fd = 80
New client connected with client_fd = 81
New client connected with client_fd = 82
New client connected with client_fd = 83
New client connected with client_fd = 84
New client connected with client_fd = 103
New client connected with client_fd = 104
New client connected with client_fd = 105
New client connected with client_fd = 106
New client connected with client_fd = 107
New client connected with client_fd = 108
New client connected with client_fd = 109
New client connected with client_fd = 110
New client connected with client_fd = 111
New client connected with client_fd = 112
New client connected with client_fd = 113
New client connected with client_fd = 114
New client connected with client_fd = 115
New client connected with client_fd = 116
New client connected with client_fd = 117
New client connected with client_fd = 118
New client connected with client_fd = 119
New client connected with client_fd = 120
New client connected with client_fd = 123
New client connected with client_fd = 124
New client connected with client_fd = 125
New client connected with client_fd = 126
New client connected with client_fd = 147
New client connected with client_fd = 148
New client connected with client_fd = 149
New client connected with client_fd = 150
New client connected with client_fd = 151
New client connected with client_fd = 152
New client connected with client_fd = 153
New client connected with client_fd = 154
New client connected with client_fd = 155
New client connected with client_fd = 156
New client connected with client_fd = 157
New client connected with client_fd = 158
New client connected with client_fd = 159
New client connected with client_fd = 160
New client connected with client_fd = 161
New client connected with client_fd = 162
New client connected with client_fd = 163
New client connected with client_fd = 164
New client connected with client_fd = 165
New client connected with client_fd = 166
New client connected with client_fd = 167
New client connected with client_fd = 168
New client connected with client_fd = 169
New client connected with client_fd = 170
New client connected with client_fd = 171
New client connected with client_fd = 172
New client connected with client_fd = 173
New client connected with client_fd = 174
New client connected with client_fd = 175
New client connected with client_fd = 179
New client connected with client_fd = 180
New client connected with client_fd = 181
New client connected with client_fd = 182
New client connected with client_fd = 183
New client connected with client_fd = 184
New client connected with client_fd = 186
New client connected with client_fd = 187
New client connected with client_fd = 188
New client connected with client_fd = 189
New client connected with client_fd = 190
New client connected with client_fd = 191
New client connected with client_fd = 192
New client connected with client_fd = 193
New client connected with client_fd = 194
New client connected with client_fd = 195
New client connected with client_fd = 196
New client connected with client_fd = 197
New client connected with client_fd = 198
New client connected with client_fd = 199
New client connected with client_fd = 200
New client connected with client_fd = 201
New client connected with client_fd = 202
New client connected with client_fd = 203
New client connected with client_fd = 204
New client connected with client_fd = 205
New client connected with client_fd = 206
New client connected with client_fd = 207
New client connected with client_fd = 208
New client connected with client_fd = 209
New client connected with client_fd = 210
New client connected with client_fd = 211
New client connected with client_fd = 212
New client connected with client_fd = 213
New client connected with client_fd = 214
New client connected with client_fd = 215
New client connected with client_fd = 216
New client connected with client_fd = 217
New client connected with client_fd = 218
New client connected with client_fd = 219
New client connected with client_fd = 220
New client connected with client_fd = 221
New client connected with client_fd = 222
New client connected with client_fd = 223
New client connected with client_fd = 224
New client connected with client_fd = 225
New client connected with client_fd = 226
New client connected with client_fd = 227
New client connected with client_fd = 228
New client connected with client_fd = 229
New client connected with client_fd = 230
New client connected with client_fd = 231
New client connected with client_fd = 232
New client connected with client_fd = 233
New client connected with client_fd = 234
New client connected with client_fd = 235
New client connected with client_fd = 236
New client connected with client_fd = 237
New client connected with client_fd = 238
New client connected with client_fd = 239
New client connected with client_fd = 240
New client connected with client_fd = 241
New client connected with client_fd = 242
New client connected with client_fd = 243
New client connected with client_fd = 244
New client connected with client_fd = 245
New client connected with client_fd = 246
New client connected with client_fd = 247
New client connected with client_fd = 248
New client connected with client_fd = 260
New client connected with client_fd = 261
New client connected with client_fd = 262
New client connected with client_fd = 263
New client connected with client_fd = 264
New client connected with client_fd = 265
New client connected with client_fd = 266
New client connected with client_fd = 267
New client connected with client_fd = 268
New client connected with client_fd = 269
New client connected with client_fd = 270
New client connected with client_fd = 271
New client connected with client_fd = 272
New client connected with client_fd = 273
New client connected with client_fd = 274
New client connected with client_fd = 275
New client connected with client_fd = 276
New client connected with client_fd = 277
New client connected with client_fd = 278
New client connected with client_fd = 279
New client connected with client_fd = 280
New client connected with client_fd = 281
New client connected with client_fd = 282
New client connected with client_fd = 283
New client connected with client_fd = 284
New client connected with client_fd = 285
New client connected with client_fd = 286
New client connected with client_fd = 287
New client connected with client_fd = 288
New client connected with client_fd = 289
New client connected with client_fd = 290
New client connected with client_fd = 291
New client connected with client_fd = 292
New client connected with client_fd = 293
New client connected with client_fd = 294
New client connected with client_fd = 295
New client connected with client_fd = 296
New client connected with client_fd = 297
New client connected with client_fd = 298
New client connected with client_fd = 299
New client connected with client_fd = 300
New client connected with client_fd = 301
New client connected with client_fd = 302
New client connected with client_fd = 303
New client connected with client_fd = 304
New client connected with client_fd = 305
New client connected with client_fd = 306
New client connected with client_fd = 307
New client connected with client_fd = 308
New client connected with client_fd = 309
New client connected with client_fd = 310
New client connected with client_fd = 311
New client connected with client_fd = 312
New client connected with client_fd = 313
New client connected with client_fd = 314
New client connected with client_fd = 315
New client connected with client_fd = 316
New client connected with client_fd = 317
New client connected with client_fd = 318
New client connected with client_fd = 319
New client connected with client_fd = 320
New client connected with client_fd = 321
New client connected with client_fd = 322
New client connected with client_fd = 323
New client connected with client_fd = 325
New client connected with client_fd = 326
New client connected with client_fd = 327
New client connected with client_fd = 328
New client connected with client_fd = 329
New client connected with client_fd = 330
New client connected with client_fd = 331
New client connected with client_fd = 332
New client connected with client_fd = 333
New client connected with client_fd = 334
New client connected with client_fd = 335
New client connected with client_fd = 336
New client connected with client_fd = 337
New client connected with client_fd = 338
New client connected with client_fd = 339
New client connected with client_fd = 340
New client connected with client_fd = 341
New client connected with client_fd = 342
New client connected withOutbound buffer overflow on client_fd 324
