server_select listening on port 8080 (fd=3, max_clients=10000)
New client connected: fd=4 (slot 0)
Client fd=4 disconnected
New client connected: fd=4 (slot 0)
New client connected: fd=5 (slot 1)
New client connected: fd=6 (slot 2)
New client connected: fd=7 (slot 3)
New client connected: fd=8 (slot 4)
New client connected: fd=9 (slot 5)
New client connected: fd=10 (slot 6)
New client connected: fd=11 (slot 7)
New client connected: fd=12 (slot 8)
New client connected: fd=13 (slot 9)
New client connected: fd=14 (slot 10)
New client connected: fd=15 (slot 11)
New client connected: fd=16 (slot 12)
New client connected: fd=17 (slot 13)
New client connected: fd=18 (slot 14)
New client connected: fd=19 (slot 15)
New client connected: fd=20 (slot 16)
New client connected: fd=21 (slot 17)
New client connected: fd=22 (slot 18)
New client connected: fd=23 (slot 19)
New client connected: fd=24 (slot 20)
New client connected: fd=25 (slot 21)
New client connected: fd=26 (slot 22)
New client connected: fd=27 (slot 23)
New client connected: fd=28 (slot 24)
New client connected: fd=29 (slot 25)
New client connected: fd=30 (slot 26)
New client connected: fd=31 (slot 27)
New client connected: fd=32 (slot 28)
New client connected: fd=33 (slot 29)
New client connected: fd=34 (slot 30)
New client connected: fd=35 (slot 31)
New client connected: fd=36 (slot 32)
New client connected: fd=39 (slot 33)
New client connected: fd=40 (slot 34)
New client connected: fd=41 (slot 35)
New client connected: fd=42 (slot 36)
New client connected: fd=43 (slot 37)
New client connected: fd=44 (slot 38)
New client connected: fd=47 (slot 39)
New client connected: fd=48 (slot 40)
New client connected: fd=49 (slot 41)
New client connected: fd=50 (slot 42)
New client connected: fd=51 (slot 43)
New client connected: fd=52 (slot 44)
New client connected: fd=53 (slot 45)
New client connected: fd=54 (slot 46)
New client connected: fd=55 (slot 47)
New client connected: fd=56 (slot 48)
New client connected: fd=57 (slot 49)
New client connected: fd=58 (slot 50)
New client connected: fd=59 (slot 51)
New client connected: fd=60 (slot 52)
New client connected: fd=61 (slot 53)
New client connected: fd=62 (slot 54)
New client connected: fd=63 (slot 55)
New client connected: fd=64 (slot 56)
New client connected: fd=65 (slot 57)
New client connected: fd=66 (slot 58)
New client connected: fd=67 (slot 59)
New client connected: fd=68 (slot 60)
New client connected: fd=69 (slot 61)
New client connected: fd=70 (slot 62)
New client connected: fd=71 (slot 63)
New client connected: fd=72 (slot 64)
New client connected: fd=73 (slot 65)
New client connected: fd=74 (slot 66)
New client connected: fd=75 (slot 67)
New client connected: fd=76 (slot 68)
New client connected: fd=77 (slot 69)
New client connected: fd=78 (slot 70)
New client connected: fd=79 (slot 71)
New client connected: fd=80 (slot 72)
New client connected: fd=81 (slot 73)
New client connected: fd=82 (slot 74)
New client connected: fd=83 (slot 75)
New client connected: fd=84 (slot 76)
New client connected: fd=85 (slot 77)
New client connected: fd=86 (slot 78)
New client connected: fd=87 (slot 79)
New client connected: fd=88 (slot 80)
New client connected: fd=89 (slot 81)
New client connected: fd=90 (slot 82)
New client connected: fd=91 (slot 83)
New client connected: fd=92 (slot 84)
New client connected: fd=93 (slot 85)
New client connected: fd=94 (slot 86)
New client connected: fd=95 (slot 87)
New client connected: fd=96 (slot 88)
New client connected: fd=97 (slot 89)
New client connected: fd=98 (slot 90)
New client connected: fd=99 (slot 91)
New client connected: fd=100 (slot 92)
New client connected: fd=101 (slot 93)
New client connected: fd=102 (slot 94)
New client connected: fd=104 (slot 95)
New client connected: fd=105 (slot 96)
New client connected: fd=106 (slot 97)
New client connected: fd=107 (slot 98)
New client connected: fd=108 (slot 99)
New client connected: fd=109 (slot 100)
New client connected: fd=110 (slot 101)
New client connected: fd=111 (slot 102)
New client connected: fd=112 (slot 103)
New client connected: fd=113 (slot 104)
New client connected: fd=114 (slot 105)
New client connected: fd=115 (slot 106)
New client connected: fd=116 (slot 107)
New client connected: fd=117 (slot 108)
New client connected: fd=118 (slot 109)
New client connected: fd=119 (slot 110)
New client connected: fd=120 (slot 111)
New client connected: fd=121 (slot 112)
New client connected: fd=122 (slot 113)
New client connected: fd=123 (slot 114)
New client connected: fd=124 (slot 115)
New client connected: fd=125 (slot 116)
New client connected: fd=126 (slot 117)
New client connected: fd=127 (slot 118)
New client connected: fd=128 (slot 119)
New client connected: fd=129 (slot 120)
New client connected: fd=130 (slot 121)
New client connected: fd=131 (slot 122)
New client connected: fd=132 (slot 123)
New client connected: fd=133 (slot 124)
New client connected: fd=134 (slot 125)
New client connected: fd=135 (slot 126)
New client connected: fd=136 (slot 127)
New client connected: fd=137 (slot 128)
New client connected: fd=138 (slot 129)
New client connected: fd=139 (slot 130)
New client connected: fd=140 (slot 131)
New client connected: fd=141 (slot 132)
New client connected: fd=142 (slot 133)
New client connected: fd=143 (slot 134)
New client connected: fd=144 (slot 135)
New client connected: fd=145 (slot 136)
New client connected: fd=146 (slot 137)
New client connected: fd=147 (slot 138)
New client connected: fd=148 (slot 139)
New client connected: fd=149 (slot 140)
New client connected: fd=150 (slot 141)
New client connected: fd=151 (slot 142)
New client connected: fd=152 (slot 143)
New client connected: fd=153 (slot 144)
New client connected: fd=154 (slot 145)
New client connected: fd=155 (slot 146)
New client connected: fd=156 (slot 147)
New client connected: fd=157 (slot 148)
New client connected: fd=158 (slot 149)
New client connected: fd=159 (slot 150)
New client connected: fd=160 (slot 151)
New client connected: fd=161 (slot 152)
New client connected: fd=162 (slot 153)
New client connected: fd=163 (slot 154)
New client connected: fd=164 (slot 155)
New client connected: fd=165 (slot 156)
New client connected: fd=166 (slot 157)
New client connected: fd=167 (slot 158)
New client connected: fd=168 (slot 159)
New client connected: fd=169 (slot 160)
New client connected: fd=170 (slot 161)
New client connected: fd=171 (slot 162)
New client connected: fd=172 (slot 163)
New client connected: fd=173 (slot 164)
New client connected: fd=174 (slot 165)
New client connected: fd=175 (slot 166)
New client connected: fd=176 (slot 167)
New client connected: fd=177 (slot 168)
New client connected: fd=178 (slot 169)
New client connected: fd=179 (slot 170)
New client connected: fd=180 (slot 171)
New client connected: fd=181 (slot 172)
New client connected: fd=182 (slot 173)
New client connected: fd=183 (slot 174)
New client connected: fd=184 (slot 175)
New client connected: fd=185 (slot 176)
New client connected: fd=186 (slot 177)
New client connected: fd=187 (slot 178)
New client connected: fd=188 (slot 179)
New client connected: fd=189 (slot 180)
New client connected: fd=190 (slot 181)
New client connected: fd=191 (slot 182)
New client connected: fd=192 (slot 183)
New client connected: fd=193 (slot 184)
New client connected: fd=194 (slot 185)
New client connected: fd=195 (slot 186)
New client connected: fd=196 (slot 187)
New client connected: fd=197 (slot 188)
New client connected: fd=198 (slot 189)
New client connected: fd=199 (slot 190)
New client connected: fd=200 (slot 191)
New client connected: fd=201 (slot 192)
New client connected: fd=202 (slot 193)
New client connected: fd=203 (slot 194)
New client connected: fd=204 (slot 195)
New client connected: fd=205 (slot 196)
New client connected: fd=206 (slot 197)
New client connected: fd=207 (slot 198)
New client connected: fd=208 (slot 199)
New client connected: fd=209 (slot 200)
New client connected: fd=210 (slot 201)
New client connected: fd=211 (slot 202)
New client connected: fd=212 (slot 203)
New client connected: fd=213 (slot 204)
New client connected: fd=214 (slot 205)
New client connected: fd=215 (slot 206)
New client connected: fd=216 (slot 207)
New client connected: fd=217 (slot 208)
New client connected: fd=218 (slot 209)
New client connected: fd=219 (slot 210)
New client connected: fd=220 (slot 211)
New client connected: fd=221 (slot 212)
New client connected: fd=222 (slot 213)
New client connected: fd=223 (slot 214)
New client connected: fd=224 (slot 215)
New client connected: fd=225 (slot 216)
New client connected: fd=226 (slot 217)
New client connected: fd=227 (slot 218)
New client connected: fd=228 (slot 219)
New client connected: fd=229 (slot 220)
New client connected: fd=230 (slot 221)
New client connected: fd=231 (slot 222)
New client connected: fd=232 (slot 223)
New client connected: fd=233 (slot 224)
New client connected: fd=234 (slot 225)
New client connected: fd=235 (slot 226)
New client connected: fd=236 (slot 227)
New client connected: fd=237 (slot 228)
New client connected: fd=238 (slot 229)
New client connected: fd=239 (slot 230)
New client connected: fd=240 (slot 231)
New client connected: fd=241 (slot 232)
New client connected: fd=242 (slot 233)
New client connected: fd=243 (slot 234)
New client connected: fd=244 (slot 235)
New client connected: fd=245 (slot 236)
New client connected: fd=246 (slot 237)
New client connected: fd=247 (slot 238)
New client connected: fd=248 (slot 239)
New client connected: fd=249 (slot 240)
New client connected: fd=250 (slot 241)
New client connected: fd=251 (slot 242)
New client connected: fd=252 (slot 243)
New client connected: fd=253 (slot 244)
New client connected: fd=254 (slot 245)
New client connected: fd=255 (slot 246)
New client connected: fd=256 (slot 247)
New client connected: fd=257 (slot 248)
New client connected: fd=258 (slot 249)
New client connected: fd=259 (slot 250)
New client connected: fd=260 (slot 251)
New client connected: fd=261 (slot 252)
New client connected: fd=262 (slot 253)
New client connected: fd=263 (slot 254)
New client connected: fd=264 (slot 255)
New client connected: fd=265 (slot 256)
New client connected: fd=266 (slot 257)
New client connected: fd=267 (slot 258)
New client connected: fd=268 (slot 259)
New client connected: fd=269 (slot 260)
New client connected: fd=270 (slot 261)
New client connected: fd=271 (slot 262)
New client connected: fd=272 (slot 263)
New client connected: fd=273 (slot 264)
New client connected: fd=274 (slot 265)
New client connected: fd=275 (slot 266)
New client connected: fd=276 (slot 267)
New client connected: fd=277 (slot 268)
New client connected: fd=278 (slot 269)
New client connected: fd=279 (slot 270)
New client connected: fd=280 (slot 271)
New client connected: fd=281 (slot 272)
New client connected: fd=282 (slot 273)
New client connected: fd=283 (slot 274)
New client connected: fd=284 (slot 275)
New client connected: fd=285 (slot 276)
New client connected: fd=286 (slot 277)
New client connected: fd=287 (slot 278)
New client connected: fd=288 (slot 279)
New client connected: fd=289 (slot 280)
New client connected: fd=290 (slot 281)
New client connected: fd=291 (slot 282)
New client connected: fd=292 (slot 283)
New client connected: fd=293 (slot 284)
New client connected: fd=294 (slot 285)
New client connected: fd=295 (slot 286)
New client connected: fd=296 (slot 287)
New client connected: fd=297 (slot 288)
New client connected: fd=298 (slot 289)
New client connected: fd=299 (slot 290)
New client connected: fd=300 (slot 291)
New client connected: fd=301 (slot 292)
New client connected: fd=302 (slot 293)
New client connected: fd=303 (slot 294)
New client connected: fd=304 (slot 295)
New client connected: fd=305 (slot 296)
New client connected: fd=306 (slot 297)
New client connected: fd=307 (slot 298)
New client connected: fd=308 (slot 299)
New client connected: fd=309 (slot 300)
New client connected: fd=310 (slot 301)
New client connected: fd=311 (slot 302)
New client connected: fd=312 (slot 303)
New client connected: fd=313 (slot 304)
New client connected: fd=314 (slot 305)
New client connected: fd=315 (slot 306)
New client connected: fd=316 (slot 307)
New client connected: fd=317 (slot 308)
New client connected: fd=318 (slot 309)
New client connected: fd=319 (slot 310)
New client connected: fd=320 (slot 311)
New client connected: fd=321 (slot 312)
New client connected: fd=322 (slot 313)
New client connected: fd=323 (slot 314)
New client connected: fd=324 (slot 315)
New client connected: fd=325 (slot 316)
New client connected: fd=326 (slot 317)
New client connected: fd=327 (slot 318)
New client connected: fd=328 (slot 319)
New client connected: fd=329 (slot 320)
New client connected: fd=330 (slot 321)
New client connected: fd=331 (slot 322)
New client connected: fd=332 (slot 323)
New client connected: fd=333 (slot 324)
New client connected: fd=334 (slot 325)
New client connected: fd=335 (slot 326)
New client connected: fd=336 (slot 327)
New client connected: fd=337 (slot 328)
New client connected: fd=338 (slot 329)
New client connected: fd=339 (slot 330)
New client connected: fd=340 (slot 331)
New client connected: fd=341 (slot 332)
New client connected: fd=342 (slot 333)
New client connected: fd=343 (slot 334)
New client connected: fd=344 (slot 335)
New client connected: fd=345 (slot 336)
New client connected: fd=346 (slot 337)
New client connected: fd=347 (slot 338)
New client connected: fd=348 (slot 339)
New client connected: fd=349 (slot 340)
New client connected: fd=350 (slot 341)
New client connected: fd=351 (slot 342)
New client connected: fd=352 (slot 343)
New client connected: fd=353 (slot 344)
New client connected: fd=354 (slot 345)
New client connected: fd=355 (slot 346)
New client connected: fd=356 (slot 347)
New client connected: fd=357 (slot 348)
New client connected: fd=358 (slot 349)
New client connected: fd=359 (slot 350)
New client connected: fd=360 (slot 351)
New client connected: fd=361 (slot 352)
New client connected: fd=362 (slot 353)
New client connected: fd=363 (slot 354)
New client connected: fd=364 (slot 355)
New client connected: fd=365 (slot 356)
New client connected: fd=366 (slot 357)
New client connected: fd=367 (slot 358)
New client connected: fd=368 (slot 359)
New client connected: fd=369 (slot 360)
New client connected: fd=370 (slot 361)
New client connected: fd=371 (slot 362)
New client connected: fd=372 (slot 363)
New client connected: fd=373 (slot 364)
New client connected: fd=374 (slot 365)
New client connected: fd=375 (slot 366)
New client connected: fd=376 (slot 367)
New client connected: fd=377 (slot 368)
New client connected: fd=378 (slot 369)
New client connected: fd=379 (slot 370)
New client connected: fd=380 (slot 371)
New client connected: fd=381 (slot 372)
New client connected: fd=382 (slot 373)
New client connected: fd=383 (slot 374)
New client connected: fd=384 (slot 375)
New client connected: fd=385 (slot 376)
New client connected: fd=386 (slot 377)
New client connected: fd=387 (slot 378)
New client connected: fd=388 (slot 379)
New client connected: fd=389 (slot 380)
New client connected: fd=390 (slot 381)
New client connected: fd=391 (slot 382)
New client connected: fd=392 (slot 383)
New client connected: fd=393 (slot 384)
New client connected: fd=394 (slot 385)
New client connected: fd=395 (slot 386)
New client connected: fd=396 (slot 387)
New client connected: fd=397 (slot 388)
New client connected: fd=398 (slot 389)
New client connected: fd=399 (slot 390)
New client connected: fd=400 (slot 391)
New client connected: fd=401 (slot 392)
New client connected: fd=402 (slot 393)
New client connected: fd=403 (slot 394)
New client connected: fd=404 (slot 395)
New client connected: fd=405 (slot 396)
New client connected: fd=406 (slot 397)
New client connected: fd=407 (slot 398)
New client connected: fd=408 (slot 399)
New client connected: fd=409 (slot 400)
New client connected: fd=410 (slot 401)
New client connected: fd=411 (slot 402)
New client connected: fd=412 (slot 403)
New client connected: fd=413 (slot 404)
New client connected: fd=414 (slot 405)
New client connected: fd=415 (slot 406)
New client connected: fd=416 (slot 407)
New client connected: fd=417 (slot 408)
New client connected: fd=418 (slot 409)
New client connected: fd=419 (slot 410)
New client connected: fd=420Outbound buffer overflow on client_fd 126
Outbound buffer overflow on client_fd 176
Outbound buffer overflow on client_fd 249
Outbound buffer overflow on client_fd 175
Outbound buffer overflow on client_fd 178
Outbound buffer overflow on client_fd 218
Outbound buffer overflow on client_fd 219
Outbound buffer overflow on client_fd 224
Outbound buffer overflow on client_fd 248
Outbound buffer overflow on client_fd 177
Outbound buffer overflow on client_fd 179
Outbound buffer overflow on client_fd 220
Outbound buffer overflow on client_fd 221
Outbound buffer overflow on client_fd 222
Outbound buffer overflow on client_fd 250
Outbound buffer overflow on client_fd 223
 (slot 411)
New client connected: fd=421 (slot 412)
New client connected: fd=422 (slot 413)
New client connected: fd=423 (slot 414)
New client connected: fd=424 (slot 415)
New client connected: fd=425 (slot 416)
New client connected: fd=426 (slot 417)
New client connected: fd=427 (slot 418)
New client connected: fd=428 (slot 419)
New client connected: fd=429 (slot 420)
New client connected: fd=430 (slot 421)
New client connected: fd=431 (slot 422)
New client connected: fd=432 (slot 423)
New client connected: fd=433 (slot 424)
New client connected: fd=434 (slot 425)
New client connected: fd=435 (slot 426)
New client connected: fd=436 (slot 427)
New client connected: fd=437 (slot 428)
New client connected: fd=438 (slot 429)
New client connected: fd=439 (slot 430)
New client connected: fd=440 (slot 431)
New client connected: fd=441 (slot 432)
New client connected: fd=442 (slot 433)
New client connected: fd=443 (slot 434)
New client connected: fd=444 (slot 435)
New client connected: fd=445 (slot 436)
New client connected: fd=446 (slot 437)
New client connected: fd=447 (slot 438)
New client connected: fd=448 (slot 439)
New client connected: fd=449 (slot 440)
New client connected: fd=450 (slot 441)
New client connected: fd=451 (slot 442)
New client connected: fd=452 (slot 443)
New client connected: fd=453 (slot 444)
New client connected: fd=454 (slot 445)
New client connected: fd=455 (slot 446)
New client connected: fd=456 (slot 447)
New client connected: fd=457 (slot 448)
New client connected: fd=458 (slot 449)
New client connected: fd=459 (slot 450)
New client connected: fd=460 (slot 451)
New client connected: fd=461 (slot 452)
New client connected: fd=462 (slot 453)
New client connected: fd=463 (slot 454)
New client connected: fd=464 (slot 455)
New client connected: fd=465 (slot 456)
New client connected: fd=466 (slot 457)
New client connected: fd=467 (slot 458)
New client connected: fd=468 (slot 459)
New client connected: fd=469 (slot 460)
New client connected: fd=470 (slot 461)
New client connected: fd=471 (slot 462)
New client connected: fd=472 (slot 463)
New client connected: fd=473 (slot 464)
New client connected: fd=474 (slot 465)
New client connected: fd=475 (slot 466)
New client connected: fd=476 (slot 467)
New client connected: fd=477 (slot 468)
New client connected: fd=478 (slot 469)
New client connected: fd=479 (slot 470)
New client connected: fd=480 (slot 471)
New client connected: fd=481 (slot 472)
New client connected: fd=482 (slot 473)
New client connected: fd=483 (slot 474)
New client connected: fd=484 (slot 475)
New client connected: fd=485 (slot 476)
New client connected: fd=486 (slot 477)
New client connected: fd=487 (slot 478)
New client connected: fd=488 (slot 479)
New client connected: fd=489 (slot 480)
New client connected: fd=490 (slot 481)
New client connected: fd=491 (slot 482)
New client connected: fd=492 (slot 483)
New client connected: fd=493 (slot 484)
New client connected: fd=494 (slot 485)
New client connected: fd=495 (slot 486)
New client connected: fd=496 (slot 487)
New client connected: fd=497 (slot 488)
New client connected: fd=498 (slot 489)
New client connected: fd=499 (slot 490)
New client connected: fd=500 (slot 491)
New client connected: fd=501 (slot 492)
New client connected: fd=502 (slot 493)
New client connected: fd=503 (slot 494)
New client connected: fd=504 (slot 495)
New client connected: fd=505 (slot 496)
New client connected: fd=506 (slot 497)
New client connected: fd=507 (slot 498)
New client connected: fd=508 (slot 499)
New client connected: fd=509 (slot 500)
New client connected: fd=510 (slot 501)
New client connected: fd=511 (slot 502)
New client connected: fd=512 (slot 503)
New client connected: fd=513 (slot 504)
New client connected: fd=514 (slot 505)
New client connected: fd=515 (slot 506)
New client connected: fd=516 (slot 507)
New client connected: fd=517 (slot 508)
New client connected: fd=518 (slot 509)
New client connected: fd=126 (slot 495)
New client connected: fd=175 (slot 496)
New client connected: fd=176 (slot 497)
New client connected: fd=177 (slot 497)
New Outbound buffer overflow on client_fd 120
Outbound buffer overflow on client_fd 121
Outbound buffer overflow on client_fd 122
Outbound buffer overflow on client_fd 181
Outbound buffer overflow on client_fd 5
Outbound buffer overflow on client_fd 80
Outbound buffer overflow on client_fd 81
Outbound buffer overflow on client_fd 145
Outbound buffer overflow on client_fd 146
Outbound buffer overflow on client_fd 180
Outbound buffer overflow on client_fd 225
Outbound buffer overflow on client_fd 226
Outbound buffer overflow on client_fd 227
Outbound buffer overflow on client_fd 8
Outbound buffer overflow on client_fd 11
Outbound buffer overflow on client_fd 228
Outbound buffer overflow on client_fd 12
Outbound buffer overflow on client_fd 49
Outbound buffer overflow on client_fd 182
Outbound buffer overflow on client_fd 183
Outbound buffer overflow on client_fd 184
Outbound buffer overflow on client_fd 185
Outbound buffer overflow on client_fd 229
Outbound buffer overflow on client_fd 147
Outbound buffer overflow on client_fd 148
Outbound buffer overflow on client_fd 186
Outbound buffer overflow on client_fd 231
Outbound buffer overflow on client_fd 232
Outbound buffer overflow on client_fd 50
Outbound buffer overflow on client_fd 82
Outbound buffer overflow on client_fd 83
Outbound buffer overflow on client_fd 149
Outbound buffer overflow on client_fd 150
Outbound buffer overflow on client_fd 151
Outbound buffer overflow on client_fd 64
Outbound buffer overflow on client_fd 100
Outbound buffer overflow on client_fd 118
Outbound buffer overflow on client_fd 173
Outbound buffer overflow on client_fd 99
Outbound buffer overflow on client_fd 188
Outbound buffer overflow on client_fd 189
Outbound buffer overflow on client_fd 190
Outbound buffer overflow on client_fd 34
Outbound buffer overflow on client_fd 191
Outbound buffer overflow on client_fd 77
Outbound buffer overflow on client_fd 95
Outbound buffer overflow on client_fd 79
Outbound buffer overflow on client_fd 96
Outbound buffer overflow on client_fd 97
Outbound buffer overflow on client_fd 174
Outbound buffer overflow on client_fd 48
Outbound buffer overflow on client_fd 78
Outbound buffer overflow on client_fd 94
Outbound buffer overflow on client_fd 241
Outbound buffer overflow on client_fd 98
Outbound buffer overflow on client_fd 192
Outbound buffer overflow on client_fd 193
Outbound buffer overflow on client_fd 194
Outbound buffer overflow on client_fd 240
Outbound buffer overflow on client_fd 243
Outbound buffer overflow on client_fd 242
Outbound buffer overflow on client_fd 216
Outbound buffer overflow on client_fd 104
Outbound buffer overflow on client_fd 105
Outbound buffer overflow on client_fd 156
Outbound buffer overflow on client_fd 157
Outbound buffer overflow on client_fd 217
Outbound buffer overflow on client_fd 127
Outbound buffer overflow on client_fd 130
Outbound buffer overflow on client_fd 141
Outbound buffer overflow on client_fd 142
Outbound buffer overflow on client_fd 115
Outbound buffer overflow on client_fd 116
Outbound buffer overflow on client_fd 119
