server_select listening on port 8080 (fd=3, max_clients=10000)
New client connected: fd=4 (slot 0)
Client fd=4 disconnected
New client connected: fd=4 (slot 0)
New client connected: fd=5 (slot 1)
New client connected: fd=6 (slot 2)
New client connected: fd=7 (slot 3)
New client connected: fd=8 (slot 4)
New client connected: fd=9 (slot 5)
New client connected: fd=10 (slot 6)
New client connected: fd=11 (slot 7)
New client connected: fd=12 (slot 8)
New client connected: fd=13 (slot 9)
New client connected: fd=14 (slot 10)
New client connected: fd=15 (slot 11)
New client connected: fd=16 (slot 12)
New client connected: fd=17 (slot 13)
New client connected: fd=18 (slot 14)
New client connected: fd=19 (slot 15)
New client connected: fd=20 (slot 16)
New client connected: fd=21 (slot 17)
New client connected: fd=22 (slot 18)
New client connected: fd=23 (slot 19)
New client connected: fd=24 (slot 20)
New client connected: fd=25 (slot 21)
New client connected: fd=26 (slot 22)
New client connected: fd=27 (slot 23)
New client connected: fd=28 (slot 24)
New client connected: fd=29 (slot 25)
New client connected: fd=30 (slot 26)
New client connected: fd=31 (slot 27)
New client connected: fd=32 (slot 28)
New client connected: fd=33 (slot 29)
New client connected: fd=34 (slot 30)
New client connected: fd=35 (slot 31)
New client connected: fd=36 (slot 32)
New client connected: fd=39 (slot 33)
New client connected: fd=40 (slot 34)
New client connected: fd=41 (slot 35)
New client connected: fd=42 (slot 36)
New client connected: fd=43 (slot 37)
New client connected: fd=44 (slot 38)
New client connected: fd=47 (slot 39)
New client connected: fd=48 (slot 40)
New client connected: fd=49 (slot 41)
New client connected: fd=50 (slot 42)
New client connected: fd=51 (slot 43)
New client connected: fd=52 (slot 44)
New client connected: fd=53 (slot 45)
New client connected: fd=54 (slot 46)
New client connected: fd=55 (slot 47)
New client connected: fd=56 (slot 48)
New client connected: fd=57 (slot 49)
New client connected: fd=58 (slot 50)
New client connected: fd=59 (slot 51)
New client connected: fd=60 (slot 52)
New client connected: fd=61 (slot 53)
New client connected: fd=62 (slot 54)
New client connected: fd=63 (slot 55)
New client connected: fd=64 (slot 56)
New client connected: fd=65 (slot 57)
New client connected: fd=66 (slot 58)
New client connected: fd=67 (slot 59)
New client connected: fd=68 (slot 60)
New client connected: fd=69 (slot 61)
New client connected: fd=70 (slot 62)
New client connected: fd=71 (slot 63)
New client connected: fd=72 (slot 64)
New client connected: fd=73 (slot 65)
New client connected: fd=74 (slot 66)
New client connected: fd=75 (slot 67)
New client connected: fd=76 (slot 68)
New client connected: fd=77 (slot 69)
New client connected: fd=78 (slot 70)
New client connected: fd=79 (slot 71)
New client connected: fd=80 (slot 72)
New client connected: fd=81 (slot 73)
New client connected: fd=82 (slot 74)
New client connected: fd=83 (slot 75)
New client connected: fd=84 (slot 76)
New client connected: fd=85 (slot 77)
New client connected: fd=86 (slot 78)
New client connected: fd=87 (slot 79)
New client connected: fd=88 (slot 80)
New client connected: fd=89 (slot 81)
New client connected: fd=90 (slot 82)
New client connected: fd=91 (slot 83)
New client connected: fd=92 (slot 84)
New client connected: fd=93 (slot 85)
New client connected: fd=94 (slot 86)
New client connected: fd=95 (slot 87)
New client connected: fd=96 (slot 88)
New client connected: fd=97 (slot 89)
New client connected: fd=98 (slot 90)
New client connected: fd=99 (slot 91)
New client connected: fd=100 (slot 92)
New client connected: fd=101 (slot 93)
New client connected: fd=102 (slot 94)
New client connected: fd=104 (slot 95)
New client connected: fd=105 (slot 96)
New client connected: fd=106 (slot 97)
New client connected: fd=107 (slot 98)
New client connected: fd=108 (slot 99)
New client connected: fd=109 (slot 100)
New client connected: fd=110 (slot 101)
New client connected: fd=111 (slot 102)
New client connected: fd=112 (slot 103)
New client connected: fd=113 (slot 104)
New client connected: fd=114 (slot 105)
New client connected: fd=115 (slot 106)
New client connected: fd=116 (slot 107)
New client connected: fd=117 (slot 108)
New client connected: fd=118 (slot 109)
New client connected: fd=119 (slot 110)
New client connected: fd=120 (slot 111)
New client connected: fd=121 (slot 112)
New client connected: fd=122 (slot 113)
New client connected: fd=123 (slot 114)
New client connected: fd=124 (slot 115)
New client connected: fd=125 (slot 116)
New client connected: fd=126 (slot 117)
New client connected: fd=127 (slot 118)
New client connected: fd=128 (slot 119)
New client connected: fd=129 (slot 120)
New client connected: fd=130 (slot 121)
New client connected: fd=131 (slot 122)
New client connected: fd=132 (slot 123)
New client connected: fd=133 (slot 124)
New client connected: fd=134 (slot 125)
New client connected: fd=135 (slot 126)
New client connected: fd=136 (slot 127)
New client connected: fd=137 (slot 128)
New client connected: fd=138 (slot 129)
New client connected: fd=139 (slot 130)
New client connected: fd=140 (slot 131)
New client connected: fd=141 (slot 132)
New client connected: fd=142 (slot 133)
New client connected: fd=143 (slot 134)
New client connected: fd=144 (slot 135)
New client connected: fd=145 (slot 136)
New client connected: fd=146 (slot 137)
New client connected: fd=147 (slot 138)
New client connected: fd=148 (slot 139)
New client connected: fd=149 (slot 140)
New client connected: fd=150 (slot 141)
New client connected: fd=151 (slot 142)
New client connected: fd=152 (slot 143)
New client connected: fd=153 (slot 144)
New client connected: fd=154 (slot 145)
New client connected: fd=155 (slot 146)
New client connected: fd=156 (slot 147)
New client connected: fd=157 (slot 148)
New client connected: fd=158 (slot 149)
New client connected: fd=159 (slot 150)
New client connected: fd=160 (slot 151)
New client connected: fd=161 (slot 152)
New client connected: fd=162 (slot 153)
New client connected: fd=163 (slot 154)
New client connected: fd=164 (slot 155)
New client connected: fd=165 (slot 156)
New client connected: fd=166 (slot 157)
New client connected: fd=167 (slot 158)
New client connected: fd=168 (slot 159)
New client connected: fd=169 (slot 160)
New client connected: fd=170 (slot 161)
New client connected: fd=171 (slot 162)
New client connected: fd=172 (slot 163)
New client connected: fd=173 (slot 164)
New client connected: fd=174 (slot 165)
New client connected: fd=175 (slot 166)
New client connected: fd=176 (slot 167)
New client connected: fd=177 (slot 168)
New client connected: fd=178 (slot 169)
New client connected: fd=179 (slot 170)
New client connected: fd=180 (slot 171)
New client connected: fd=181 (slot 172)
New client connected: fd=182 (slot 173)
New client connected: fd=183 (slot 174)
New client connected: fd=184 (slot 175)
New client connected: fd=185 (slot 176)
New client connected: fd=186 (slot 177)
New client connected: fd=187 (slot 178)
New client connected: fd=188 (slot 179)
New client connected: fd=189 (slot 180)
New client connected: fd=190 (slot 181)
New client connected: fd=191 (slot 182)
New client connected: fd=192 (slot 183)
New client connected: fd=193 (slot 184)
New client connected: fd=194 (slot 185)
New client connected: fd=195 (slot 186)
New client connected: fd=196 (slot 187)
New client connected: fd=197 (slot 188)
New client connected: fd=198 (slot 189)
New client connected: fd=199 (slot 190)
New client connected: fd=200 (slot 191)
New client connected: fd=201 (slot 192)
New client connected: fd=202 (slot 193)
New client connected: fd=203 (slot 194)
New client connected: fd=204 (slot 195)
New client connected: fd=205 (slot 196)
New client connected: fd=206 (slot 197)
New client connected: fd=207 (slot 198)
New client connected: fd=208 (slot 199)
New client connected: fd=209 (slot 200)
New client connected: fd=210 (slot 201)
New client connected: fd=211 (slot 202)
New client connected: fd=212 (slot 203)
New client connected: fd=213 (slot 204)
New client connected: fd=214 (slot 205)
New client connected: fd=215 (slot 206)
New client connected: fd=216 (slot 207)
New client connected: fd=217 (slot 208)
New client connected: fd=218 (slot 209)
New client connected: fd=219 (slot 210)
New client connected: fd=220 (slot 211)
New client connected: fd=221 (slot 212)
New client connected: fd=222 (slot 213)
New client connected: fd=223 (slot 214)
New client connected: fd=224 (slot 215)
New client connected: fd=225 (slot 216)
New client connected: fd=226 (slot 217)
New client connected: fd=227 (slot 218)
New client connected: fd=228 (slot 219)
New client connected: fd=229 (slot 220)
New client connected: fd=230 (slot 221)
New client connected: fd=231 (slot 222)
New client connected: fd=232 (slot 223)
New client connected: fd=233 (slot 224)
New client connected: fd=234 (slot 225)
New client connected: fd=235 (slot 226)
New client connected: fd=236 (slot 227)
New client connected: fd=237 (slot 228)
New client connected: fd=238 (slot 229)
New client connected: fd=239 (slot 230)
New client connected: fd=240 (slot 231)
New client connected: fd=241 (slot 232)
New client connected: fd=242 (slot 233)
New client connected: fd=243 (slot 234)
New client connected: fd=244 (slot 235)
New client connected: fd=245 (slot 236)
New client connected: fd=246 (slot 237)
New client connected: fd=247 (slot 238)
New client connected: fd=248 (slot 239)
New client connected: fd=249 (slot 240)
New client connected: fd=250 (slot 241)
New client connected: fd=251 (slot 242)
New client connected: fd=252 (slot 243)
New client connected: fd=253 (slot 244)
New client connected: fd=254 (slot 245)
New client connected: fd=255 (slot 246)
New client connected: fd=256 (slot 247)
New client connected: fd=257 (slot 248)
New client connected: fd=258 (slot 249)
New client connected: fd=259 (slot 250)
New client connected: fd=260 (slot 251)
New client connected: fd=261 (slot 252)
New client connected: fd=262 (slot 253)
New client connected: fd=263 (slot 254)
New client connected: fd=264 (slot 255)
New client connected: fd=265 (slot 256)
New client connected: fd=266 (slot 257)
New client connected: fd=267 (slot 258)
New client connected: fd=268 (slot 259)
New client connected: fd=269 (slot 260)
New client connected: fd=270 (slot 261)
New client connected: fd=271 (slot 262)
New client connected: fd=272 (slot 263)
New client connected: fd=273 (slot 264)
New client connected: fd=274 (slot 265)
New client connected: fd=275 (slot 266)
New client connected: fd=276 (slot 267)
New client connected: fd=277 (slot 268)
New client connected: fd=278 (slot 269)
New client connected: fd=279 (slot 270)
New client connected: fd=280 (slot 271)
New client connected: fd=281 (slot 272)
New client connected: fd=282 (slot 273)
New client connected: fd=283 (slot 274)
New client connected: fd=284 (slot 275)
New client connected: fd=285 (slot 276)
New client connected: fd=286 (slot 277)
New client connected: fd=287 (slot 278)
New client connected: fd=288 (slot 279)
New client connected: fd=289 (slot 280)
New client connected: fd=290 (slot 281)
New client connected: fd=291 (slot 282)
New client connected: fd=292 (slot 283)
New client connected: fd=293 (slot 284)
New client connected: fd=294 (slot 285)
New client connected: fd=295 (slot 286)
New client connected: fd=296 (slot 287)
New client connected: fd=297 (slot 288)
New client connected: fd=298 (slot 289)
New client connected: fd=299 (slot 290)
New client connected: fd=300 (slot 291)
New client connected: fd=301 (slot 292)
New client connected: fd=302 (slot 293)
New client connected: fd=303 (slot 294)
New client connected: fd=304 (slot 295)
New client connected: fd=305 (slot 296)
New client connected: fd=306 (slot 297)
New client connected: fd=307 (slot 298)
New client connected: fd=308 (slot 299)
New client connected: fd=309 (slot 300)
New client connected: fd=310 (slot 301)
New client connected: fd=311 (slot 302)
New client connected: fd=312 (slot 303)
New client connected: fd=313 (slot 304)
New client connected: fd=314 (slot 305)
New client connected: fd=315 (slot 306)
New client connected: fd=316 (slot 307)
New client connected: fd=317 (slot 308)
New client connected: fd=318 (slot 309)
New client connected: fd=319 (slot 310)
New client connected: fd=320 (slot 311)
New client connected: fd=321 (slot 312)
New client connected: fd=322 (slot 313)
New client connected: fd=323 (slot 314)
New client connected: fd=324 (slot 315)
New client connected: fd=325 (slot 316)
New client connected: fd=326 (slot 317)
New client connected: fd=327 (slot 318)
New client connected: fd=328 (slot 319)
New client connected: fd=329 (slot 320)
New client connected: fd=330 (slot 321)
New client connected: fd=331 (slot 322)
New client connected: fd=332 (slot 323)
New client connected: fd=333 (slot 324)
New client connected: fd=334 (slot 325)
New client connected: fd=335 (slot 326)
New client connected: fd=336 (slot 327)
New client connected: fd=337 (slot 328)
New client connected: fd=338 (slot 329)
New client connected: fd=339 (slot 330)
New client connected: fd=340 (slot 331)
New client connected: fd=341 (slot 332)
New client connected: fd=342 (slot 333)
New client connected: fd=343 (slot 334)
New client connected: fd=344 (slot 335)
New client connected: fd=345 (slot 336)
New client connected: fd=346 (slot 337)
New client connected: fd=347 (slot 338)
New client connected: fd=348 (slot 339)
New client connected: fd=349 (slot 340)
New client connected: fd=350 (slot 341)
New client connected: fd=351 (slot 342)
New client connected: fd=352 (slot 343)
New client connected: fd=353 (slot 344)
New client connected: fd=354 (slot 345)
New client connected: fd=355 (slot 346)
New client connected: fd=356 (slot 347)
New client connected: fd=357 (slot 348)
New client connected: fd=358 (slot 349)
New client connected: fd=359 (slot 350)
New client connected: fd=360 (slot 351)
New client connected: fd=361 (slot 352)
New client connected: fd=362 (slot 353)
New client connected: fd=363 (slot 354)
New client connected: fd=364 (slot 355)
New client connected: fd=365 (slot 356)
New client connected: fd=366 (slot 357)
New client connected: fd=367 (slot 358)
New client connected: fd=368 (slot 359)
New client connected: fd=369 (slot 360)
New client connected: fd=370 (slot 361)
New client connected: fd=371 (slot 362)
New client connected: fd=372 (slot 363)
New client connected: fd=373 (slot 364)
New client connected: fd=374 (slot 365)
New client connected: fd=375 (slot 366)
New client connected: fd=376 (slot 367)
New client connected: fd=377 (slot 368)
New client connected: fd=378 (slot 369)
New client connected: fd=379 (slot 370)
New client connected: fd=380 (slot 371)
New client connected: fd=381 (slot 372)
New client connected: fd=382 (slot 373)
New client connected: fd=383 (slot 374)
New client connected: fd=384 (slot 375)
New client connected: fd=385 (slot 376)
New client connected: fd=386 (slot 377)
New client connected: fd=387 (slot 378)
New client connected: fd=388 (slot 379)
New client connected: fd=389 (slot 380)
New client connected: fd=390 (slot 381)
New client connected: fd=391 (slot 382)
New client connected: fd=392 (slot 383)
New client connected: fd=393 (slot 384)
New client connected: fd=394 (slot 385)
New client connected: fd=395 (slot 386)
New client connected: fd=396 (slot 387)
New client connected: fd=397 (slot 388)
New client connected: fd=398 (slot 389)
New client connected: fd=399 (slot 390)
New client connected: fd=400 (slot 391)
New client connected: fd=401 (slot 392)
New client connected: fd=402 (slot 393)
New client connected: fd=403 (slot 394)
New client connected: fd=404 (slot 395)
New client connected: fd=405 (slot 396)
New client connected: fd=406 (slot 397)
New client connected: fd=407 (slot 398)
New client connected: fd=408 (slot 399)
New client connected: fd=409 (slot 400)
New client connected: fd=410 (slot 401)
New client connected: fd=411 (slot 402)
New client connected: fd=412 (slot 403)
New client connected: fd=413 (slot 404)
New client connected: fd=414 (slot 405)
New client connected: fd=415 (slot 406)
New client connected: fd=416 (slot 407)
New client connected: fd=417 (slot 408)
New client connected: fd=418 (slot 409)
New client connected: fd=419 (slot 410)
New client connected: fd=420 (slot 411)
New client connected: fd=421 (slot 412)
New client connected: fd=422 (slot 413)
New client connected: fd=423 (slot 414)
New client connected: fd=424 (slot 415)
New client connected: fd=425 (slot 416)
New client connected: fd=426 (slot 417)
New client connected: fd=427 (slot 418)
New client connected: fd=428 (slot 419)
New client connected: fd=429 (slot 420)
New client connected: fd=430 (slot 421)
New client connected: fd=431 (slot 422)
New client connected: fd=432 (slot 423)
New client connected: fd=433 (slot 424)
New client connected: fd=434 (slot 425)
New client connected: fd=435 (slot 426)
New client connected: fd=436 (slot 427)
New client connected: fd=437 (slot 428)
New client connected: fd=438 (slot 429)
New client connected: fd=439 (slot 430)
New client connected: fd=440 (slot 431)
New client connected: fd=441 (slot 432)
New client connected: fd=442 (slot 433)
New client connected: fd=443 (slot 434)
New client connected: fd=444 (slot 435)
New client connected: fd=445 (slot 436)
New client connected: fd=446 (slot 437)
New client connected: fd=447 (slot 438)
New client connected: fd=448 (slot 439)
New client connected: fd=449 (slot 440)
New client connected: fd=450 (slot 441)
New client connected: fd=451 (slot 442)
New client connected: fd=452 (slot 443)
New client connected: fd=453 (slot 444)
New client connected: fd=454 (slot 445)
New client connected: fd=455 (slot 446)
New client connected: fd=456 (slot 447)
New client connected: fd=457 (slot 448)
New client connected: fd=458 (slot 449)
New client connected: fd=459 (slot 450)
New client connected: fd=460 (slot 451)
New client connected: fd=461 (slot 452)
New client connected: fd=462 (slot 453)
New client connected: fd=463 (slot 454)
New client connected: fd=464 (slot 455)
New client connected: fd=465 (slot 456)
New client connected: fd=466 (slot 457)
New client connected: fd=467 (slot 458)
New client connected: fd=468 (slot 459)
New client connected: fd=469 (slot 460)
New client connected: fd=470 (slot 461)
New client connected: fd=471 (slot 462)
New client connected: fd=472 (slot 463)
New client connected: fd=473 (slot 464)
New client connected: fd=474 (slot 465)
New client connected: fd=475 (slot 466)
New client connected: fd=476 (slot 467)
New client connected: fd=477 (slot 468)
New client connected: fd=478 (slot 469)
New client connected: fd=479 (slot 470)
New client connected: fd=480 (slot 471)
New client connected: fd=481 (slot 472)
New client connected: fd=482 (slot 473)
New client connected: fd=483 (slot 474)
New client connected: fd=484 (slot 475)
New client connected: fd=485 (slot 476)
New client connected: fd=486 (slot 477)
New client connected: fd=487 (slot 478)
New client connected: fd=488 (slot 479)
New client connected: fd=489 (slot 480)
New client connected: fd=490 (slot 481)
New client connected: fd=491 (slot 482)
New client connected: fd=492 (slot 483)
New client connected: fd=493 (slot 484)
New client connected: fd=494 (slot 485)
New client connected: fd=495 (slot 486)
New client connected: fd=496 (slot 487)
New client connected: fd=497 (slot 488)
New client connected: fd=498 (slot 489)
New client connected: fd=499 (slot 490)
New client connected: fd=500 (slot 491)
New client connected: fd=501 (slot 492)
New client connected: fd=502 (slot 493)
New client connected: fd=503 (slot 494)
New client connected: fd=504 (slot 495)
New client connected: fd=505 (slot 496)
New client connected: fd=506 (slot 497)
New client connected: fd=507 (slot 498)
New client connected: fd=508 (slot 499)
New client connected: fd=509 (slot 500)
New client connected: fd=510 (slot 501)
New client connected: fd=511 (slot 502)
New client connected: fd=512 (slot 503)
New client connected: fd=513 (slot 504)
New client connected: fd=514 (slot 505)
New client connected: fd=515 (slot 506)
New client connected: fd=516 (slot 507)
New client connected: fd=517 (slot 508)
New client connected: fd=518 (slot 509)
New client connected: fd=519 (slot 510)
New client connected: fd=520 (slot 511)
New client connected: fd=521 (slot 512)
New client connected: fd=522 (slot 513)
New client connected: fd=523 (slot 514)
New client connected: fd=524 (slot 515)
New client connected: fd=525 (slot 516)
New client connected: fd=526 (slot 517)
New client connected: fd=527 (slot 518)
New client connected: fd=528 (slot 519)
New client connected: fd=529 (slot 520)
New client connected: fd=530 (slot 521)
New client connected: fd=531 (slot 522)
New client connected: fd=532 (slot 523)
New client connected: fd=533 (slot 524)
New client connected: fd=534 (slot 525)
New client connected: fd=535 (slot 526)
New client connected: fd=536 (slot 527)
New client connected: fd=537 (slot 528)
New client connected: fd=538 (slot 529)
New client connected: fd=539 (slot 530)
New client connected: fd=540 (slot 531)
New client connected: fd=541 (slot 532)
New client connected: fd=542 (slot 533)
New client connected: fd=543 (slot 534)
New client connected: fd=544 (slot 535)
New client connected: fd=545 (slot 536)
New client connected: fd=546 (slot 537)
New client connected: fd=547 (slot 538)
New client connected: fd=548 (slot 539)
New client connected: fd=549 (slot 540)
New client connected: fd=550 (slot 541)
New client connected: fd=551 (slot 542)
New client connected: fd=552 (slot 543)
New client connected: fd=553 (slot 544)
New client connected: fd=554 (slot 545)
New client connected: fd=555 (slot 546)
New client connected: fd=556 (slot 547)
New client connected: fd=557 (slot 548)
New client connected: fd=558 (slot 549)
New client connected: fd=559 (slot 550)
New client connected: fd=560 (slot 551)
New client connected: fd=561 (slot 552)
New client connected: fd=562 (slot 553)
New client connected: fd=563 (slot 554)
New client connected: fd=564 (slot 555)
New client connected: fd=565 (slot 556)
New client connected: fd=566 (slot 557)
New client connected: fd=567 (slot 558)
New client connected: fd=568 (slot 559)
New client connected: fd=569 (slot 560)
New client connected: fd=570 (slot 561)
New client connected: fd=571 (slot 562)
New client connected: fd=572 (slot 563)
New client connected: fd=573 (slot 564)
New client connected: fd=574 (slot 565)
New client connected: fd=575 (slot 566)
New client connected: fd=576 (slot 567)
New client connected: fd=577 (slot 568)
New client connected: fd=578 (slot 569)
New client connected: fd=579 (slot 570)
New client connected: fd=580 (slot 571)
New client connected: fd=581 (slot 572)
New client connected: fd=582 (slot 573)
New client connected: fd=583 (slot 574)
New client connected: fd=584 (slot 575)
New client connected: fd=585 (slot 576)
New client connected: fd=586 (slot 577)
New client connected: fd=587 (slot 578)
New client connected: fd=588 (slot 579)
New client connected: fd=589 (slot 580)
New client connected: fd=590 (slot 581)
New client connected: fd=591 (slot 582)
New client connected: fd=592 (slot 583)
New client connected: fd=593 (slot 584)
New client connected: fd=594 (slot 585)
New client connected: fd=595 (slot 586)
New client connected: fd=596 (slot 587)
New client connected: fd=597 (slot 588)
New client connected: fd=598 (slot 589)
New client connected: fd=599 (slot 590)
New client connected: fd=600 (slot 591)
New client connected: fd=601 (slot 592)
New client connected: fd=602 (slot 593)
New client connected: fd=603 (slot 594)
New client connected: fd=604 (slot 595)
New client connected: fd=605 (slot 596)
New client connected: fd=606 (slot 597)
New client connected: fd=607 (slot 598)
New client connected: fd=608 (slot 599)
New client connected: fd=609 (slot 600)
New client connected: fd=610 (slot 601)
New client connected: fd=611 (slot 602)
New client connected: fd=612 (slot 603)
New client connected: fd=613 (slot 604)
New client connected: fd=614 (slot 605)
New client connected: fd=615 (slot 606)
New client connected: fd=616 (slot 607)
New client connected: fd=617 (slot 608)
New client connected: fd=618 (slot 609)
New client connected: fd=619 (slot 610)
New client connected: fd=620 (slot 611)
New client connected: fd=621 (slot 612)
New client connected: fd=622 (slot 613)
New client connected: fd=623 (slot 614)
New client connected: fd=624 (slot 615)
New client connected: fd=625 (slot 616)
New client connected: fd=626 (slot 617)
New client connected: fd=627 (slot 618)
New client connected: fd=628 (slot 619)
New client connected: fd=629 (slot 620)
New client connected: fd=630 (slot 621)
New client connected: fd=631 (slot 622)
New client connected: fd=632 (slot 623)
New client connected: fd=633 (slot 624)
New client connected: fd=634 (slot 625)
New client connected: fd=635 (slot 626)
New client connected: fd=636 (slot 627)
New client connected: fd=637 (slot 628)
New client connected: fd=638 (slot 629)
New client connected: fd=639 (slot 630)
New client connected: fd=640 (slot 631)
New client connected: fd=641 (slot 632)
New client connected: fd=642 (slot 633)
New client connected: fd=643 (slot 634)
New client connected: fd=644 (slot 635)
New client connected: fd=645 (slot 636)
New client connected: fd=646 (slot 637)
New client connected: fd=647 (slot 638)
New client connected: fd=648 (slot 639)
New client connected: fd=649 (slot 640)
New client connected: fd=650 (slot 641)
New client connected: fd=651 (slot 642)
New client connected: fd=652 (slot 643)
New client connected: fd=653 (slot 644)
New client connected: fd=654 (slot 645)
New client connected: fd=655 (slot 646)
New client connected: fd=656 (slot 647)
New client connected: fd=657 (slot 648)
New client connected: fd=658 (slot 649)
New client connected: fd=659 (slot 650)
New client connected: fd=660 (slot 651)
New client connected: fd=661 (slot 652)
New client connected: fd=662 (slot 653)
New client connected: fd=663 (slot 654)
New client connected: fd=664 (slot 655)
New client connected: fd=665 (slot 656)
New client connected: fd=666 (slot 657)
New client connected: fd=667 (slot 658)
New client connected: fd=668 (slot 659)
New client connected: fd=669 (slot 660)
New client connected: fd=670 (slot 661)
New client connected: fd=671 (slot 662)
New client connected: fd=672 (slot 663)
New client connected: fd=673 (slot 664)
New client connected: fd=674 (slot 665)
New client connected: fd=675 (slot 666)
New client connected: fd=676 (slot 667)
New client connected: fd=677 (slot 668)
New client connected: fd=678 (slot 669)
New client connected: fd=679 (slot 670)
New client connected: fd=680 (slot 671)
New client connected: fd=681 (slot 672)
New client connected: fd=682 (slot 673)
New client connected: fd=683 (slot 674)
New client connected: fd=684 (slot 675)
New client connected: fd=685 (slot 676)
New client connected: fd=686 (slot 677)
New client connected: fd=687 (slot 678)
New client connected: fd=688 (slot 679)
New client connected: fd=689 (slot 680)
New client connected: fd=690 (slot 681)
New client connected: fd=691 (slot 682)
New client connected: fd=692 (slot 683)
New client connected: fd=693 (slot 684)
New client connected: fd=694 (slot 685)
New client connected: fd=695 (slot 686)
New client connected: fd=696 (slot 687)
New client connected: fd=697 (slot 688)
New client connected: fd=698 (slot 689)
New client connected: fd=699 (slot 690)
New client connected: fd=700 (slot 691)
New client connected: fd=701 (slot 692)
New client connected: fd=702 (slot 693)
New client connected: fd=703 (slot 694)
New client connected: fd=704 (slot 695)
New client connected: fd=705 (slot 696)
New client connected: fd=706 (slot 697)
New client connected: fd=707 (slot 698)
New client connected: fd=708 (slot 699)
New client connected: fd=709 (slot 700)
New client connected: fd=710 (slot 701)
New client connected: fd=711 (slot 702)
New client connected: fd=712 (slot 703)
New client connected: fd=713 (slot 704)
New client connected: fd=714 (slot 705)
New client connected: fd=715 (slot 706)
New client connected: fd=716 (slot 707)
New client connected: fd=717 (slot 708)
New client connected: fd=718 (slot 709)
New client connected: fd=719 (slot 710)
New client connected: fd=720 (slot 711)
New client connected: fd=721 (slot 712)
New client connected: fd=722 (slot 713)
New client connected: fd=723 (slot 714)
New client connected: fd=724 (slot 715)
New client connected: fd=725 (slot 716)
New client connected: fd=726 (slot 717)
New client connected: fd=727 (slot 7Outbound buffer overflow on client_fd 376
Outbound buffer overflow on client_fd 377
Outbound buffer overflow on client_fd 378
Outbound buffer overflow on client_fd 379
Outbound buffer overflow on client_fd 380
Outbound buffer overflow on client_fd 381
Outbound buffer overflow on client_fd 382
Outbound buffer overflow on client_fd 383
Outbound buffer overflow on client_fd 384
Outbound buffer overflow on client_fd 385
Outbound buffer overflow on client_fd 386
Outbound buffer overflow on client_fd 387
Outbound buffer overflow on client_fd 388
Outbound buffer overflow on client_fd 389
Outbound buffer overflow on client_fd 390
Outbound buffer overflow on client_fd 391
Outbound buffer overflow on client_fd 392
Outbound buffer overflow on client_fd 393
Outbound buffer overflow on client_fd 394
Outbound buffer overflow on client_fd 395
Outbound buffer overflow on client_fd 396
Outbound buffer overflow on client_fd 397
Outbound buffer overflow on client_fd 398
Outbound buffer overflow on client_fd 399
Outbound buffer overflow on client_fd 400
Outbound buffer overflow on client_fd 401
Outbound buffer overflow on client_fd 402
Outbound buffer overflow on client_fd 403
Outbound buffer overflow on client_fd 404
Outbound buffer overflow on client_fd 405
Outbound buffer overflow on client_fd 406
Outbound buffer overflow on client_fd 407
Outbound buffer overflow on client_fd 408
Outbound buffer overflow on client_fd 409
Outbound buffer overflow on client_fd 438
Outbound buffer overflow on client_fd 439
Outbound buffer overflow on client_fd 440
Outbound buffer overflow on client_fd 441
Outbound buffer overflow on client_fd 442
Outbound buffer overflow on client_fd 443
Outbound buffer overflow on client_fd 444
Outbound buffer overflow on client_fd 462
Outbound buffer overflow on client_fd 463
Outbound buffer overflow on client_fd 464
Outbound buffer overflow on client_fd 465
Outbound buffer overflow on client_fd 466
Outbound buffer overflow on client_fd 467
Outbound buffer overflow on client_fd 468
Outbound buffer overflow on client_fd 469
Outbound buffer overflow on client_fd 479
Outbound buffer overflow on client_fd 480
Outbound buffer overflow on client_fd 481
Outbound buffer overflow on client_fd 482
Outbound buffer overflow on client_fd 484
Outbound buffer overflow on client_fd 485
Outbound buffer overflow on client_fd 486
Outbound buffer overflow on client_fd 487
Outbound buffer overflow on client_fd 488
Outbound buffer overflow on client_fd 489
Outbound buffer overflow on client_fd 490
Outbound buffer overflow on client_fd 491
Outbound buffer overflow on client_fd 492
Outbound buffer overflow on client_fd 493
Outbound buffer overflow on client_fd 498
Outbound buffer overflow on client_fd 499
Outbound buffer overflow on client_fd 500
Outbound buffer overflow on client_fd 501
Outbound buffer overflow on client_fd 503
Outbound buffer overflow on client_fd 504
Outbound buffer overflow on client_fd 505
Outbound buffer overflow on client_fd 506
Outbound buffer overflow on client_fd 507
Outbound buffer overflow on client_fd 508
Outbound buffer overflow on client_fd 509
Outbound buffer overflow on client_fd 510
Outbound buffer overflow on client_fd 512
Outbound buffer overflow on client_fd 513
Outbound buffer overflow on client_fd 514
Outbound buffer overflow on client_fd 515
Outbound buffer overflow on client_fd 516
Outbound buffer overflow on client_fd 517
Outbound buffer overflow on client_fd 518
Outbound buffer overflow on client_fd 519
Outbound buffer overflow on client_fd 520
Outbound buffer overflow on client_fd 521
Outbound buffer overflow on client_fd 522
Outbound buffer overflow on client_fd 523
Outbound buffer overflow on client_fd 524
Outbound buffer overflow on client_fd 525
Outbound buffer overflow on client_fd 526
Outbound buffer overflow on client_fd 527
Outbound buffer overflow on client_fd 528
Outbound buffer overflow on client_fd 529
Outbound buffer overflow on client_fd 530
Outbound buffer overflow on client_fd 531
Outbound buffer overflow on client_fd 537
Outbound buffer overflow on client_fd 538
Outbound buffer overflow on client_fd 539
Outbound buffer overflow on client_fd 540
Outbound buffer overflow on client_fd 542
Outbound buffer overflow on client_fd 543
Outbound buffer overflow on client_fd 544
Outbound buffer overflow on client_fd 19
Outbound buffer overflow on client_fd 27
Outbound buffer overflow on client_fd 83
Outbound buffer overflow on client_fd 125
Outbound buffer overflow on client_fd 253
Outbound buffer overflow on client_fd 254
Outbound buffer overflow on client_fd 255
Outbound buffer overflow on client_fd 256
Outbound buffer overflow on client_fd 257
Outbound buffer overflow on client_fd 258
Outbound buffer overflow on client_fd 259
Outbound buffer overflow on client_fd 260
Outbound buffer overflow on client_fd 261
Outbound buffer overflow on client_fd 262
Outbound buffer overflow on client_fd 263
Outbound buffer overflow on client_fd 445
Outbound buffer overflow on client_fd 446
Outbound buffer overflow on client_fd 449
Outbound buffer overflow on client_fd 450
18)
New client connected: fd=728 (slot 719)
New client connected: fd=729 (slot 720)
New client connected: fd=730 (slot 721)
New client connected: fd=731 (slot 722)
New client connected: fd=732 (slot 723)
New client connected: fd=733 (slot 724)
New client connected: fd=734 (slot 725)
New client connected: fd=735 (slot 726)
New client connected: fd=736 (slot 727)
New client connected: fd=737 (slot 728)
New client connected: fd=738 (slot 729)
New client connected: fd=739 (slot 730)
New client connected: fd=740 (slot 731)
New client connected: fd=741 (slot 732)
New client connected: fd=742 (slot 733)
New client connected: fd=743 (slot 734)
New client connected: fd=744 (slot 735)
New client connected: fd=745 (slot 736)
New client connected: fd=746 (slot 737)
New client connected: fd=747 (slot 738)
New client connected: fd=748 (slot 739)
New client connected: fd=749 (slot 740)
New client connected: fd=750 (slot 741)
New client connected: fd=751 (slot 742)
New client connected: fd=752 (slot 743)
New client connected: fd=753 (slot 744)
New client connected: fd=376 (slot 711)
New client connected: fd=377 (slot 712)
New client connected: fd=378 (slot 713)
New client connected: fd=379 (slot 714)
New client connected: fd=380 (slot 715)
New client connected: fd=381 (slot 716)
New client connected: fd=382 (slot 717)
New client connected: fd=383 (slot 718)
New client connected: fd=384 (slot 719)
New client connected: fd=385 (slot 720)
New client connected: fd=386 (slot 721)
New client connected: fd=387 (slot 722)
New client connected: fd=388 (slot 723)
New client connected: fd=389 (slot 724)
New client connected: fd=390 (slot 725)
New client connected: fd=391 (slot 726)
New client connected: fd=392 (slot 727)
New client connected: fd=393 (slot 728)
New client connected: fd=394 (slot 729)
New client connected: fd=395 (slot 730)
New client connected: fd=396 (slot 731)
New client connected: fd=397 (slot 732)
New client connected: fd=398 (slot 733)
New client connected: fd=399 (slot 734)
New client connected: fd=400 (slot 735)
New client connected: fd=401 (slot 736)
New client connected: fd=402 (slot 737)
New client connected: fd=403 (slot 738)
New client connected: fd=404 (slot 739)
New client connected: fd=405 (slot 740)
New client connected: fd=406 (slot 741)
New client connected: fd=407 (slot 742)
New client connected: fd=408 (slot 743)
New client connected: fd=409 (slot 744)
New client connected: fd=754 (slot 745)
New client connected: fd=755 (slot 746)
New client connected: fd=756 (slot 747)
New client connected: fd=757 (slot 748)
New client connected: fd=758 (slot 749)
New client connected: fd=759 (slot 750)
New client connected: fd=760 (slot 751)
New client connected: fd=761 (slot 752)
New client connected: fd=762 (slot 753)
New client connected: fd=763 (slot 754)
New client connected: fd=764 (slot 755)
New client connected: fd=765 (slot 756)
New client connected: fd=438 (slot 754)
New client connected: fd=439 (slot 755)
New client connected: fd=440 (slot 756)
New client connected: fd=766 (slot 757)
New client connected: fd=767 (slot 758)
New client connected: fd=768 (slot 759)
New client connected: fd=441 (slot 698)
New client connected: fd=442 (slot 699)
New client connected: fd=443 (slot 700)
New client connected: fd=444 (slot 701)
New client connected: fd=462 (slot 702)
New client connected: fd=463 (slot 703)
New client connected: fd=464 (slot 704)
New client connected: fd=465 (slot 705)
New client connected: fd=466 (slot 706)
New client connected: fd=467 (slot 707)
New client connected: fd=468 (slot 708)
New client connected: fd=469 (slot 706)
New client connected: fd=479 (slot 707)
New client connected: fd=480 (slot 708)
New client connected: fd=481 (slot 709)
New client connected: fd=482 (slot 710)
New client connected: fd=484 (slot 711)
New client connected: fd=19 (slot 693)
New client connected: fd=27 (slot 694)
New client connected: fd=83 (slot 695)
New client connected: fd=125 (slot 696)
New client connected: fd=253 (slot 697)
New client connected: fd=254 (slot 698)
New client connected: fd=255 (slot 699)
New client connOutbound buffer overflow on client_fd 52
Outbound buffer overflow on client_fd 82
Outbound buffer overflow on client_fd 93
Outbound buffer overflow on client_fd 156
Outbound buffer overflow on client_fd 236
Outbound buffer overflow on client_fd 237
Outbound buffer overflow on client_fd 238
Outbound buffer overflow on client_fd 243
Outbound buffer overflow on client_fd 244
Outbound buffer overflow on client_fd 39
Outbound buffer overflow on client_fd 102
Outbound buffer overflow on client_fd 104
Outbound buffer overflow on client_fd 126
Outbound buffer overflow on client_fd 127
Outbound buffer overflow on client_fd 157
Outbound buffer overflow on client_fd 158
Outbound buffer overflow on client_fd 195
Outbound buffer overflow on client_fd 196
Outbound buffer overflow on client_fd 197
Outbound buffer overflow on client_fd 296
Outbound buffer overflow on client_fd 297
Outbound buffer overflow on client_fd 298
Outbound buffer overflow on client_fd 299
Outbound buffer overflow on client_fd 550
Outbound buffer overflow on client_fd 551
Outbound buffer overflow on client_fd 552
Outbound buffer overflow on client_fd 553
Outbound buffer overflow on client_fd 554
Outbound buffer overflow on client_fd 555
Outbound buffer overflow on client_fd 556
Outbound buffer overflow on client_fd 557
Outbound buffer overflow on client_fd 558
Outbound buffer overflow on client_fd 559
Outbound buffer overflow on client_fd 560
Outbound buffer overflow on client_fd 561
Outbound buffer overflow on client_fd 562
Outbound buffer overflow on client_fd 84
Outbound buffer overflow on client_fd 12
Outbound buffer overflow on client_fd 54
Outbound buffer overflow on client_fd 76
Outbound buffer overflow on client_fd 272
Outbound buffer overflow on client_fd 300
Outbound buffer overflow on client_fd 301
Outbound buffer overflow on client_fd 313
Outbound buffer overflow on client_fd 314
Outbound buffer overflow on client_fd 315
Outbound buffer overflow on client_fd 316
Outbound buffer overflow on client_fd 154
Outbound buffer overflow on client_fd 155
Outbound buffer overflow on client_fd 193
Outbound buffer overflow on client_fd 194
Outbound buffer overflow on client_fd 273
Outbound buffer overflow on client_fd 274
Outbound buffer overflow on client_fd 275
Outbound buffer overflow on client_fd 276
Outbound buffer overflow on client_fd 277
Outbound buffer overflow on client_fd 278
Outbound buffer overflow on client_fd 279
Outbound buffer overflow on client_fd 280
Outbound buffer overflow on client_fd 281
Outbound buffer overflow on client_fd 282
Outbound buffer overflow on client_fd 287
Outbound buffer overflow on client_fd 288
Outbound buffer overflow on client_fd 423
Outbound buffer overflow on client_fd 424
Outbound buffer overflow on client_fd 425
Outbound buffer overflow on client_fd 426
Outbound buffer overflow on client_fd 427
Outbound buffer overflow on client_fd 428
Outbound buffer overflow on client_fd 429
Outbound buffer overflow on client_fd 434
Outbound buffer overflow on client_fd 435
Outbound buffer overflow on client_fd 436
Outbound buffer overflow on client_fd 437
Outbound buffer overflow on client_fd 87
Outbound buffer overflow on client_fd 178
Outbound buffer overflow on client_fd 179
Outbound buffer overflow on client_fd 223
Outbound buffer overflow on client_fd 224
Outbound buffer overflow on client_fd 225
Outbound buffer overflow on client_fd 283
Outbound buffer overflow on client_fd 284
Outbound buffer overflow on client_fd 285
Outbound buffer overflow on client_fd 286
Outbound buffer overflow on client_fd 306
Outbound buffer overflow on client_fd 307
Outbound buffer overflow on client_fd 308
Outbound buffer overflow on client_fd 309
Outbound buffer overflow on client_fd 310
Outbound buffer overflow on client_fd 311
Outbound buffer overflow on client_fd 312
Outbound buffer overflow on client_fd 319
Outbound buffer overflow on client_fd 320
Outbound buffer overflow on client_fd 321
Outbound buffer overflow on client_fd 322
Outbound buffer overflow on client_fd 5
Outbound buffer overflow on client_fd 6
Outbound buffer overflow on client_fd 25
Outbound buffer overflow on client_fd 33
Outbound buffer overflow on client_fd 86
Outbound buffer overflow on client_fd 121
Outbound buffer overflow on client_fd 148
Outbound buffer overflow on client_fd 149
Outbound buffer overflow on client_fd 252
Outbound buffer overflow on client_fd 23
Outbound buffer overflow on client_fd 56
Outbound buffer overflow on client_fd 116
Outbound buffer overflow on client_fd 171
Outbound buffer overflow on client_fd 172
Outbound buffer overflow on client_fd 173
Outbound buffer overflow on client_fd 14
Outbound buffer overflow on client_fd 62
Outbound buffer overflow on client_fd 117
Outbound buffer overflow on client_fd 139
Outbound buffer overflow on client_fd 140
Outbound buffer overflow on client_fd 174
Outbound buffer overflow on client_fd 175
Outbound buffer overflow on client_fd 48
Outbound buffer overflow on client_fd 63
Outbound buffer overflow on client_fd 64
Outbound buffer overflow on client_fd 217
Outbound buffer overflow on client_fd 218
Outbound buffer overflow on client_fd 219
Outbound buffer overflow on client_fd 32
Outbound buffer overflow on client_fd 49
Outbound buffer overflow on client_fd 50
Outbound buffer overflow on client_fd 61
Outbound buffer overflow on client_fd 135
Outbound buffer overflow on client_fd 136
Outbound buffer overflow on client_fd 176
Outbound buffer overflow on client_fd 177
Outbound buffer overflow on client_fd 220
Outbound buffer overflow on client_fd 221
Outbound buffer overflow on client_fd 222
Outbound buffer overflow on client_fd 7
Outbound buffer overflow on client_fd 10
Outbound buffer overflow on client_fd 34
Outbound buffer overflow on client_fd 111
Outbound buffer overflow on client_fd 31
Outbound buffer overflow on client_fd 47
Outbound buffer overflow on client_fd 94
ected: fd=256 (slot 700)
New client connected: fd=257 (slot 701)
New client connected: fd=52 (slot 693)
New client connected: fd=82 (slot 694)
New client connected: fd=93 (slot 695)
New client connected: fd=156 (slot 696)
New client connected: fd=236 (slot 697)
New client connected: fd=237 (slot 698)
New client connected: fd=238 (slot 699)
New client connected: fd=39 (slot 673)
New client connected: fd=102 (slot 674)
New client connected: fd=104 (slot 675)
New client connected: fd=126 (slot 676)
New client connected: fd=127 (slot 677)
New client connected: fd=157 (slot 678)
New client connected: fd=158 (slot 679)
New client connected: fd=195 (slot 680)
New client connected: fd=84 (slot 680)
New client connected: fd=196 (slot 681)
New client connected: fd=197 (slot 682)
New client connected: fd=243 (slot 683)
New client connected: fd=244 (slot 684)
New client connected: fd=258 (slot 685)
New client connected: fd=259 (slot 686)
New client connected: fd=12 (slot 677)
New client connected: fd=54 (slot 678)
New client connected: fd=76 (slot 679)
New client connected: fd=260 (slot 680)
New client connected: fd=261 (slot 681)
New client connected: fd=262 (slot 682)
New client connected: fd=263 (slot 683)
New client connected: fd=272 (slot 684)
New client connected: fd=296 (slot 685)
New client connected: fd=154 (slot 659)
New client connected: fd=155 (slot 660)
New client connected: fd=193 (slot 661)
New client connected: fd=194 (slot 662)
New client connected: fd=273 (slot 663)
New client connected: fd=274 (slot 664)
New client connected: fd=275 (slot 665)
New client connected: fd=276 (slot 666)
New client connected: fd=277 (slot 667)
New client connected: fd=87 (slot 647)
New client connected: fd=178 (slot 648)
New client connected: fd=179 (slot 649)
New client connected: fd=223 (slot 650)
New client connected: fd=224 (slot 651)
New client connected: fd=225 (slot 652)
New client connected: fd=5 (slot 644)
New client connected: fd=6 (slot 645)
New client connected: fd=25 (slot 646)
New client connected: fd=33 (slot 647)
New client connected: fd=86 (slot 648)
New client connected: fd=121 (slot 649)
New client connected: fd=148 (slot 650)
New client connected: fd=149 (slot 651)
New client connected: fd=252 (slot 652)
New client connected: fd=23 (slot 647)
New client connected: fd=56 (slot 648)
New client connected: fd=116 (slot 649)
New client connected: fd=171 (slot 650)
New client connected: fd=172 (slot 651)
New client connected: fd=173 (slot 652)
New client connected: fd=278 (slot 653)
New client connected: fd=279 (slot 654)
New client connected: fd=14 (slot 648)
New client connected: fd=62 (slot 649)
New client connected: fd=117 (slot 650)
New client connected: fd=139 (slot 651)
New client connected: fd=140 (slot 652)
New client connected: fd=174 (slot 653)
New client connected: fd=175 (slot 654)
New client connected: fd=48 (slot 649)
New client connected: fd=63 (slot 650)
New client connected: fd=64 (slot 651)
New client connected: fd=217 (slot 652)
New client connected: fd=218 (slot 653)
New client connected: fd=219 (slot 654)
New client connected: fd=280 (slot 655)
New client connected: fd=32 (slot 645)
New client connected: fd=49 (slot 646)
New client connected: fd=50 (slot 647)
New client connected: fd=61 (slot 648)
New client connected: fd=135 (slot 649)
New client connected: fd=136 (slot 650)
New client connected: fd=176 (slot 651)
New client connected: fd=177 (slot 652)
New client connected: fd=7 (slot 649)
New client connected: fd=10 (slot 650)
New client connected: fd=34 (slot 651)
New client connected: fd=111 (slot 652)
New client connected: fd=220 (slot 653)
New client connected: fd=221 (slot 654)
New client connected: fd=222 (slot 655)
New client connected: fd=281 (slot 656)
New client connected: fd=282 (slot 657)
New client connected: fd=283 (slot 658)
New client connected: fd=284 (slot 659)
New client connected: fd=285 (slot 660)
New client connected: fd=286 (slot 661)
New client connected: fd=31 (slot 659)
New client connected: fd=47 (slot 660)
New client connected: fd=94 (slot 661)
New client connected: fd=Outbound buffer overflow on client_fd 77
287 (slot 662)
New client connected: fd=288 (slot 663)
New client connected: fd=297 (slot 664)
New client connected: fd=298 (slot 665)
New client connected: fd=299 (slot 666)
New client connected: fd=300 (slot 667)
New client connected: fd=77 (slot 667)
New client connected: fd=301 (slot 668)
New client connected: fd=306 (slot 669)
New client connected: fd=307 (slot 670)
New client connected: fd=308 (slot 671)
New client connected: fd=309 (slot 672)
New client connected: fd=310 (slot 673)
New client connected: fd=311 (slot 674)
New client connected: fd=312 (slot 675)
New client connected: fd=313 (slot 676)
New client connected: fd=314 (slot 677)
New client connected: fd=315 (slot 678)
New client connected: fd=316 (slot 679)
New client connected: fd=319 (slot 680)
New client connected: fd=320 (slot 681)
New client connected: fd=321 (slot 682)
New client connected: fd=322 (slot 683)
New client connected: fd=423 (slot 684)
New client connected: fd=424 (slot 685)
New client connected: fd=425 (slot 686)
New client connected: fd=426 (slot 687)
New client connected: fd=427 (slot 688)
New client connected: fd=428 (slot 689)
New client connected: fd=429 (slot 690)
New client connected: fd=434 (slot 691)
New client connected: fd=435 (slot 692)
New client connected: fd=436 (slot 693)
New client connected: fd=437 (slot 694)
New client connected: fd=445 (slot 695)
New client connected: fd=446 (slot 696)
New client connected: fd=449 (slot 697)
New client connected: fd=450 (slot 698)
New client connected: fd=485 (slot 699)
New client connected: fd=486 (slot 700)
New client connected: fd=487 (slot 701)
New client connected: fd=488 (slot 702)
New client connected: fd=489 (slot 703)
New client connected: fd=490 (slot 704)
New client connected: fd=491 (slot 705)
New client connected: fd=492 (slot 706)
New client connected: fd=493 (slot 707)
New client connected: fd=498 (slot 708)
New client connected: fd=499 (slot 709)
New client connected: fd=500 (slot 710)
New client connected: fd=501 (slot 711)
New client connected: fd=503 (slot 712)
New client connected: fd=504 (slot 713)
New client connected: fd=505 (slot 714)
New client connected: fd=506 (slot 715)
New client connected: fd=507 (slot 716)
New client connected: fd=508 (slot 717)
New client connected: fd=509 (slot 718)
New client connected: fd=510 (slot 719)
New client connected: fd=512 (slot 720)
New client connected: fd=513 (slot 721)
New client connected: fd=514 (slot 722)
New client connected: fd=515 (slot 723)
New client connected: fd=516 (slot 724)
New client connected: fd=517 (slot 725)
New client connected: fd=518 (slot 726)
New client connected: fd=519 (slot 727)
New client connected: fd=520 (slot 728)
New client connected: fd=521 (slot 729)
New client connected: fd=522 (slot 730)
New client connected: fd=523 (slot 731)
New client connected: fd=524 (slot 732)
New client connected: fd=525 (slot 733)
New client connected: fd=526 (slot 734)
New client connected: fd=527 (slot 735)
New client connected: fd=528 (slot 736)
New client connected: fd=529 (slot 737)
New client connected: fd=530 (slot 738)
New client connected: fd=531 (slot 739)
New client connected: fd=537 (slot 740)
New client connected: fd=538 (slot 741)
New client connected: fd=539 (slot 742)
New client connected: fd=540 (slot 743)
New client connected: fd=542 (slot 744)
New client connected: fd=543 (slot 745)
New client connected: fd=544 (slot 746)
New client connected: fd=550 (slot 747)
New client connected: fd=551 (slot 748)
New client connected: fd=552 (slot 749)
New client connected: fd=553 (slot 750)
New client connected: fd=554 (slot 751)
New client connected: fd=555 (slot 752)
New client connected: fd=556 (slot 753)
New client connected: fd=557 (slot 754)
New client connected: fd=558 (slot 755)
New client connected: fd=559 (slot 756)
New client connected: fd=560 (slot 757)
New client connected: fd=561 (slot 758)
New client connected: fd=562 (slot 759)
New client connected: fd=769 (slot 760)
New client connected: fd=770 (slot 761)
New client connected: fd=771 (slot 762)
New client connected: fd=772 (slot 763)
NeOutbound buffer overflow on client_fd 302
Outbound buffer overflow on client_fd 303
Outbound buffer overflow on client_fd 304
Outbound buffer overflow on client_fd 74
Outbound buffer overflow on client_fd 75
w client connected: fd=773 (slot 764)
New client connected: fd=774 (slot 765)
New client connected: fd=775 (slot 766)
New client connected: fd=776 (slot 767)
New client connected: fd=777 (slot 768)
New client connected: fd=778 (slot 769)
New client connected: fd=779 (slot 770)
New client connected: fd=780 (slot 771)
New client connected: fd=781 (slot 772)
New client connected: fd=302 (slot 770)
New client connected: fd=303 (slot 771)
New client connected: fd=304 (slot 772)
New client connected: fd=782 (slot 773)
New client connected: fd=783 (slot 774)
New client connected: fd=784 (slot 775)
New client connected: fd=785 (slot 776)
New client connected: fd=786 (slot 777)
New client connected: fd=787 (slot 778)
New client connected: fd=788 (slot 779)
New client connected: fd=789 (slot 780)
New client connected: fd=790 (slot 781)
New client connected: fd=791 (slot 782)
New client connected: fd=792 (slot 783)
New client connected: fd=793 (slot 784)
New client connected: fd=794 (slot 785)
New client connected: fd=795 (slot 786)
New client connected: fd=796 (slot 787)
New client connected: fd=797 (slot 788)
New client connected: fd=798 (slot 789)
New client connected: fd=799 (slot 790)
New client connected: fd=800 (slot 791)
New client connected: fd=801 (slot 792)
New client connected: fd=802 (slot 793)
New client connected: fd=803 (slot 794)
New client connected: fd=804 (slot 795)
New client connected: fd=805 (slot 796)
New client connected: fd=806 (slot 797)
New client connected: fd=807 (slot 798)
New client connected: fd=808 (slot 799)
New client connected: fd=809 (slot 800)
New client connected: fd=810 (slot 801)
New client connected: fd=811 (slot 802)
New client connected: fd=812 (slot 803)
New client connected: fd=813 (slot 804)
New client connected: fd=814 (slot 805)
New client connected: fd=815 (slot 806)
New client connected: fd=816 (slot 807)
New client connected: fd=817 (slot 808)
New client connected: fd=818 (slot 809)
New client connected: fd=819 (slot 810)
New client connected: fd=820 (slot 811)
New client connected: fd=821 (slot 812)
New client connected: fd=822 (slot 813)
New client connected: fd=823 (slot 814)
New client connected: fd=824 (slot 815)
New client connected: fd=825 (slot 816)
New client connected: fd=826 (slot 817)
New client connected: fd=827 (slot 818)
New client connected: fd=828 (slot 819)
New client connected: fd=829 (slot 820)
New client connected: fd=830 (slot 821)
New client connected: fd=831 (slot 822)
New client connected: fd=832 (slot 823)
New client connected: fd=833 (slot 824)
New client connected: fd=834 (slot 825)
New client connected: fd=835 (slot 826)
New client connected: fd=836 (slot 827)
New client connected: fd=837 (slot 828)
New client connected: fd=838 (slot 829)
New client connected: fd=839 (slot 830)
New client connected: fd=840 (slot 831)
New client connected: fd=841 (slot 832)
New client connected: fd=842 (slot 833)
New client connected: fd=843 (slot 834)
New client connected: fd=844 (slot 835)
New client connected: fd=845 (slot 836)
New client connected: fd=846 (slot 837)
New client connected: fd=847 (slot 838)
New client connected: fd=848 (slot 839)
New client connected: fd=849 (slot 840)
New client connected: fd=850 (slot 841)
New client connected: fd=851 (slot 842)
New client connected: fd=852 (slot 843)
New client connected: fd=853 (slot 844)
New client connected: fd=854 (slot 845)
New client connected: fd=855 (slot 846)
New client connected: fd=856 (slot 847)
New client connected: fd=857 (slot 848)
New client connected: fd=858 (slot 849)
New client connected: fd=859 (slot 850)
New client connected: fd=860 (slot 851)
New client connected: fd=74 (slot 850)
New client connected: fd=75 (slot 851)
New client connected: fd=861 (slot 852)
New client connected: fd=862 (slot 853)
New client connected: fd=863 (slot 854)
New client connected: fd=864 (slot 855)
New client connected: fd=865 (slot 856)
New client connected: fd=866 (slot 857)
New client connected: fd=867 (slot 858)
New client connected: fd=868 (slot 859)
New client connected: fd=869 (slot 860)
New client connectedOutbound buffer overflow on client_fd 371
Outbound buffer overflow on client_fd 372
Outbound buffer overflow on client_fd 373
Outbound buffer overflow on client_fd 374
Outbound buffer overflow on client_fd 375
Outbound buffer overflow on client_fd 317
Outbound buffer overflow on client_fd 318
Outbound buffer overflow on client_fd 326
Outbound buffer overflow on client_fd 327
Outbound buffer overflow on client_fd 328
Outbound buffer overflow on client_fd 329
Outbound buffer overflow on client_fd 330
Outbound buffer overflow on client_fd 331
Outbound buffer overflow on client_fd 332
Outbound buffer overflow on client_fd 333
Outbound buffer overflow on client_fd 334
: fd=870 (slot 861)
New client connected: fd=871 (slot 862)
New client connected: fd=872 (slot 863)
New client connected: fd=873 (slot 864)
New client connected: fd=874 (slot 865)
New client connected: fd=875 (slot 866)
New client connected: fd=876 (slot 867)
New client connected: fd=877 (slot 868)
New client connected: fd=878 (slot 869)
New client connected: fd=879 (slot 870)
New client connected: fd=880 (slot 871)
New client connected: fd=881 (slot 872)
New client connected: fd=882 (slot 873)
New client connected: fd=883 (slot 874)
New client connected: fd=884 (slot 875)
New client connected: fd=885 (slot 876)
New client connected: fd=886 (slot 877)
New client connected: fd=887 (slot 878)
New client connected: fd=888 (slot 879)
New client connected: fd=889 (slot 880)
New client connected: fd=890 (slot 881)
New client connected: fd=891 (slot 882)
New client connected: fd=892 (slot 883)
New client connected: fd=893 (slot 884)
New client connected: fd=894 (slot 885)
New client connected: fd=895 (slot 886)
New client connected: fd=896 (slot 887)
New client connected: fd=897 (slot 888)
New client connected: fd=898 (slot 889)
New client connected: fd=899 (slot 890)
New client connected: fd=900 (slot 891)
New client connected: fd=901 (slot 892)
New client connected: fd=902 (slot 893)
New client connected: fd=903 (slot 894)
New client connected: fd=904 (slot 895)
New client connected: fd=905 (slot 896)
New client connected: fd=906 (slot 897)
New client connected: fd=907 (slot 898)
New client connected: fd=908 (slot 899)
New client connected: fd=909 (slot 900)
New client connected: fd=910 (slot 901)
New client connected: fd=911 (slot 902)
New client connected: fd=912 (slot 903)
New client connected: fd=913 (slot 904)
New client connected: fd=914 (slot 905)
New client connected: fd=915 (slot 906)
New client connected: fd=916 (slot 907)
New client connected: fd=917 (slot 908)
New client connected: fd=918 (slot 909)
New client connected: fd=919 (slot 910)
New client connected: fd=920 (slot 911)
New client connected: fd=921 (slot 912)
New client connected: fd=922 (slot 913)
New client connected: fd=923 (slot 914)
New client connected: fd=924 (slot 915)
New client connected: fd=925 (slot 916)
New client connected: fd=926 (slot 917)
New client connected: fd=927 (slot 918)
New client connected: fd=928 (slot 919)
New client connected: fd=929 (slot 920)
New client connected: fd=930 (slot 921)
New client connected: fd=931 (slot 922)
New client connected: fd=932 (slot 923)
New client connected: fd=933 (slot 924)
New client connected: fd=934 (slot 925)
New client connected: fd=935 (slot 926)
New client connected: fd=936 (slot 927)
New client connected: fd=937 (slot 928)
New client connected: fd=938 (slot 929)
New client connected: fd=371 (slot 925)
New client connected: fd=372 (slot 926)
New client connected: fd=373 (slot 927)
New client connected: fd=374 (slot 928)
New client connected: fd=375 (slot 929)
New client connected: fd=939 (slot 930)
New client connected: fd=940 (slot 931)
New client connected: fd=941 (slot 932)
New client connected: fd=942 (slot 933)
New client connected: fd=943 (slot 934)
New client connected: fd=944 (slot 935)
New client connected: fd=945 (slot 936)
New client connected: fd=946 (slot 937)
New client connected: fd=317 (slot 936)
New client connected: fd=318 (slot 937)
New client connected: fd=947 (slot 938)
New client connected: fd=948 (slot 939)
New client connected: fd=949 (slot 940)
New client connected: fd=950 (slot 941)
New client connected: fd=951 (slot 942)
New client connected: fd=952 (slot 943)
New client connected: fd=953 (slot 944)
New client connected: fd=954 (slot 945)
New client connected: fd=955 (slot 946)
New client connected: fd=956 (slot 947)
New client connected: fd=957 (slot 948)
New client connected: fd=958 (slot 949)
New client connected: fd=959 (slot 950)
New client connected: fd=326 (slot 942)
New client connected: fd=327 (slot 943)
New client connected: fd=328 (slot 944)
New client connected: fd=329 (slot 945)
New client connected: fd=330 (slot 946)
New client connected: fd=331 (slot 9Outbound buffer overflow on client_fd 335
Outbound buffer overflow on client_fd 336
Outbound buffer overflow on client_fd 337
Outbound buffer overflow on client_fd 338
Outbound buffer overflow on client_fd 339
Outbound buffer overflow on client_fd 340
Outbound buffer overflow on client_fd 341
Outbound buffer overflow on client_fd 342
Outbound buffer overflow on client_fd 343
Outbound buffer overflow on client_fd 344
Outbound buffer overflow on client_fd 345
Outbound buffer overflow on client_fd 346
Outbound buffer overflow on client_fd 347
Outbound buffer overflow on client_fd 348
Outbound buffer overflow on client_fd 349
Outbound buffer overflow on client_fd 350
Outbound buffer overflow on client_fd 351
Outbound buffer overflow on client_fd 265
Outbound buffer overflow on client_fd 266
Outbound buffer overflow on client_fd 267
Outbound buffer overflow on client_fd 270
Outbound buffer overflow on client_fd 271
Outbound buffer overflow on client_fd 352
Outbound buffer overflow on client_fd 353
Outbound buffer overflow on client_fd 354
Outbound buffer overflow on client_fd 355
47)
New client connected: fd=332 (slot 948)
New client connected: fd=333 (slot 949)
New client connected: fd=334 (slot 950)
New client connected: fd=960 (slot 951)
New client connected: fd=961 (slot 952)
New client connected: fd=962 (slot 953)
New client connected: fd=963 (slot 954)
New client connected: fd=964 (slot 955)
New client connected: fd=965 (slot 956)
New client connected: fd=966 (slot 957)
New client connected: fd=335 (slot 956)
New client connected: fd=336 (slot 957)
New client connected: fd=967 (slot 958)
New client connected: fd=968 (slot 959)
New client connected: fd=969 (slot 960)
New client connected: fd=970 (slot 961)
New client connected: fd=971 (slot 962)
New client connected: fd=972 (slot 963)
New client connected: fd=973 (slot 964)
New client connected: fd=974 (slot 965)
New client connected: fd=975 (slot 966)
New client connected: fd=976 (slot 967)
New client connected: fd=977 (slot 968)
New client connected: fd=337 (slot 965)
New client connected: fd=338 (slot 966)
New client connected: fd=339 (slot 967)
New client connected: fd=340 (slot 968)
New client connected: fd=978 (slot 969)
New client connected: fd=979 (slot 970)
New client connected: fd=980 (slot 971)
New client connected: fd=981 (slot 972)
New client connected: fd=982 (slot 973)
New client connected: fd=983 (slot 974)
New client connected: fd=984 (slot 975)
New client connected: fd=985 (slot 976)
New client connected: fd=986 (slot 977)
New client connected: fd=987 (slot 978)
New client connected: fd=988 (slot 979)
New client connected: fd=341 (slot 976)
New client connected: fd=342 (slot 977)
New client connected: fd=343 (slot 978)
New client connected: fd=344 (slot 979)
New client connected: fd=989 (slot 980)
New client connected: fd=990 (slot 981)
New client connected: fd=991 (slot 982)
New client connected: fd=992 (slot 983)
New client connected: fd=993 (slot 984)
New client connected: fd=994 (slot 985)
New client connected: fd=995 (slot 986)
New client connected: fd=996 (slot 987)
New client connected: fd=997 (slot 988)
New client connected: fd=998 (slot 989)
New client connected: fd=999 (slot 990)
New client connected: fd=1000 (slot 991)
New client connected: fd=1001 (slot 992)
New client connected: fd=1002 (slot 993)
New client connected: fd=1003 (slot 994)
New client connected: fd=345 (slot 993)
New client connected: fd=346 (slot 994)
New client connected: fd=1004 (slot 995)
New client connected: fd=1005 (slot 996)
New client connected: fd=1006 (slot 997)
New client connected: fd=1007 (slot 998)
New client connected: fd=1008 (slot 999)
New client connected: fd=1009 (slot 1000)
New client connected: fd=1010 (slot 1001)
New client connected: fd=1011 (slot 1002)
New client connected: fd=1012 (slot 1003)
New client connected: fd=1013 (slot 1004)
New client connected: fd=1014 (slot 1005)
New client connected: fd=1015 (slot 1006)
New client connected: fd=347 (slot 1002)
New client connected: fd=348 (slot 1003)
New client connected: fd=349 (slot 1004)
New client connected: fd=265 (slot 996)
New client connected: fd=266 (slot 997)
New client connected: fd=267 (slot 998)
New client connected: fd=270 (slot 999)
New client connected: fd=271 (slot 1000)
New client connected: fd=350 (slot 1001)
New client connected: fd=351 (slot 1002)
New client connected: fd=352 (slot 1003)
New client connected: fd=353 (slot 1004)
New client connected: fd=354 (slot 1005)
New client connected: fd=355 (slot 1006)
New client connected: fd=1016 (slot 1007)
New client connected: fd=1017 (slot 1008)
New client connected: fd=1018 (slot 1009)
New client connected: fd=1019 (slot 1010)
New client connected: fd=1020 (slot 1011)
New client connected: fd=1021 (slot 1012)
New client connected: fd=1022 (slot 1013)
New client connected: fd=1023 (slot 1014)
New client connected: fd=1024 (slot 1015)
New client connected: fd=1025 (slot 1016)
New client connected: fd=1026 (slot 1017)
New client connected: fd=1027 (slot 1018)
New client connected: fd=1028 (slot 1019)
New client connected: fd=1029 (slot 1020)
New client connected: fd=1030 (slot 1021)
New client connected: fd=1031Outbound buffer overflow on client_fd 323
Outbound buffer overflow on client_fd 324
Outbound buffer overflow on client_fd 325
 (slot 1022)
New client connected: fd=1032 (slot 1023)
New client connected: fd=1033 (slot 1024)
New client connected: fd=1034 (slot 1025)
New client connected: fd=1035 (slot 1026)
New client connected: fd=1036 (slot 1027)
New client connected: fd=1037 (slot 1028)
New client connected: fd=1038 (slot 1029)
New client connected: fd=1039 (slot 1030)
New client connected: fd=1040 (slot 1031)
New client connected: fd=1041 (slot 1032)
New client connected: fd=1042 (slot 1033)
New client connected: fd=1043 (slot 1034)
New client connected: fd=1044 (slot 1035)
New client connected: fd=1045 (slot 1036)
New client connected: fd=1046 (slot 1037)
New client connected: fd=1047 (slot 1038)
New client connected: fd=1048 (slot 1039)
New client connected: fd=1049 (slot 1040)
New client connected: fd=1050 (slot 1041)
New client connected: fd=1051 (slot 1042)
New client connected: fd=1052 (slot 1043)
New client connected: fd=1053 (slot 1044)
New client connected: fd=1054 (slot 1045)
New client connected: fd=1055 (slot 1046)
New client connected: fd=1056 (slot 1047)
New client connected: fd=1057 (slot 1048)
New client connected: fd=1058 (slot 1049)
New client connected: fd=1059 (slot 1050)
New client connected: fd=1060 (slot 1051)
New client connected: fd=1061 (slot 1052)
New client connected: fd=1062 (slot 1053)
New client connected: fd=1063 (slot 1054)
New client connected: fd=1064 (slot 1055)
New client connected: fd=1065 (slot 1056)
New client connected: fd=1066 (slot 1057)
New client connected: fd=1067 (slot 1058)
New client connected: fd=1068 (slot 1059)
New client connected: fd=1069 (slot 1060)
New client connected: fd=1070 (slot 1061)
New client connected: fd=1071 (slot 1062)
New client connected: fd=1072 (slot 1063)
New client connected: fd=1073 (slot 1064)
New client connected: fd=1074 (slot 1065)
New client connected: fd=1075 (slot 1066)
New client connected: fd=1076 (slot 1067)
New client connected: fd=1077 (slot 1068)
New client connected: fd=1078 (slot 1069)
New client connected: fd=1079 (slot 1070)
New client connected: fd=1080 (slot 1071)
New client connected: fd=1081 (slot 1072)
New client connected: fd=1082 (slot 1073)
New client connected: fd=1083 (slot 1074)
New client connected: fd=1084 (slot 1075)
New client connected: fd=1085 (slot 1076)
New client connected: fd=1086 (slot 1077)
New client connected: fd=1087 (slot 1078)
New client connected: fd=1088 (slot 1079)
New client connected: fd=1089 (slot 1080)
New client connected: fd=1090 (slot 1081)
New client connected: fd=1091 (slot 1082)
New client connected: fd=1092 (slot 1083)
New client connected: fd=1093 (slot 1084)
New client connected: fd=1094 (slot 1085)
New client connected: fd=323 (slot 1085)
New client connected: fd=1095 (slot 1086)
New client connected: fd=1096 (slot 1087)
New client connected: fd=1097 (slot 1088)
New client connected: fd=1098 (slot 1089)
New client connected: fd=1099 (slot 1090)
New client connected: fd=1100 (slot 1091)
New client connected: fd=1101 (slot 1092)
New client connected: fd=1102 (slot 1093)
New client connected: fd=1103 (slot 1094)
New client connected: fd=1104 (slot 1095)
New client connected: fd=1105 (slot 1096)
New client connected: fd=1106 (slot 1097)
New client connected: fd=1107 (slot 1098)
New client connected: fd=1108 (slot 1099)
New client connected: fd=1109 (slot 1100)
New client connected: fd=1110 (slot 1101)
New client connected: fd=324 (slot 1100)
New client connected: fd=325 (slot 1101)
New client connected: fd=1111 (slot 1102)
New client connected: fd=1112 (slot 1103)
New client connected: fd=1113 (slot 1104)
New client connected: fd=1114 (slot 1105)
New client connected: fd=1115 (slot 1106)
New client connected: fd=1116 (slot 1107)
New client connected: fd=1117 (slot 1108)
New client connected: fd=1118 (slot 1109)
New client connected: fd=1119 (slot 1110)
New client connected: fd=1120 (slot 1111)
New client connected: fd=1121 (slot 1112)
New client connected: fd=1122 (slot 1113)
New client connected: fd=1123 (slot 1114)
New client connected: fd=1124 (slot 1115)
New client connected: fd=1125 (slot 1116)
New client cOutbound buffer overflow on client_fd 356
Outbound buffer overflow on client_fd 357
Outbound buffer overflow on client_fd 358
Outbound buffer overflow on client_fd 359
onnected: fd=1126 (slot 1117)
New client connected: fd=1127 (slot 1118)
New client connected: fd=1128 (slot 1119)
New client connected: fd=1129 (slot 1120)
New client connected: fd=1130 (slot 1121)
New client connected: fd=1131 (slot 1122)
New client connected: fd=1132 (slot 1123)
New client connected: fd=1133 (slot 1124)
New client connected: fd=1134 (slot 1125)
New client connected: fd=1135 (slot 1126)
New client connected: fd=1136 (slot 1127)
New client connected: fd=1137 (slot 1128)
New client connected: fd=1138 (slot 1129)
New client connected: fd=1139 (slot 1130)
New client connected: fd=1140 (slot 1131)
New client connected: fd=1141 (slot 1132)
New client connected: fd=1142 (slot 1133)
New client connected: fd=1143 (slot 1134)
New client connected: fd=1144 (slot 1135)
New client connected: fd=1145 (slot 1136)
New client connected: fd=1146 (slot 1137)
New client connected: fd=1147 (slot 1138)
New client connected: fd=1148 (slot 1139)
New client connected: fd=1149 (slot 1140)
New client connected: fd=1150 (slot 1141)
New client connected: fd=1151 (slot 1142)
New client connected: fd=1152 (slot 1143)
New client connected: fd=1153 (slot 1144)
New client connected: fd=1154 (slot 1145)
New client connected: fd=1155 (slot 1146)
New client connected: fd=356 (slot 1143)
New client connected: fd=357 (slot 1144)
New client connected: fd=358 (slot 1145)
New client connected: fd=359 (slot 1146)
New client connected: fd=1156 (slot 1147)
New client connected: fd=1157 (slot 1148)
New client connected: fd=1158 (slot 1149)
New client connected: fd=1159 (slot 1150)
New client connected: fd=1160 (slot 1151)
New client connected: fd=1161 (slot 1152)
New client connected: fd=1162 (slot 1153)
New client connected: fd=1163 (slot 1154)
New client connected: fd=1164 (slot 1155)
New client connected: fd=1165 (slot 1156)
New client connected: fd=1166 (slot 1157)
New client connected: fd=1167 (slot 1158)
New client connected: fd=1168 (slot 1159)
New client connected: fd=1169 (slot 1160)
New client connected: fd=1170 (slot 1161)
New client connected: fd=1171 (slot 1162)
New client connected: fd=1172 (slot 1163)
New client connected: fd=1173 (slot 1164)
New client connected: fd=1174 (slot 1165)
New client connected: fd=1175 (slot 1166)
New client connected: fd=1176 (slot 1167)
New client connected: fd=1177 (slot 1168)
New client connected: fd=1178 (slot 1169)
New client connected: fd=1179 (slot 1170)
New client connected: fd=1180 (slot 1171)
New client connected: fd=1181 (slot 1172)
New client connected: fd=1182 (slot 1173)
New client connected: fd=1183 (slot 1174)
New client connected: fd=1184 (slot 1175)
New client connected: fd=1185 (slot 1176)
New client connected: fd=1186 (slot 1177)
New client connected: fd=1187 (slot 1178)
New client connected: fd=1188 (slot 1179)
New client connected: fd=1189 (slot 1180)
New client connected: fd=1190 (slot 1181)
New client connected: fd=1191 (slot 1182)
New client connected: fd=1192 (slot 1183)
New client connected: fd=1193 (slot 1184)
New client connected: fd=1194 (slot 1185)
New client connected: fd=1195 (slot 1186)
New client connected: fd=1196 (slot 1187)
New client connected: fd=1197 (slot 1188)
New client connected: fd=1198 (slot 1189)
New client connected: fd=1199 (slot 1190)
New client connected: fd=1200 (slot 1191)
New client connected: fd=1201 (slot 1192)
New client connected: fd=1202 (slot 1193)
New client connected: fd=1203 (slot 1194)
New client connected: fd=1204 (slot 1195)
New client connected: fd=1205 (slot 1196)
New client connected: fd=1206 (slot 1197)
New client connected: fd=1207 (slot 1198)
New client connected: fd=1208 (slot 1199)
New client connected: fd=1209 (slot 1200)
New client connected: fd=1210 (slot 1201)
New client connected: fd=1211 (slot 1202)
New client connected: fd=1212 (slot 1203)
New client connected: fd=1213 (slot 1204)
New client connected: fd=1214 (slot 1205)
New client connected: fd=1215 (slot 1206)
New client connected: fd=1216 (slot 1207)
New client connected: fd=1217 (slot 1208)
New client connected: fd=1218 (slot 1209)
New client connected: fd=1219 (slot 1210)
New client connected: fd=1220 (slot 1211)
New client connected: fd=1221 (slot 1212)
New client connected: fd=1222 (slot 1213)
New client connected: fd=1223 (slot 1214)
New client connected: fd=1224 (slot 1215)
New client connected: fd=1225 (slot 1216)
New client connected: fd=1226 (slot 1217)
New client connected: fd=1227 (slot 1218)
New client connected: fd=1228 (slot 1219)
New client connected: fd=1229 (slot 1220)
New client connected: fd=1230 (slot 1221)
New client connected: fd=1231 (slot 1222)
New client connected: fd=1232 (slot 1223)
New client connected: fd=1233 (slot 1224)
New client connected: fd=1234 (slot 1225)
New client connected: fd=1235 (slot 1226)
New client connected: fd=1236 (slot 1227)
New client connected: fd=1237 (slot 1228)
New client connected: fd=1238 (slot 1229)
New client connected: fd=1239 (slot 1230)
New client connected: fd=1240 (slot 1231)
New client connected: fd=1241 (slot 1232)
New client connected: fd=1242 (slot 1233)
New client connected: fd=1243 (slot 1234)
New client connected: fd=1244 (slot 1235)
New client connected: fd=1245 (slot 1236)
New client connected: fd=1246 (slot 1237)
New client connected: fd=1247 (slot 1238)
New client connected: fd=1248 (slot 1239)
New client connected: fd=1249 (slot 1240)
New client connected: fd=1250 (slot 1241)
New client connected: fd=1251 (slot 1242)
New client connected: fd=1252 (slot 1243)
New client connected: fd=1253 (slot 1244)
New client connected: fd=1254 (slot 1245)
New client connected: fd=1255 (slot 1246)
New client connected: fd=1256 (slot 1247)
New client connected: fd=1257 (slot 1248)
New client connected: fd=1258 (slot 1249)
New client connected: fd=1259 (slot 1250)
New client connected: fd=1260 (slot 1251)
New client connected: fd=1261 (slot 1252)
New client connected: fd=1262 (slot 1253)
New client connected: fd=1263 (slot 1254)
New client connected: fd=1264 (slot 1255)
New client connected: fd=1265 (slot 1256)
New client connected: fd=1266 (slot 1257)
New client connected: fd=1267 (slot 1258)
New client connected: fd=1268 (slot 1259)
New client connected: fd=1269 (slot 1260)
New client connected: fd=1270 (slot 1261)
New client connected: fd=1271 (slot 1262)
New client connected: fd=1272 (slot 1263)
New client connected: fd=1273 (slot 1264)
New client connected: fd=1274 (slot 1265)
New client connected: fd=1275 (slot 1266)
New client connected: fd=1276 (slot 1267)
New client connected: fd=1277 (slot 1268)
New client connected: fd=1278 (slot 1269)
New client connected: fd=1279 (slot 1270)
New client connected: fd=1280 (slot 1271)
New client connected: fd=1281 (slot 1272)
New client connected: fd=1282 (slot 1273)
New client connected: fd=1283 (slot 1274)
New client connected: fd=1284 (slot 1275)
New client connected: fd=1285 (slot 1276)
New client connected: fd=1286 (slot 1277)
New client connected: fd=1287 (slot 1278)
New client connected: fd=1288 (slot 1279)
New client connected: fd=1289 (slot 1280)
New client connected: fd=1290 (slot 1281)
New client connected: fd=1291 (slot 1282)
New client connected: fd=1292 (slot 1283)
New client connected: fd=1293 (slot 1284)
New client connected: fd=1294 (slot 1285)
New client connected: fd=1295 (slot 1286)
New client connected: fd=1296 (slot 1287)
New client connected: fd=1297 (slot 1288)
New client connected: fd=1298 (slot 1289)
New client connected: fd=1299 (slot 1290)
New client connected: fd=1300 (slot 1291)
New client connected: fd=1301 (slot 1292)
New client connected: fd=1302 (slot 1293)
New client connected: fd=1303 (slot 1294)
New client connected: fd=1304 (slot 1295)
New client connected: fd=1305 (slot 1296)
New client connected: fd=1306 (slot 1297)
New client connected: fd=1307 (slot 1298)
New client connected: fd=1308 (slot 1299)
New client connected: fd=1309 (slot 1300)
New client connected: fd=1310 (slot 1301)
New client connected: fd=1311 (slot 1302)
New client connected: fd=1312 (slot 1303)
New client connected: fd=1313 (slot 1304)
New client connected: fd=1314 (slot 1305)
New client connected: fd=1315 (slot 1306)
New client connected: fd=1316 (slot 1307)
New client connected: fd=1317 (slot 1308)
New client connected: fd=1318 (slot 1309)
New client connected: fd=1319 (slot 1310)
New client connected: fd=1320 (slot 1311)
New client connected: fd=1321 (slot 1312)
New client connected: fd=1322 (slot 1313)
New client connected: fd=1323 (slot 1314)
New client connected: fd=1324 (slot 1315)
New client connected: fd=1325 (slot 1316)
New client connected: fd=1326 (slot 1317)
New client connected: fd=1327 (slot 1318)
New client connected: fd=1328 (slot 1319)
New client connected: fd=1329 (slot 1320)
New client connected: fd=1330 (slot 1321)
New client connected: fd=1331 (slot 1322)
New client connected: fd=1332 (slot 1323)
New client connected: fd=1333 (slot 1324)
New client connected: fd=1334 (slot 1325)
New client connected: fd=1335 (slot 1326)
New client connected: fd=1336 (slot 1327)
New client connected: fd=1337 (slot 1328)
New client connected: fd=1338 (slot 1329)
New client connected: fd=1339 (slot 1330)
New client connected: fd=1340 (slot 1331)
New client connected: fd=1341 (slot 1332)
New client connected: fd=1342 (slot 1333)
New client connected: fd=1343 (slot 1334)
New client connected: fd=1344 (slot 1335)
New client connected: fd=1345 (slot 1336)
New client connected: fd=1346 (slot 1337)
New client connected: fd=1347 (slot 1338)
New client connected: fd=1348 (slot 1339)
New client connected: fd=1349 (slot 1340)
New client connected: fd=1350 (slot 1341)
New client connected: fd=1351 (slot 1342)
New client connected: fd=1352 (slot 1343)
New client connected: fd=1353 (slot 1344)
New client connected: fd=1354 (slot 1345)
New client connected: fd=1355 (slot 1346)
New client connected: fd=1356 (slot 1347)
New client connected: fd=1357 (slot 1348)
New client connected: fd=1358 (slot 1349)
New client connected: fd=1359 (slot 1350)
New client connected: fd=1360 (slot 1351)
New client connected: fd=1361 (slot 1352)
New client connected: fd=1362 (slot 1353)
New client connected: fd=1363 (slot 1354)
New client connected: fd=1364 (slot 1355)
New client connected: fd=1365 (slot 1356)
New client connected: fd=1366 (slot 1357)
New client connected: fd=1367 (slot 1358)
New client connected: fd=1368 (slot 1359)
New client connected: fd=1369 (slot 1360)
New client connected: fd=1370 (slot 1361)
New client connected: fd=1371 (slot 1362)
New client connected: fd=1372 (slot 1363)
New client connected: fd=1373 (slot 1364)
New client connected: fd=1374 (slot 1365)
New client connected: fd=1375 (slot 1366)
New client connected: fd=1376 (slot 1367)
New client connected: fd=1377 (slot 1368)
New client connected: fd=1378 (slot 1369)
New client connected: fd=1379 (slot 1370)
New client connected: fd=1380 (slot 1371)
New client connected: fd=1381 (slot 1372)
New client connected: fd=1382 (slot 1373)
New client connected: fd=1383 (slot 1374)
New client connected: fd=1384 (slot 1375)
New client connected: fd=1385 (slot 1376)
New client connected: fd=1386 (slot 1377)
New client connected: fd=1387 (slot 1378)
New client connected: fd=1388 (slot 1379)
New client connected: fd=1389 (slot 1380)
New client connected: fd=1390 (slot 1381)
New client connected: fd=1391 (slot 1382)
New client connected: fd=1392 (slot 1383)
New client connected: fd=1393 (slot 1384)
New client connected: fd=1394 (slot 1385)
New client connected: fd=1395 (slot 1386)
New client connected: fd=1396 (slot 1387)
New client connected: fd=1397 (slot 1388)
New client connected: fd=1398 (slot 1389)
New client connected: fd=1399 (slot 1390)
New client connected: fd=1400 (slot 1391)
New client connected: fd=1401 (slot 1392)
New client connected: fd=1402 (slot 1393)
New client connected: fd=1403 (slot 1394)
New client connected: fd=1404 (slot 1395)
New client connected: fd=1405 (slot 1396)
New client connected: fd=1406 (slot 1397)
New client connected: fd=1407 (slot 1398)
New client connected: fd=1408 (slot 1399)
New client connected: fd=1409 (slot 1400)
New client connected: fd=1410 (slot 1401)
New client connected: fd=1411 (slot 1402)
New client connected: fd=1412 (slot 1403)
New client connected: fd=1413 (slot 1404)
New client connected: fd=1414 (slot 1405Outbound buffer overflow on client_fd 363
Outbound buffer overflow on client_fd 364
Outbound buffer overflow on client_fd 365
Outbound buffer overflow on client_fd 366
Outbound buffer overflow on client_fd 367
Outbound buffer overflow on client_fd 368
Outbound buffer overflow on client_fd 369
Outbound buffer overflow on client_fd 370
)
New client connected: fd=1415 (slot 1406)
New client connected: fd=1416 (slot 1407)
New client connected: fd=1417 (slot 1408)
New client connected: fd=1418 (slot 1409)
New client connected: fd=1419 (slot 1410)
New client connected: fd=1420 (slot 1411)
New client connected: fd=1421 (slot 1412)
New client connected: fd=1422 (slot 1413)
New client connected: fd=1423 (slot 1414)
New client connected: fd=1424 (slot 1415)
New client connected: fd=1425 (slot 1416)
New client connected: fd=1426 (slot 1417)
New client connected: fd=1427 (slot 1418)
New client connected: fd=1428 (slot 1419)
New client connected: fd=1429 (slot 1420)
New client connected: fd=1430 (slot 1421)
New client connected: fd=1431 (slot 1422)
New client connected: fd=1432 (slot 1423)
New client connected: fd=1433 (slot 1424)
New client connected: fd=1434 (slot 1425)
New client connected: fd=1435 (slot 1426)
New client connected: fd=1436 (slot 1427)
New client connected: fd=1437 (slot 1428)
New client connected: fd=1438 (slot 1429)
New client connected: fd=1439 (slot 1430)
New client connected: fd=1440 (slot 1431)
New client connected: fd=1441 (slot 1432)
New client connected: fd=1442 (slot 1433)
New client connected: fd=1443 (slot 1434)
New client connected: fd=1444 (slot 1435)
New client connected: fd=1445 (slot 1436)
New client connected: fd=1446 (slot 1437)
New client connected: fd=1447 (slot 1438)
New client connected: fd=1448 (slot 1439)
New client connected: fd=1449 (slot 1440)
New client connected: fd=1450 (slot 1441)
New client connected: fd=1451 (slot 1442)
New client connected: fd=1452 (slot 1443)
New client connected: fd=1453 (slot 1444)
New client connected: fd=1454 (slot 1445)
New client connected: fd=1455 (slot 1446)
New client connected: fd=1456 (slot 1447)
New client connected: fd=1457 (slot 1448)
New client connected: fd=1458 (slot 1449)
New client connected: fd=1459 (slot 1450)
New client connected: fd=1460 (slot 1451)
New client connected: fd=1461 (slot 1452)
New client connected: fd=1462 (slot 1453)
New client connected: fd=1463 (slot 1454)
New client connected: fd=1464 (slot 1455)
New client connected: fd=1465 (slot 1456)
New client connected: fd=1466 (slot 1457)
New client connected: fd=1467 (slot 1458)
New client connected: fd=1468 (slot 1459)
New client connected: fd=1469 (slot 1460)
New client connected: fd=1470 (slot 1461)
New client connected: fd=1471 (slot 1462)
New client connected: fd=1472 (slot 1463)
New client connected: fd=1473 (slot 1464)
New client connected: fd=1474 (slot 1465)
New client connected: fd=1475 (slot 1466)
New client connected: fd=1476 (slot 1467)
New client connected: fd=1477 (slot 1468)
New client connected: fd=1478 (slot 1469)
New client connected: fd=1479 (slot 1470)
New client connected: fd=1480 (slot 1471)
New client connected: fd=1481 (slot 1472)
New client connected: fd=1482 (slot 1473)
New client connected: fd=1483 (slot 1474)
New client connected: fd=1484 (slot 1475)
New client connected: fd=1485 (slot 1476)
New client connected: fd=1486 (slot 1477)
New client connected: fd=1487 (slot 1478)
New client connected: fd=1488 (slot 1479)
New client connected: fd=1489 (slot 1480)
New client connected: fd=1490 (slot 1481)
New client connected: fd=1491 (slot 1482)
New client connected: fd=1492 (slot 1483)
New client connected: fd=1493 (slot 1484)
New client connected: fd=1494 (slot 1485)
New client connected: fd=1495 (slot 1486)
New client connected: fd=1496 (slot 1487)
New client connected: fd=1497 (slot 1488)
New client connected: fd=1498 (slot 1489)
New client connected: fd=1499 (slot 1490)
New client connected: fd=1500 (slot 1491)
New client connected: fd=1501 (slot 1492)
New client connected: fd=1502 (slot 1493)
New client connected: fd=1503 (slot 1494)
New client connected: fd=1504 (slot 1495)
New client connected: fd=1505 (slot 1496)
New client connected: fd=1506 (slot 1497)
New client connected: fd=1507 (slot 1498)
New client connected: fd=1508 (slot 1499)
New client connected: fd=363 (slot 1492)
New client connected: fd=364 (slot 1493)
New client connected: fd=365 (slot 1494)
New client connected: fOutbound buffer overflow on client_fd 360
Outbound buffer overflow on client_fd 361
Outbound buffer overflow on client_fd 362
Outbound buffer overflow on client_fd 264
Outbound buffer overflow on client_fd 268
Outbound buffer overflow on client_fd 269
Outbound buffer overflow on client_fd 215
Outbound buffer overflow on client_fd 216
Outbound buffer overflow on client_fd 141
Outbound buffer overflow on client_fd 142
Outbound buffer overflow on client_fd 631
Outbound buffer overflow on client_fd 632
Outbound buffer overflow on client_fd 633
Outbound buffer overflow on client_fd 634
Outbound buffer overflow on client_fd 635
Outbound buffer overflow on client_fd 636
Outbound buffer overflow on client_fd 637
Outbound buffer overflow on client_fd 638
Outbound buffer overflow on client_fd 639
Outbound buffer overflow on client_fd 640
Outbound buffer overflow on client_fd 641
Outbound buffer overflow on client_fd 78
Outbound buffer overflow on client_fd 79
Outbound buffer overflow on client_fd 118
Outbound buffer overflow on client_fd 119
Outbound buffer overflow on client_fd 180
Outbound buffer overflow on client_fd 181
Outbound buffer overflow on client_fd 226
Outbound buffer overflow on client_fd 227
Outbound buffer overflow on client_fd 4
Outbound buffer overflow on client_fd 228
Outbound buffer overflow on client_fd 229
Outbound buffer overflow on client_fd 182
Outbound buffer overflow on client_fd 183
Outbound buffer overflow on client_fd 184
Outbound buffer overflow on client_fd 230
Outbound buffer overflow on client_fd 231
Outbound buffer overflow on client_fd 664
Outbound buffer overflow on client_fd 663
Outbound buffer overflow on client_fd 662
Outbound buffer overflow on client_fd 661
Outbound buffer overflow on client_fd 660
Outbound buffer overflow on client_fd 659
Outbound buffer overflow on client_fd 658
Outbound buffer overflow on client_fd 185
Outbound buffer overflow on client_fd 186
Outbound buffer overflow on client_fd 232
Outbound buffer overflow on client_fd 11
Outbound buffer overflow on client_fd 51
Outbound buffer overflow on client_fd 80
Outbound buffer overflow on client_fd 81
Outbound buffer overflow on client_fd 187
Outbound buffer overflow on client_fd 188
Outbound buffer overflow on client_fd 122
Outbound buffer overflow on client_fd 123
Outbound buffer overflow on client_fd 189
Outbound buffer overflow on client_fd 190
Outbound buffer overflow on client_fd 53
send failed: Connection reset by peer
send failed: Connection reset by peer
send failed: Connection reset by peer
send failed: Connection reset by peer
send failed: Connection reset by peer
send failed: Connection reset by peer
send failed: Connection reset by peer
send failed: Connection reset by peer
send failed: Connection reset by peer
send failed: Connection reset by peer
send failed: Connection reset by peer
send failed: Connection reset by peer
send failed: Connection reset by peer
send failed: Connection reset by peer
send failed: Connection reset by peer
send failed: Connection reset by peer
send failed: Connection reset by peer
send failed: Connection reset by peer
send failed: Connection reset by peer
send failed: Connection reset by peer
send failed: Connection reset by peer
send failed: Connection reset by peer
send failed: Connection reset by peer
send failed: Connection reset by peer
send failed: Connection reset by peer
send failed: Connection reset by peer
send failed: Connection reset by peer
send failed: Connection reset by peer
send failed: Connection reset by peer
send failed: Connection reset by peer
send failed: Connection reset by peer
send failed: Connection reset by peer
send failed: Connection reset by peer
send failed: Connection reset by peer
send failed: Connection reset by peer
send failed: Connection reset by peer
send failed: Connection reset by peer
send failed: Connection reset by peer
send failed: Connection reset by peer
send failed: Connection reset by peer
send failed: Connection reset by peer
send failed: Connection reset by peer
send failed: Connection reset by peer
send failed: Connection reset by peer
send failed: Connection reset by peer
send failed: Connection reset by peer
send failed: Connection reset by peer
send failed: Connection reset by peer
send failed: Connection reset by peer
send failed: Connection reset by peer
send failed: Connection reset by peer
send failed: Connection reset by peer
send failed: Connection reset by peer
send failed: Connection reset by peer
send failed: Connection reset by peer
send failed: Connection reset by peer
send failed: Connection reset by peer
send failed: Connection reset by peer
send failed: Connection reset by peer
send failed: Connection reset by peer
send failed: Connection reset by peer
send failed: Connection reset by peer
send failed: Connection reset by peer
send failed: Connection reset by peer
send failed: Connection reset by peer
send failed: Connection reset by peer
send failed: Connection reset by peer
send failed: Connection reset by peer
send failed: Connection reset by peer
send failed: Connection reset by peer
send failed: Connection reset by peer
send failed: Connection reset by peer
send failed: Connection reset by peer
send failed: Connection reset by peer
send failed: Connection reset by peer
send failed: Connection reset by peer
send failed: Connection reset by peer
send failed: Connection reset by peer
send failed: Connection reset by peer
send failed: Connection reset by peer
send failed: Connection reset by peer
send failed: Connection reset by peer
send failed: Connection reset by peer
send failed: Connection reset by peer
send failed: Connection reset by peer
send failed: Connection reset by peer
send failed: Connection reset by peer
send failed: Connection reset by peer
send failed: Connection reset by peer
send failed: Connection reset by peer
send failed: Connection reset by peer
send failed: Connection reset by peer
send failed: Connection reset by peer
send failed: Connection reset by peer
send failed: Connection reset by peer
send failed: Connection reset by peer
send failed: Connection reset by peer
send failed: Connection reset by peer
send failed: Connection reset by peer
send failed: Connection reset by peer
send failed: Connection reset by peer
send failed: Connection reset by peer
send failed: Connection reset by peer
send failed: Connection reset by peer
send failed: Connection reset by peer
send failed: Connection reset by peer
send failed: Connection reset by peer
send failed: Connection reset by peer
send failed: Connection reset by peer
send failed: Connection reset by peer
send failed: Connection reset by peer
send failed: Connection reset by peer
send failed: Connection reset by peer
send failed: Connection reset by peer
send failed: Connection reset by peer
send failed: Connection reset by peer
send failed: Connection reset by peer
send failed: Connection reset by peer
send failed: Connection reset by peer
send failed: Connection reset by peer
send failed: Connection reset by peer
send failed: Connection reset by peer
send failed: Connection reset by peer
send failed: Connection reset by peer
send failed: Connection reset by peer
